[0.477s] [34mcolcon[0m [1;30mDEBUG[0m [32mCommand line arguments: ['/usr/bin/colcon', 'build', '--symlink-install', '--packages-select', 'wifibot_control', 'wifibot_patrol'][0m
[0.477s] [34mcolcon[0m [1;30mDEBUG[0m [32mParsed command line arguments: Namespace(log_base=None, log_level=None, verb_name='build', build_base='build', install_base='install', merge_install=False, symlink_install=True, test_result_base=None, continue_on_error=False, executor='parallel', parallel_workers=4, event_handlers=None, ignore_user_meta=False, metas=['./colcon.meta'], base_paths=['.'], packages_ignore=None, packages_ignore_regex=None, paths=None, packages_up_to=None, packages_up_to_regex=None, packages_above=None, packages_above_and_dependencies=None, packages_above_depth=None, packages_select_by_dep=None, packages_skip_by_dep=None, packages_skip_up_to=None, packages_select_build_failed=False, packages_skip_build_finished=False, packages_select_test_failures=False, packages_skip_test_passed=False, packages_select=['wifibot_control', 'wifibot_patrol'], packages_skip=None, packages_select_regex=None, packages_skip_regex=None, packages_start=None, packages_end=None, allow_overriding=[], cmake_args=None, cmake_target=None, cmake_target_skip_unavailable=False, cmake_clean_cache=False, cmake_clean_first=False, cmake_force_configure=False, ament_cmake_args=None, catkin_cmake_args=None, catkin_skip_building_tests=False, verb_parser=<colcon_defaults.argument_parser.defaults.DefaultArgumentsDecorator object at 0xffffa3bbb730>, verb_extension=<colcon_core.verb.build.BuildVerb object at 0xffffa3b74d90>, main=<bound method BuildVerb.main of <colcon_core.verb.build.BuildVerb object at 0xffffa3b74d90>>)[0m
[1.103s] [34mcolcon.colcon_core.package_discovery[0m [1;30mLevel 1[0m discover_packages(colcon_meta) check parameters
[1.104s] [34mcolcon.colcon_core.package_discovery[0m [1;30mLevel 1[0m discover_packages(recursive) check parameters
[1.104s] [34mcolcon.colcon_core.package_discovery[0m [1;30mLevel 1[0m discover_packages(ignore) check parameters
[1.104s] [34mcolcon.colcon_core.package_discovery[0m [1;30mLevel 1[0m discover_packages(path) check parameters
[1.104s] [34mcolcon.colcon_core.package_discovery[0m [1;30mLevel 1[0m discover_packages(colcon_meta) discover
[1.104s] [34mcolcon.colcon_core.package_discovery[0m [1;30mLevel 1[0m discover_packages(recursive) discover
[1.104s] [34mcolcon.colcon_core.package_discovery[0m [1;30mINFO[0m Crawling recursively for packages in '/home/user/wifibot_ws'
[1.104s] [34mcolcon.colcon_core.package_identification[0m [1;30mLevel 1[0m _identify(.) by extensions ['ignore', 'ignore_ament_install']
[1.105s] [34mcolcon.colcon_core.package_identification[0m [1;30mLevel 1[0m _identify(.) by extension 'ignore'
[1.105s] [34mcolcon.colcon_core.package_identification[0m [1;30mLevel 1[0m _identify(.) by extension 'ignore_ament_install'
[1.105s] [34mcolcon.colcon_core.package_identification[0m [1;30mLevel 1[0m _identify(.) by extensions ['colcon_pkg']
[1.105s] [34mcolcon.colcon_core.package_identification[0m [1;30mLevel 1[0m _identify(.) by extension 'colcon_pkg'
[1.105s] [34mcolcon.colcon_core.package_identification[0m [1;30mLevel 1[0m _identify(.) by extensions ['colcon_meta']
[1.105s] [34mcolcon.colcon_core.package_identification[0m [1;30mLevel 1[0m _identify(.) by extension 'colcon_meta'
[1.106s] [34mcolcon.colcon_core.package_identification[0m [1;30mLevel 1[0m _identify(.) by extensions ['ros']
[1.106s] [34mcolcon.colcon_core.package_identification[0m [1;30mLevel 1[0m _identify(.) by extension 'ros'
[1.297s] [34mcolcon.colcon_core.package_identification[0m [1;30mLevel 1[0m _identify(.) by extensions ['cmake', 'python']
[1.297s] [34mcolcon.colcon_core.package_identification[0m [1;30mLevel 1[0m _identify(.) by extension 'cmake'
[1.298s] [34mcolcon.colcon_core.package_identification[0m [1;30mLevel 1[0m _identify(.) by extension 'python'
[1.298s] [34mcolcon.colcon_core.package_identification[0m [1;30mLevel 1[0m _identify(.) by extensions ['python_setup_py']
[1.298s] [34mcolcon.colcon_core.package_identification[0m [1;30mLevel 1[0m _identify(.) by extension 'python_setup_py'
[1.298s] [34mcolcon.colcon_core.package_identification[0m [1;30mLevel 1[0m _identify(build) by extensions ['ignore', 'ignore_ament_install']
[1.299s] [34mcolcon.colcon_core.package_identification[0m [1;30mLevel 1[0m _identify(build) by extension 'ignore'
[1.299s] [34mcolcon.colcon_core.package_identification[0m [1;30mLevel 1[0m _identify(build) ignored
[1.301s] [34mcolcon.colcon_core.package_identification[0m [1;30mLevel 1[0m _identify(install) by extensions ['ignore', 'ignore_ament_install']
[1.305s] [34mcolcon.colcon_core.package_identification[0m [1;30mLevel 1[0m _identify(install) by extension 'ignore'
[1.306s] [34mcolcon.colcon_core.package_identification[0m [1;30mLevel 1[0m _identify(install) ignored
[1.306s] [34mcolcon.colcon_core.package_identification[0m [1;30mLevel 1[0m _identify(log) by extensions ['ignore', 'ignore_ament_install']
[1.307s] [34mcolcon.colcon_core.package_identification[0m [1;30mLevel 1[0m _identify(log) by extension 'ignore'
[1.307s] [34mcolcon.colcon_core.package_identification[0m [1;30mLevel 1[0m _identify(log) ignored
[1.307s] [34mcolcon.colcon_core.package_identification[0m [1;30mLevel 1[0m _identify(src) by extensions ['ignore', 'ignore_ament_install']
[1.308s] [34mcolcon.colcon_core.package_identification[0m [1;30mLevel 1[0m _identify(src) by extension 'ignore'
[1.308s] [34mcolcon.colcon_core.package_identification[0m [1;30mLevel 1[0m _identify(src) by extension 'ignore_ament_install'
[1.308s] [34mcolcon.colcon_core.package_identification[0m [1;30mLevel 1[0m _identify(src) by extensions ['colcon_pkg']
[1.308s] [34mcolcon.colcon_core.package_identification[0m [1;30mLevel 1[0m _identify(src) by extension 'colcon_pkg'
[1.311s] [34mcolcon.colcon_core.package_identification[0m [1;30mLevel 1[0m _identify(src) by extensions ['colcon_meta']
[1.311s] [34mcolcon.colcon_core.package_identification[0m [1;30mLevel 1[0m _identify(src) by extension 'colcon_meta'
[1.311s] [34mcolcon.colcon_core.package_identification[0m [1;30mLevel 1[0m _identify(src) by extensions ['ros']
[1.311s] [34mcolcon.colcon_core.package_identification[0m [1;30mLevel 1[0m _identify(src) by extension 'ros'
[1.312s] [34mcolcon.colcon_core.package_identification[0m [1;30mLevel 1[0m _identify(src) by extensions ['cmake', 'python']
[1.312s] [34mcolcon.colcon_core.package_identification[0m [1;30mLevel 1[0m _identify(src) by extension 'cmake'
[1.312s] [34mcolcon.colcon_core.package_identification[0m [1;30mLevel 1[0m _identify(src) by extension 'python'
[1.312s] [34mcolcon.colcon_core.package_identification[0m [1;30mLevel 1[0m _identify(src) by extensions ['python_setup_py']
[1.312s] [34mcolcon.colcon_core.package_identification[0m [1;30mLevel 1[0m _identify(src) by extension 'python_setup_py'
[1.313s] [34mcolcon.colcon_core.package_identification[0m [1;30mLevel 1[0m _identify(src/wifibot_bringup) by extensions ['ignore', 'ignore_ament_install']
[1.313s] [34mcolcon.colcon_core.package_identification[0m [1;30mLevel 1[0m _identify(src/wifibot_bringup) by extension 'ignore'
[1.314s] [34mcolcon.colcon_core.package_identification[0m [1;30mLevel 1[0m _identify(src/wifibot_bringup) by extension 'ignore_ament_install'
[1.314s] [34mcolcon.colcon_core.package_identification[0m [1;30mLevel 1[0m _identify(src/wifibot_bringup) by extensions ['colcon_pkg']
[1.314s] [34mcolcon.colcon_core.package_identification[0m [1;30mLevel 1[0m _identify(src/wifibot_bringup) by extension 'colcon_pkg'
[1.314s] [34mcolcon.colcon_core.package_identification[0m [1;30mLevel 1[0m _identify(src/wifibot_bringup) by extensions ['colcon_meta']
[1.314s] [34mcolcon.colcon_core.package_identification[0m [1;30mLevel 1[0m _identify(src/wifibot_bringup) by extension 'colcon_meta'
[1.314s] [34mcolcon.colcon_core.package_identification[0m [1;30mLevel 1[0m _identify(src/wifibot_bringup) by extensions ['ros']
[1.314s] [34mcolcon.colcon_core.package_identification[0m [1;30mLevel 1[0m _identify(src/wifibot_bringup) by extension 'ros'
[1.323s] [34mcolcon.colcon_core.package_identification[0m [1;30mDEBUG[0m [32mPackage 'src/wifibot_bringup' with type 'ros.ament_python' and name 'wifibot_bringup'[0m
[1.323s] [34mcolcon.colcon_core.package_identification[0m [1;30mLevel 1[0m _identify(src/wifibot_control) by extensions ['ignore', 'ignore_ament_install']
[1.324s] [34mcolcon.colcon_core.package_identification[0m [1;30mLevel 1[0m _identify(src/wifibot_control) by extension 'ignore'
[1.324s] [34mcolcon.colcon_core.package_identification[0m [1;30mLevel 1[0m _identify(src/wifibot_control) by extension 'ignore_ament_install'
[1.324s] [34mcolcon.colcon_core.package_identification[0m [1;30mLevel 1[0m _identify(src/wifibot_control) by extensions ['colcon_pkg']
[1.324s] [34mcolcon.colcon_core.package_identification[0m [1;30mLevel 1[0m _identify(src/wifibot_control) by extension 'colcon_pkg'
[1.324s] [34mcolcon.colcon_core.package_identification[0m [1;30mLevel 1[0m _identify(src/wifibot_control) by extensions ['colcon_meta']
[1.324s] [34mcolcon.colcon_core.package_identification[0m [1;30mLevel 1[0m _identify(src/wifibot_control) by extension 'colcon_meta'
[1.325s] [34mcolcon.colcon_core.package_identification[0m [1;30mLevel 1[0m _identify(src/wifibot_control) by extensions ['ros']
[1.325s] [34mcolcon.colcon_core.package_identification[0m [1;30mLevel 1[0m _identify(src/wifibot_control) by extension 'ros'
[1.327s] [34mcolcon.colcon_core.package_identification[0m [1;30mDEBUG[0m [32mPackage 'src/wifibot_control' with type 'ros.ament_python' and name 'wifibot_control'[0m
[1.328s] [34mcolcon.colcon_core.package_identification[0m [1;30mLevel 1[0m _identify(src/wifibot_description) by extensions ['ignore', 'ignore_ament_install']
[1.328s] [34mcolcon.colcon_core.package_identification[0m [1;30mLevel 1[0m _identify(src/wifibot_description) by extension 'ignore'
[1.328s] [34mcolcon.colcon_core.package_identification[0m [1;30mLevel 1[0m _identify(src/wifibot_description) by extension 'ignore_ament_install'
[1.328s] [34mcolcon.colcon_core.package_identification[0m [1;30mLevel 1[0m _identify(src/wifibot_description) by extensions ['colcon_pkg']
[1.328s] [34mcolcon.colcon_core.package_identification[0m [1;30mLevel 1[0m _identify(src/wifibot_description) by extension 'colcon_pkg'
[1.328s] [34mcolcon.colcon_core.package_identification[0m [1;30mLevel 1[0m _identify(src/wifibot_description) by extensions ['colcon_meta']
[1.328s] [34mcolcon.colcon_core.package_identification[0m [1;30mLevel 1[0m _identify(src/wifibot_description) by extension 'colcon_meta'
[1.329s] [34mcolcon.colcon_core.package_identification[0m [1;30mLevel 1[0m _identify(src/wifibot_description) by extensions ['ros']
[1.329s] [34mcolcon.colcon_core.package_identification[0m [1;30mLevel 1[0m _identify(src/wifibot_description) by extension 'ros'
[1.330s] [34mcolcon.colcon_core.package_identification[0m [1;30mDEBUG[0m [32mPackage 'src/wifibot_description' with type 'ros.ament_python' and name 'wifibot_description'[0m
[1.331s] [34mcolcon.colcon_core.package_identification[0m [1;30mLevel 1[0m _identify(src/wifibot_gazebo) by extensions ['ignore', 'ignore_ament_install']
[1.331s] [34mcolcon.colcon_core.package_identification[0m [1;30mLevel 1[0m _identify(src/wifibot_gazebo) by extension 'ignore'
[1.332s] [34mcolcon.colcon_core.package_identification[0m [1;30mLevel 1[0m _identify(src/wifibot_gazebo) by extension 'ignore_ament_install'
[1.332s] [34mcolcon.colcon_core.package_identification[0m [1;30mLevel 1[0m _identify(src/wifibot_gazebo) by extensions ['colcon_pkg']
[1.332s] [34mcolcon.colcon_core.package_identification[0m [1;30mLevel 1[0m _identify(src/wifibot_gazebo) by extension 'colcon_pkg'
[1.332s] [34mcolcon.colcon_core.package_identification[0m [1;30mLevel 1[0m _identify(src/wifibot_gazebo) by extensions ['colcon_meta']
[1.332s] [34mcolcon.colcon_core.package_identification[0m [1;30mLevel 1[0m _identify(src/wifibot_gazebo) by extension 'colcon_meta'
[1.332s] [34mcolcon.colcon_core.package_identification[0m [1;30mLevel 1[0m _identify(src/wifibot_gazebo) by extensions ['ros']
[1.333s] [34mcolcon.colcon_core.package_identification[0m [1;30mLevel 1[0m _identify(src/wifibot_gazebo) by extension 'ros'
[1.334s] [34mcolcon.colcon_core.package_identification[0m [1;30mDEBUG[0m [32mPackage 'src/wifibot_gazebo' with type 'ros.ament_python' and name 'wifibot_gazebo'[0m
[1.337s] [34mcolcon.colcon_core.package_identification[0m [1;30mLevel 1[0m _identify(src/wifibot_navigation) by extensions ['ignore', 'ignore_ament_install']
[1.337s] [34mcolcon.colcon_core.package_identification[0m [1;30mLevel 1[0m _identify(src/wifibot_navigation) by extension 'ignore'
[1.337s] [34mcolcon.colcon_core.package_identification[0m [1;30mLevel 1[0m _identify(src/wifibot_navigation) by extension 'ignore_ament_install'
[1.338s] [34mcolcon.colcon_core.package_identification[0m [1;30mLevel 1[0m _identify(src/wifibot_navigation) by extensions ['colcon_pkg']
[1.338s] [34mcolcon.colcon_core.package_identification[0m [1;30mLevel 1[0m _identify(src/wifibot_navigation) by extension 'colcon_pkg'
[1.338s] [34mcolcon.colcon_core.package_identification[0m [1;30mLevel 1[0m _identify(src/wifibot_navigation) by extensions ['colcon_meta']
[1.338s] [34mcolcon.colcon_core.package_identification[0m [1;30mLevel 1[0m _identify(src/wifibot_navigation) by extension 'colcon_meta'
[1.338s] [34mcolcon.colcon_core.package_identification[0m [1;30mLevel 1[0m _identify(src/wifibot_navigation) by extensions ['ros']
[1.338s] [34mcolcon.colcon_core.package_identification[0m [1;30mLevel 1[0m _identify(src/wifibot_navigation) by extension 'ros'
[1.340s] [34mcolcon.colcon_core.package_identification[0m [1;30mDEBUG[0m [32mPackage 'src/wifibot_navigation' with type 'ros.ament_python' and name 'wifibot_navigation'[0m
[1.341s] [34mcolcon.colcon_core.package_identification[0m [1;30mLevel 1[0m _identify(src/wifibot_patrol) by extensions ['ignore', 'ignore_ament_install']
[1.341s] [34mcolcon.colcon_core.package_identification[0m [1;30mLevel 1[0m _identify(src/wifibot_patrol) by extension 'ignore'
[1.341s] [34mcolcon.colcon_core.package_identification[0m [1;30mLevel 1[0m _identify(src/wifibot_patrol) by extension 'ignore_ament_install'
[1.341s] [34mcolcon.colcon_core.package_identification[0m [1;30mLevel 1[0m _identify(src/wifibot_patrol) by extensions ['colcon_pkg']
[1.341s] [34mcolcon.colcon_core.package_identification[0m [1;30mLevel 1[0m _identify(src/wifibot_patrol) by extension 'colcon_pkg'
[1.342s] [34mcolcon.colcon_core.package_identification[0m [1;30mLevel 1[0m _identify(src/wifibot_patrol) by extensions ['colcon_meta']
[1.342s] [34mcolcon.colcon_core.package_identification[0m [1;30mLevel 1[0m _identify(src/wifibot_patrol) by extension 'colcon_meta'
[1.342s] [34mcolcon.colcon_core.package_identification[0m [1;30mLevel 1[0m _identify(src/wifibot_patrol) by extensions ['ros']
[1.342s] [34mcolcon.colcon_core.package_identification[0m [1;30mLevel 1[0m _identify(src/wifibot_patrol) by extension 'ros'
[1.344s] [34mcolcon.colcon_core.package_identification[0m [1;30mDEBUG[0m [32mPackage 'src/wifibot_patrol' with type 'ros.ament_python' and name 'wifibot_patrol'[0m
[1.345s] [34mcolcon.colcon_core.package_identification[0m [1;30mLevel 1[0m _identify(src/wifibot_slam) by extensions ['ignore', 'ignore_ament_install']
[1.346s] [34mcolcon.colcon_core.package_identification[0m [1;30mLevel 1[0m _identify(src/wifibot_slam) by extension 'ignore'
[1.346s] [34mcolcon.colcon_core.package_identification[0m [1;30mLevel 1[0m _identify(src/wifibot_slam) by extension 'ignore_ament_install'
[1.346s] [34mcolcon.colcon_core.package_identification[0m [1;30mLevel 1[0m _identify(src/wifibot_slam) by extensions ['colcon_pkg']
[1.346s] [34mcolcon.colcon_core.package_identification[0m [1;30mLevel 1[0m _identify(src/wifibot_slam) by extension 'colcon_pkg'
[1.346s] [34mcolcon.colcon_core.package_identification[0m [1;30mLevel 1[0m _identify(src/wifibot_slam) by extensions ['colcon_meta']
[1.346s] [34mcolcon.colcon_core.package_identification[0m [1;30mLevel 1[0m _identify(src/wifibot_slam) by extension 'colcon_meta'
[1.346s] [34mcolcon.colcon_core.package_identification[0m [1;30mLevel 1[0m _identify(src/wifibot_slam) by extensions ['ros']
[1.346s] [34mcolcon.colcon_core.package_identification[0m [1;30mLevel 1[0m _identify(src/wifibot_slam) by extension 'ros'
[1.348s] [34mcolcon.colcon_core.package_identification[0m [1;30mDEBUG[0m [32mPackage 'src/wifibot_slam' with type 'ros.ament_python' and name 'wifibot_slam'[0m
[1.349s] [34mcolcon.colcon_core.package_identification[0m [1;30mLevel 1[0m _identify(src/wifibot_tasks) by extensions ['ignore', 'ignore_ament_install']
[1.349s] [34mcolcon.colcon_core.package_identification[0m [1;30mLevel 1[0m _identify(src/wifibot_tasks) by extension 'ignore'
[1.349s] [34mcolcon.colcon_core.package_identification[0m [1;30mLevel 1[0m _identify(src/wifibot_tasks) by extension 'ignore_ament_install'
[1.349s] [34mcolcon.colcon_core.package_identification[0m [1;30mLevel 1[0m _identify(src/wifibot_tasks) by extensions ['colcon_pkg']
[1.349s] [34mcolcon.colcon_core.package_identification[0m [1;30mLevel 1[0m _identify(src/wifibot_tasks) by extension 'colcon_pkg'
[1.350s] [34mcolcon.colcon_core.package_identification[0m [1;30mLevel 1[0m _identify(src/wifibot_tasks) by extensions ['colcon_meta']
[1.350s] [34mcolcon.colcon_core.package_identification[0m [1;30mLevel 1[0m _identify(src/wifibot_tasks) by extension 'colcon_meta'
[1.350s] [34mcolcon.colcon_core.package_identification[0m [1;30mLevel 1[0m _identify(src/wifibot_tasks) by extensions ['ros']
[1.350s] [34mcolcon.colcon_core.package_identification[0m [1;30mLevel 1[0m _identify(src/wifibot_tasks) by extension 'ros'
[1.351s] [34mcolcon.colcon_core.package_identification[0m [1;30mDEBUG[0m [32mPackage 'src/wifibot_tasks' with type 'ros.ament_python' and name 'wifibot_tasks'[0m
[1.352s] [34mcolcon.colcon_core.package_discovery[0m [1;30mLevel 1[0m discover_packages(recursive) using defaults
[1.352s] [34mcolcon.colcon_core.package_discovery[0m [1;30mLevel 1[0m discover_packages(ignore) discover
[1.352s] [34mcolcon.colcon_core.package_discovery[0m [1;30mLevel 1[0m discover_packages(ignore) using defaults
[1.352s] [34mcolcon.colcon_core.package_discovery[0m [1;30mLevel 1[0m discover_packages(path) discover
[1.352s] [34mcolcon.colcon_core.package_discovery[0m [1;30mLevel 1[0m discover_packages(path) using defaults
[1.426s] [34mcolcon.colcon_core.package_selection[0m [1;30mINFO[0m Skipping not selected package 'wifibot_bringup' in 'src/wifibot_bringup'
[1.426s] [34mcolcon.colcon_core.package_selection[0m [1;30mINFO[0m Skipping not selected package 'wifibot_description' in 'src/wifibot_description'
[1.426s] [34mcolcon.colcon_core.package_selection[0m [1;30mINFO[0m Skipping not selected package 'wifibot_gazebo' in 'src/wifibot_gazebo'
[1.427s] [34mcolcon.colcon_core.package_selection[0m [1;30mINFO[0m Skipping not selected package 'wifibot_navigation' in 'src/wifibot_navigation'
[1.427s] [34mcolcon.colcon_core.package_selection[0m [1;30mINFO[0m Skipping not selected package 'wifibot_slam' in 'src/wifibot_slam'
[1.427s] [34mcolcon.colcon_core.package_selection[0m [1;30mINFO[0m Skipping not selected package 'wifibot_tasks' in 'src/wifibot_tasks'
[1.428s] [34mcolcon.colcon_core.package_discovery[0m [1;30mLevel 1[0m discover_packages(prefix_path) check parameters
[1.428s] [34mcolcon.colcon_core.package_discovery[0m [1;30mLevel 1[0m discover_packages(prefix_path) discover
[1.434s] [34mcolcon.colcon_installed_package_information.package_discovery[0m [1;30mDEBUG[0m [32mFound 4 installed packages in /home/user/ros2_ws/install[0m
[1.438s] [34mcolcon.colcon_installed_package_information.package_discovery[0m [1;30mDEBUG[0m [32mFound 379 installed packages in /opt/ros/humble[0m
[1.442s] [34mcolcon.colcon_core.package_discovery[0m [1;30mLevel 1[0m discover_packages(prefix_path) using defaults
[1.574s] [34mcolcon.colcon_core.verb[0m [1;30mLevel 5[0m set package 'wifibot_control' build argument 'cmake_args' from command line to 'None'
[1.574s] [34mcolcon.colcon_core.verb[0m [1;30mLevel 5[0m set package 'wifibot_control' build argument 'cmake_target' from command line to 'None'
[1.574s] [34mcolcon.colcon_core.verb[0m [1;30mLevel 5[0m set package 'wifibot_control' build argument 'cmake_target_skip_unavailable' from command line to 'False'
[1.574s] [34mcolcon.colcon_core.verb[0m [1;30mLevel 5[0m set package 'wifibot_control' build argument 'cmake_clean_cache' from command line to 'False'
[1.574s] [34mcolcon.colcon_core.verb[0m [1;30mLevel 5[0m set package 'wifibot_control' build argument 'cmake_clean_first' from command line to 'False'
[1.574s] [34mcolcon.colcon_core.verb[0m [1;30mLevel 5[0m set package 'wifibot_control' build argument 'cmake_force_configure' from command line to 'False'
[1.574s] [34mcolcon.colcon_core.verb[0m [1;30mLevel 5[0m set package 'wifibot_control' build argument 'ament_cmake_args' from command line to 'None'
[1.574s] [34mcolcon.colcon_core.verb[0m [1;30mLevel 5[0m set package 'wifibot_control' build argument 'catkin_cmake_args' from command line to 'None'
[1.575s] [34mcolcon.colcon_core.verb[0m [1;30mLevel 5[0m set package 'wifibot_control' build argument 'catkin_skip_building_tests' from command line to 'False'
[1.575s] [34mcolcon.colcon_core.verb[0m [1;30mDEBUG[0m [32mBuilding package 'wifibot_control' with the following arguments: {'ament_cmake_args': None, 'build_base': '/home/user/wifibot_ws/build/wifibot_control', 'catkin_cmake_args': None, 'catkin_skip_building_tests': False, 'cmake_args': None, 'cmake_clean_cache': False, 'cmake_clean_first': False, 'cmake_force_configure': False, 'cmake_target': None, 'cmake_target_skip_unavailable': False, 'install_base': '/home/user/wifibot_ws/install/wifibot_control', 'merge_install': False, 'path': '/home/user/wifibot_ws/src/wifibot_control', 'symlink_install': True, 'test_result_base': None}[0m
[1.576s] [34mcolcon.colcon_core.verb[0m [1;30mLevel 5[0m set package 'wifibot_patrol' build argument 'cmake_args' from command line to 'None'
[1.576s] [34mcolcon.colcon_core.verb[0m [1;30mLevel 5[0m set package 'wifibot_patrol' build argument 'cmake_target' from command line to 'None'
[1.576s] [34mcolcon.colcon_core.verb[0m [1;30mLevel 5[0m set package 'wifibot_patrol' build argument 'cmake_target_skip_unavailable' from command line to 'False'
[1.576s] [34mcolcon.colcon_core.verb[0m [1;30mLevel 5[0m set package 'wifibot_patrol' build argument 'cmake_clean_cache' from command line to 'False'
[1.576s] [34mcolcon.colcon_core.verb[0m [1;30mLevel 5[0m set package 'wifibot_patrol' build argument 'cmake_clean_first' from command line to 'False'
[1.576s] [34mcolcon.colcon_core.verb[0m [1;30mLevel 5[0m set package 'wifibot_patrol' build argument 'cmake_force_configure' from command line to 'False'
[1.576s] [34mcolcon.colcon_core.verb[0m [1;30mLevel 5[0m set package 'wifibot_patrol' build argument 'ament_cmake_args' from command line to 'None'
[1.576s] [34mcolcon.colcon_core.verb[0m [1;30mLevel 5[0m set package 'wifibot_patrol' build argument 'catkin_cmake_args' from command line to 'None'
[1.576s] [34mcolcon.colcon_core.verb[0m [1;30mLevel 5[0m set package 'wifibot_patrol' build argument 'catkin_skip_building_tests' from command line to 'False'
[1.576s] [34mcolcon.colcon_core.verb[0m [1;30mDEBUG[0m [32mBuilding package 'wifibot_patrol' with the following arguments: {'ament_cmake_args': None, 'build_base': '/home/user/wifibot_ws/build/wifibot_patrol', 'catkin_cmake_args': None, 'catkin_skip_building_tests': False, 'cmake_args': None, 'cmake_clean_cache': False, 'cmake_clean_first': False, 'cmake_force_configure': False, 'cmake_target': None, 'cmake_target_skip_unavailable': False, 'install_base': '/home/user/wifibot_ws/install/wifibot_patrol', 'merge_install': False, 'path': '/home/user/wifibot_ws/src/wifibot_patrol', 'symlink_install': True, 'test_result_base': None}[0m
[1.577s] [34mcolcon.colcon_core.executor[0m [1;30mINFO[0m Executing jobs using 'parallel' executor
[1.581s] [34mcolcon.colcon_parallel_executor.executor.parallel[0m [1;30mDEBUG[0m [32mrun_until_complete[0m
[1.581s] [34mcolcon.colcon_ros.task.ament_python.build[0m [1;30mINFO[0m Building ROS package in '/home/user/wifibot_ws/src/wifibot_control' with build type 'ament_python'
[1.582s] [34mcolcon.colcon_core.shell[0m [1;30mLevel 1[0m create_environment_hook('wifibot_control', 'ament_prefix_path')
[1.589s] [34mcolcon.colcon_core.plugin_system[0m [1;30mINFO[0m Skipping extension 'colcon_core.shell.bat': Not used on non-Windows systems
[1.589s] [34mcolcon.colcon_core.shell[0m [1;30mINFO[0m Creating environment hook '/home/user/wifibot_ws/install/wifibot_control/share/wifibot_control/hook/ament_prefix_path.ps1'
[1.591s] [34mcolcon.colcon_core.shell[0m [1;30mINFO[0m Creating environment descriptor '/home/user/wifibot_ws/install/wifibot_control/share/wifibot_control/hook/ament_prefix_path.dsv'
[1.592s] [34mcolcon.colcon_core.shell[0m [1;30mINFO[0m Creating environment hook '/home/user/wifibot_ws/install/wifibot_control/share/wifibot_control/hook/ament_prefix_path.sh'
[1.594s] [34mcolcon.colcon_core.shell[0m [1;30mINFO[0m Skip shell extension 'powershell' for command environment: Not usable outside of PowerShell
[1.595s] [34mcolcon.colcon_core.shell[0m [1;30mDEBUG[0m [32mSkip shell extension 'dsv' for command environment[0m
[1.605s] [34mcolcon.colcon_ros.task.ament_python.build[0m [1;30mINFO[0m Building ROS package in '/home/user/wifibot_ws/src/wifibot_patrol' with build type 'ament_python'
[1.605s] [34mcolcon.colcon_core.shell[0m [1;30mLevel 1[0m create_environment_hook('wifibot_patrol', 'ament_prefix_path')
[1.606s] [34mcolcon.colcon_core.shell[0m [1;30mINFO[0m Creating environment hook '/home/user/wifibot_ws/install/wifibot_patrol/share/wifibot_patrol/hook/ament_prefix_path.ps1'
[1.607s] [34mcolcon.colcon_core.shell[0m [1;30mINFO[0m Creating environment descriptor '/home/user/wifibot_ws/install/wifibot_patrol/share/wifibot_patrol/hook/ament_prefix_path.dsv'
[1.608s] [34mcolcon.colcon_core.shell[0m [1;30mINFO[0m Creating environment hook '/home/user/wifibot_ws/install/wifibot_patrol/share/wifibot_patrol/hook/ament_prefix_path.sh'
[1.609s] [34mcolcon.colcon_core.shell[0m [1;30mINFO[0m Skip shell extension 'powershell' for command environment: Not usable outside of PowerShell
[1.610s] [34mcolcon.colcon_core.shell[0m [1;30mDEBUG[0m [32mSkip shell extension 'dsv' for command environment[0m
[2.690s] [34mcolcon.colcon_core.task.python.build[0m [1;30mINFO[0m Building Python package in '/home/user/wifibot_ws/src/wifibot_patrol'
[2.692s] [34mcolcon.colcon_core.shell[0m [1;30mINFO[0m Skip shell extension 'powershell' for command environment: Not usable outside of PowerShell
[2.693s] [34mcolcon.colcon_core.shell[0m [1;30mDEBUG[0m [32mSkip shell extension 'dsv' for command environment[0m
[3.605s] [34mcolcon.colcon_core.task.python.build[0m [1;30mINFO[0m Building Python package in '/home/user/wifibot_ws/src/wifibot_control'
[3.606s] [34mcolcon.colcon_core.shell[0m [1;30mINFO[0m Skip shell extension 'powershell' for command environment: Not usable outside of PowerShell
[3.606s] [34mcolcon.colcon_core.shell[0m [1;30mDEBUG[0m [32mSkip shell extension 'dsv' for command environment[0m
[5.506s] [34mcolcon.colcon_core.event_handler.log_command[0m [1;30mDEBUG[0m [32mInvoking command in '/home/user/wifibot_ws/build/wifibot_patrol': PYTHONPATH=/home/user/wifibot_ws/build/wifibot_patrol/prefix_override:/usr/lib/python3/dist-packages/colcon_core/task/python/colcon_distutils_commands:/home/user/wifibot_ws/install/wifibot_patrol/lib/python3.10/site-packages:${PYTHONPATH} /usr/bin/python3 -W ignore:setup.py install is deprecated -W ignore:easy_install command is deprecated setup.py develop --editable --build-directory /home/user/wifibot_ws/build/wifibot_patrol/build --no-deps symlink_data[0m
[5.697s] [34mcolcon.colcon_core.event_handler.log_command[0m [1;30mDEBUG[0m [32mInvoking command in '/home/user/wifibot_ws/build/wifibot_control': PYTHONPATH=/home/user/wifibot_ws/build/wifibot_control/prefix_override:/usr/lib/python3/dist-packages/colcon_core/task/python/colcon_distutils_commands:/home/user/wifibot_ws/install/wifibot_control/lib/python3.10/site-packages:${PYTHONPATH} /usr/bin/python3 -W ignore:setup.py install is deprecated -W ignore:easy_install command is deprecated setup.py develop --editable --build-directory /home/user/wifibot_ws/build/wifibot_control/build --no-deps symlink_data[0m
[8.395s] [34mcolcon.colcon_core.shell[0m [1;30mLevel 1[0m create_environment_hook('wifibot_patrol', 'pythonpath_develop')
[8.396s] [34mcolcon.colcon_core.shell[0m [1;30mINFO[0m Creating environment hook '/home/user/wifibot_ws/build/wifibot_patrol/share/wifibot_patrol/hook/pythonpath_develop.ps1'
[8.397s] [34mcolcon.colcon_core.shell[0m [1;30mINFO[0m Creating environment descriptor '/home/user/wifibot_ws/build/wifibot_patrol/share/wifibot_patrol/hook/pythonpath_develop.dsv'
[8.399s] [34mcolcon.colcon_core.event_handler.log_command[0m [1;30mDEBUG[0m [32mInvoked command in '/home/user/wifibot_ws/build/wifibot_patrol' returned '0': PYTHONPATH=/home/user/wifibot_ws/build/wifibot_patrol/prefix_override:/usr/lib/python3/dist-packages/colcon_core/task/python/colcon_distutils_commands:/home/user/wifibot_ws/install/wifibot_patrol/lib/python3.10/site-packages:${PYTHONPATH} /usr/bin/python3 -W ignore:setup.py install is deprecated -W ignore:easy_install command is deprecated setup.py develop --editable --build-directory /home/user/wifibot_ws/build/wifibot_patrol/build --no-deps symlink_data[0m
[8.401s] [34mcolcon.colcon_core.shell[0m [1;30mINFO[0m Creating environment hook '/home/user/wifibot_ws/build/wifibot_patrol/share/wifibot_patrol/hook/pythonpath_develop.sh'
[8.410s] [34mcolcon.colcon_core.environment[0m [1;30mLevel 1[0m checking '/home/user/wifibot_ws/install/wifibot_patrol' for CMake module files
[8.412s] [34mcolcon.colcon_core.environment[0m [1;30mLevel 1[0m checking '/home/user/wifibot_ws/install/wifibot_patrol' for CMake config files
[8.428s] [34mcolcon.colcon_core.environment[0m [1;30mLevel 1[0m checking '/home/user/wifibot_ws/install/wifibot_patrol/lib'
[8.429s] [34mcolcon.colcon_core.environment[0m [1;30mLevel 1[0m checking '/home/user/wifibot_ws/install/wifibot_patrol/bin'
[8.429s] [34mcolcon.colcon_core.environment[0m [1;30mLevel 1[0m checking '/home/user/wifibot_ws/install/wifibot_patrol/lib/pkgconfig/wifibot_patrol.pc'
[8.432s] [34mcolcon.colcon_core.environment[0m [1;30mLevel 1[0m checking '/home/user/wifibot_ws/install/wifibot_patrol/lib/python3.10/site-packages'
[8.433s] [34mcolcon.colcon_core.shell[0m [1;30mLevel 1[0m create_environment_hook('wifibot_patrol', 'pythonpath')
[8.438s] [34mcolcon.colcon_core.shell[0m [1;30mINFO[0m Creating environment hook '/home/user/wifibot_ws/install/wifibot_patrol/share/wifibot_patrol/hook/pythonpath.ps1'
[8.442s] [34mcolcon.colcon_core.shell[0m [1;30mINFO[0m Creating environment descriptor '/home/user/wifibot_ws/install/wifibot_patrol/share/wifibot_patrol/hook/pythonpath.dsv'
[8.444s] [34mcolcon.colcon_core.shell[0m [1;30mINFO[0m Creating environment hook '/home/user/wifibot_ws/install/wifibot_patrol/share/wifibot_patrol/hook/pythonpath.sh'
[8.447s] [34mcolcon.colcon_core.environment[0m [1;30mLevel 1[0m checking '/home/user/wifibot_ws/install/wifibot_patrol/bin'
[8.447s] [34mcolcon.colcon_core.environment[0m [1;30mLevel 1[0m create_environment_scripts_only(wifibot_patrol)
[8.448s] [34mcolcon.colcon_core.shell[0m [1;30mINFO[0m Creating package script '/home/user/wifibot_ws/install/wifibot_patrol/share/wifibot_patrol/package.ps1'
[8.452s] [34mcolcon.colcon_core.shell[0m [1;30mINFO[0m Creating package descriptor '/home/user/wifibot_ws/install/wifibot_patrol/share/wifibot_patrol/package.dsv'
[8.455s] [34mcolcon.colcon_core.shell[0m [1;30mINFO[0m Creating package script '/home/user/wifibot_ws/install/wifibot_patrol/share/wifibot_patrol/package.sh'
[8.457s] [34mcolcon.colcon_core.shell[0m [1;30mINFO[0m Creating package script '/home/user/wifibot_ws/install/wifibot_patrol/share/wifibot_patrol/package.bash'
[8.459s] [34mcolcon.colcon_core.shell[0m [1;30mINFO[0m Creating package script '/home/user/wifibot_ws/install/wifibot_patrol/share/wifibot_patrol/package.zsh'
[8.461s] [34mcolcon.colcon_core.environment[0m [1;30mLevel 1[0m create_file_with_runtime_dependencies(/home/user/wifibot_ws/install/wifibot_patrol/share/colcon-core/packages/wifibot_patrol)
[8.587s] [34mcolcon.colcon_core.shell[0m [1;30mLevel 1[0m create_environment_hook('wifibot_control', 'pythonpath_develop')
[8.588s] [34mcolcon.colcon_core.shell[0m [1;30mINFO[0m Creating environment hook '/home/user/wifibot_ws/build/wifibot_control/share/wifibot_control/hook/pythonpath_develop.ps1'
[8.589s] [34mcolcon.colcon_core.shell[0m [1;30mINFO[0m Creating environment descriptor '/home/user/wifibot_ws/build/wifibot_control/share/wifibot_control/hook/pythonpath_develop.dsv'
[8.590s] [34mcolcon.colcon_core.shell[0m [1;30mINFO[0m Creating environment hook '/home/user/wifibot_ws/build/wifibot_control/share/wifibot_control/hook/pythonpath_develop.sh'
[8.594s] [34mcolcon.colcon_core.event_handler.log_command[0m [1;30mDEBUG[0m [32mInvoked command in '/home/user/wifibot_ws/build/wifibot_control' returned '0': PYTHONPATH=/home/user/wifibot_ws/build/wifibot_control/prefix_override:/usr/lib/python3/dist-packages/colcon_core/task/python/colcon_distutils_commands:/home/user/wifibot_ws/install/wifibot_control/lib/python3.10/site-packages:${PYTHONPATH} /usr/bin/python3 -W ignore:setup.py install is deprecated -W ignore:easy_install command is deprecated setup.py develop --editable --build-directory /home/user/wifibot_ws/build/wifibot_control/build --no-deps symlink_data[0m
[8.597s] [34mcolcon.colcon_core.environment[0m [1;30mLevel 1[0m checking '/home/user/wifibot_ws/install/wifibot_control' for CMake module files
[8.598s] [34mcolcon.colcon_core.environment[0m [1;30mLevel 1[0m checking '/home/user/wifibot_ws/install/wifibot_control' for CMake config files
[8.600s] [34mcolcon.colcon_core.environment[0m [1;30mLevel 1[0m checking '/home/user/wifibot_ws/install/wifibot_control/lib'
[8.601s] [34mcolcon.colcon_core.environment[0m [1;30mLevel 1[0m checking '/home/user/wifibot_ws/install/wifibot_control/bin'
[8.601s] [34mcolcon.colcon_core.environment[0m [1;30mLevel 1[0m checking '/home/user/wifibot_ws/install/wifibot_control/lib/pkgconfig/wifibot_control.pc'
[8.602s] [34mcolcon.colcon_core.environment[0m [1;30mLevel 1[0m checking '/home/user/wifibot_ws/install/wifibot_control/lib/python3.10/site-packages'
[8.603s] [34mcolcon.colcon_core.shell[0m [1;30mLevel 1[0m create_environment_hook('wifibot_control', 'pythonpath')
[8.604s] [34mcolcon.colcon_core.shell[0m [1;30mINFO[0m Creating environment hook '/home/user/wifibot_ws/install/wifibot_control/share/wifibot_control/hook/pythonpath.ps1'
[8.606s] [34mcolcon.colcon_core.shell[0m [1;30mINFO[0m Creating environment descriptor '/home/user/wifibot_ws/install/wifibot_control/share/wifibot_control/hook/pythonpath.dsv'
[8.608s] [34mcolcon.colcon_core.shell[0m [1;30mINFO[0m Creating environment hook '/home/user/wifibot_ws/install/wifibot_control/share/wifibot_control/hook/pythonpath.sh'
[8.612s] [34mcolcon.colcon_core.environment[0m [1;30mLevel 1[0m checking '/home/user/wifibot_ws/install/wifibot_control/bin'
[8.612s] [34mcolcon.colcon_core.environment[0m [1;30mLevel 1[0m create_environment_scripts_only(wifibot_control)
[8.613s] [34mcolcon.colcon_core.shell[0m [1;30mINFO[0m Creating package script '/home/user/wifibot_ws/install/wifibot_control/share/wifibot_control/package.ps1'
[8.615s] [34mcolcon.colcon_core.shell[0m [1;30mINFO[0m Creating package descriptor '/home/user/wifibot_ws/install/wifibot_control/share/wifibot_control/package.dsv'
[8.617s] [34mcolcon.colcon_core.shell[0m [1;30mINFO[0m Creating package script '/home/user/wifibot_ws/install/wifibot_control/share/wifibot_control/package.sh'
[8.619s] [34mcolcon.colcon_core.shell[0m [1;30mINFO[0m Creating package script '/home/user/wifibot_ws/install/wifibot_control/share/wifibot_control/package.bash'
[8.620s] [34mcolcon.colcon_core.shell[0m [1;30mINFO[0m Creating package script '/home/user/wifibot_ws/install/wifibot_control/share/wifibot_control/package.zsh'
[8.621s] [34mcolcon.colcon_core.environment[0m [1;30mLevel 1[0m create_file_with_runtime_dependencies(/home/user/wifibot_ws/install/wifibot_control/share/colcon-core/packages/wifibot_control)
[8.623s] [34mcolcon.colcon_parallel_executor.executor.parallel[0m [1;30mDEBUG[0m [32mclosing loop[0m
[8.624s] [34mcolcon.colcon_parallel_executor.executor.parallel[0m [1;30mDEBUG[0m [32mloop closed[0m
[8.625s] [34mcolcon.colcon_parallel_executor.executor.parallel[0m [1;30mDEBUG[0m [32mrun_until_complete finished with '0'[0m
[8.625s] [34mcolcon.colcon_core.event_reactor[0m [1;30mDEBUG[0m [32mjoining thread[0m
[8.662s] [34mcolcon.colcon_core.plugin_system[0m [1;30mINFO[0m Skipping extension 'colcon_notification.desktop_notification.terminal_notifier': Not used on non-Darwin systems
[8.663s] [34mcolcon.colcon_core.plugin_system[0m [1;30mINFO[0m Skipping extension 'colcon_notification.desktop_notification.win32': Not used on non-Windows systems
[8.663s] [34mcolcon.colcon_notification.desktop_notification[0m [1;30mINFO[0m Sending desktop notification using 'notify2'
[8.747s] [34mcolcon.colcon_core.event_reactor[0m [1;30mDEBUG[0m [32mjoined thread[0m
[8.748s] [34mcolcon.colcon_core.shell[0m [1;30mINFO[0m Creating prefix script '/home/user/wifibot_ws/install/local_setup.ps1'
[8.751s] [34mcolcon.colcon_core.shell[0m [1;30mINFO[0m Creating prefix util module '/home/user/wifibot_ws/install/_local_setup_util_ps1.py'
[8.756s] [34mcolcon.colcon_core.shell[0m [1;30mINFO[0m Creating prefix chain script '/home/user/wifibot_ws/install/setup.ps1'
[8.765s] [34mcolcon.colcon_core.shell[0m [1;30mINFO[0m Creating prefix script '/home/user/wifibot_ws/install/local_setup.sh'
[8.767s] [34mcolcon.colcon_core.shell[0m [1;30mINFO[0m Creating prefix util module '/home/user/wifibot_ws/install/_local_setup_util_sh.py'
[8.769s] [34mcolcon.colcon_core.shell[0m [1;30mINFO[0m Creating prefix chain script '/home/user/wifibot_ws/install/setup.sh'
[8.773s] [34mcolcon.colcon_core.shell[0m [1;30mINFO[0m Creating prefix script '/home/user/wifibot_ws/install/local_setup.bash'
[8.778s] [34mcolcon.colcon_core.shell[0m [1;30mINFO[0m Creating prefix chain script '/home/user/wifibot_ws/install/setup.bash'
[8.805s] [34mcolcon.colcon_core.shell[0m [1;30mINFO[0m Creating prefix script '/home/user/wifibot_ws/install/local_setup.zsh'
[8.810s] [34mcolcon.colcon_core.shell[0m [1;30mINFO[0m Creating prefix chain script '/home/user/wifibot_ws/install/setup.zsh'
