[0.289s] [34mcolcon[0m [1;30mDEBUG[0m [32mCommand line arguments: ['/usr/bin/colcon', 'build', '--symlink-install'][0m
[0.290s] [34mcolcon[0m [1;30mDEBUG[0m [32mParsed command line arguments: Namespace(log_base=None, log_level=None, verb_name='build', build_base='build', install_base='install', merge_install=False, symlink_install=True, test_result_base=None, continue_on_error=False, executor='parallel', parallel_workers=4, event_handlers=None, ignore_user_meta=False, metas=['./colcon.meta'], base_paths=['.'], packages_ignore=None, packages_ignore_regex=None, paths=None, packages_up_to=None, packages_up_to_regex=None, packages_above=None, packages_above_and_dependencies=None, packages_above_depth=None, packages_select_by_dep=None, packages_skip_by_dep=None, packages_skip_up_to=None, packages_select_build_failed=False, packages_skip_build_finished=False, packages_select_test_failures=False, packages_skip_test_passed=False, packages_select=None, packages_skip=None, packages_select_regex=None, packages_skip_regex=None, packages_start=None, packages_end=None, allow_overriding=[], cmake_args=None, cmake_target=None, cmake_target_skip_unavailable=False, cmake_clean_cache=False, cmake_clean_first=False, cmake_force_configure=False, ament_cmake_args=None, catkin_cmake_args=None, catkin_skip_building_tests=False, verb_parser=<colcon_defaults.argument_parser.defaults.DefaultArgumentsDecorator object at 0xffffae21ed70>, verb_extension=<colcon_core.verb.build.BuildVerb object at 0xffffae4a03d0>, main=<bound method BuildVerb.main of <colcon_core.verb.build.BuildVerb object at 0xffffae4a03d0>>)[0m
[0.735s] [34mcolcon.colcon_core.package_discovery[0m [1;30mLevel 1[0m discover_packages(colcon_meta) check parameters
[0.735s] [34mcolcon.colcon_core.package_discovery[0m [1;30mLevel 1[0m discover_packages(recursive) check parameters
[0.735s] [34mcolcon.colcon_core.package_discovery[0m [1;30mLevel 1[0m discover_packages(ignore) check parameters
[0.735s] [34mcolcon.colcon_core.package_discovery[0m [1;30mLevel 1[0m discover_packages(path) check parameters
[0.735s] [34mcolcon.colcon_core.package_discovery[0m [1;30mLevel 1[0m discover_packages(colcon_meta) discover
[0.736s] [34mcolcon.colcon_core.package_discovery[0m [1;30mLevel 1[0m discover_packages(recursive) discover
[0.736s] [34mcolcon.colcon_core.package_discovery[0m [1;30mINFO[0m Crawling recursively for packages in '/home/user/wifibot_ws'
[0.736s] [34mcolcon.colcon_core.package_identification[0m [1;30mLevel 1[0m _identify(.) by extensions ['ignore', 'ignore_ament_install']
[0.737s] [34mcolcon.colcon_core.package_identification[0m [1;30mLevel 1[0m _identify(.) by extension 'ignore'
[0.737s] [34mcolcon.colcon_core.package_identification[0m [1;30mLevel 1[0m _identify(.) by extension 'ignore_ament_install'
[0.737s] [34mcolcon.colcon_core.package_identification[0m [1;30mLevel 1[0m _identify(.) by extensions ['colcon_pkg']
[0.737s] [34mcolcon.colcon_core.package_identification[0m [1;30mLevel 1[0m _identify(.) by extension 'colcon_pkg'
[0.737s] [34mcolcon.colcon_core.package_identification[0m [1;30mLevel 1[0m _identify(.) by extensions ['colcon_meta']
[0.737s] [34mcolcon.colcon_core.package_identification[0m [1;30mLevel 1[0m _identify(.) by extension 'colcon_meta'
[0.738s] [34mcolcon.colcon_core.package_identification[0m [1;30mLevel 1[0m _identify(.) by extensions ['ros']
[0.738s] [34mcolcon.colcon_core.package_identification[0m [1;30mLevel 1[0m _identify(.) by extension 'ros'
[0.842s] [34mcolcon.colcon_core.package_identification[0m [1;30mLevel 1[0m _identify(.) by extensions ['cmake', 'python']
[0.842s] [34mcolcon.colcon_core.package_identification[0m [1;30mLevel 1[0m _identify(.) by extension 'cmake'
[0.842s] [34mcolcon.colcon_core.package_identification[0m [1;30mLevel 1[0m _identify(.) by extension 'python'
[0.842s] [34mcolcon.colcon_core.package_identification[0m [1;30mLevel 1[0m _identify(.) by extensions ['python_setup_py']
[0.842s] [34mcolcon.colcon_core.package_identification[0m [1;30mLevel 1[0m _identify(.) by extension 'python_setup_py'
[0.843s] [34mcolcon.colcon_core.package_identification[0m [1;30mLevel 1[0m _identify(build) by extensions ['ignore', 'ignore_ament_install']
[0.843s] [34mcolcon.colcon_core.package_identification[0m [1;30mLevel 1[0m _identify(build) by extension 'ignore'
[0.843s] [34mcolcon.colcon_core.package_identification[0m [1;30mLevel 1[0m _identify(build) ignored
[0.843s] [34mcolcon.colcon_core.package_identification[0m [1;30mLevel 1[0m _identify(install) by extensions ['ignore', 'ignore_ament_install']
[0.844s] [34mcolcon.colcon_core.package_identification[0m [1;30mLevel 1[0m _identify(install) by extension 'ignore'
[0.844s] [34mcolcon.colcon_core.package_identification[0m [1;30mLevel 1[0m _identify(install) ignored
[0.844s] [34mcolcon.colcon_core.package_identification[0m [1;30mLevel 1[0m _identify(log) by extensions ['ignore', 'ignore_ament_install']
[0.844s] [34mcolcon.colcon_core.package_identification[0m [1;30mLevel 1[0m _identify(log) by extension 'ignore'
[0.844s] [34mcolcon.colcon_core.package_identification[0m [1;30mLevel 1[0m _identify(log) ignored
[0.844s] [34mcolcon.colcon_core.package_identification[0m [1;30mLevel 1[0m _identify(src) by extensions ['ignore', 'ignore_ament_install']
[0.845s] [34mcolcon.colcon_core.package_identification[0m [1;30mLevel 1[0m _identify(src) by extension 'ignore'
[0.845s] [34mcolcon.colcon_core.package_identification[0m [1;30mLevel 1[0m _identify(src) by extension 'ignore_ament_install'
[0.845s] [34mcolcon.colcon_core.package_identification[0m [1;30mLevel 1[0m _identify(src) by extensions ['colcon_pkg']
[0.845s] [34mcolcon.colcon_core.package_identification[0m [1;30mLevel 1[0m _identify(src) by extension 'colcon_pkg'
[0.845s] [34mcolcon.colcon_core.package_identification[0m [1;30mLevel 1[0m _identify(src) by extensions ['colcon_meta']
[0.845s] [34mcolcon.colcon_core.package_identification[0m [1;30mLevel 1[0m _identify(src) by extension 'colcon_meta'
[0.845s] [34mcolcon.colcon_core.package_identification[0m [1;30mLevel 1[0m _identify(src) by extensions ['ros']
[0.845s] [34mcolcon.colcon_core.package_identification[0m [1;30mLevel 1[0m _identify(src) by extension 'ros'
[0.846s] [34mcolcon.colcon_core.package_identification[0m [1;30mLevel 1[0m _identify(src) by extensions ['cmake', 'python']
[0.846s] [34mcolcon.colcon_core.package_identification[0m [1;30mLevel 1[0m _identify(src) by extension 'cmake'
[0.846s] [34mcolcon.colcon_core.package_identification[0m [1;30mLevel 1[0m _identify(src) by extension 'python'
[0.846s] [34mcolcon.colcon_core.package_identification[0m [1;30mLevel 1[0m _identify(src) by extensions ['python_setup_py']
[0.846s] [34mcolcon.colcon_core.package_identification[0m [1;30mLevel 1[0m _identify(src) by extension 'python_setup_py'
[0.846s] [34mcolcon.colcon_core.package_identification[0m [1;30mLevel 1[0m _identify(src/wifibot_bringup) by extensions ['ignore', 'ignore_ament_install']
[0.846s] [34mcolcon.colcon_core.package_identification[0m [1;30mLevel 1[0m _identify(src/wifibot_bringup) by extension 'ignore'
[0.846s] [34mcolcon.colcon_core.package_identification[0m [1;30mLevel 1[0m _identify(src/wifibot_bringup) by extension 'ignore_ament_install'
[0.847s] [34mcolcon.colcon_core.package_identification[0m [1;30mLevel 1[0m _identify(src/wifibot_bringup) by extensions ['colcon_pkg']
[0.847s] [34mcolcon.colcon_core.package_identification[0m [1;30mLevel 1[0m _identify(src/wifibot_bringup) by extension 'colcon_pkg'
[0.847s] [34mcolcon.colcon_core.package_identification[0m [1;30mLevel 1[0m _identify(src/wifibot_bringup) by extensions ['colcon_meta']
[0.847s] [34mcolcon.colcon_core.package_identification[0m [1;30mLevel 1[0m _identify(src/wifibot_bringup) by extension 'colcon_meta'
[0.847s] [34mcolcon.colcon_core.package_identification[0m [1;30mLevel 1[0m _identify(src/wifibot_bringup) by extensions ['ros']
[0.847s] [34mcolcon.colcon_core.package_identification[0m [1;30mLevel 1[0m _identify(src/wifibot_bringup) by extension 'ros'
[0.852s] [34mcolcon.colcon_core.package_identification[0m [1;30mDEBUG[0m [32mPackage 'src/wifibot_bringup' with type 'ros.ament_python' and name 'wifibot_bringup'[0m
[0.853s] [34mcolcon.colcon_core.package_identification[0m [1;30mLevel 1[0m _identify(src/wifibot_control) by extensions ['ignore', 'ignore_ament_install']
[0.853s] [34mcolcon.colcon_core.package_identification[0m [1;30mLevel 1[0m _identify(src/wifibot_control) by extension 'ignore'
[0.853s] [34mcolcon.colcon_core.package_identification[0m [1;30mLevel 1[0m _identify(src/wifibot_control) by extension 'ignore_ament_install'
[0.853s] [34mcolcon.colcon_core.package_identification[0m [1;30mLevel 1[0m _identify(src/wifibot_control) by extensions ['colcon_pkg']
[0.854s] [34mcolcon.colcon_core.package_identification[0m [1;30mLevel 1[0m _identify(src/wifibot_control) by extension 'colcon_pkg'
[0.854s] [34mcolcon.colcon_core.package_identification[0m [1;30mLevel 1[0m _identify(src/wifibot_control) by extensions ['colcon_meta']
[0.854s] [34mcolcon.colcon_core.package_identification[0m [1;30mLevel 1[0m _identify(src/wifibot_control) by extension 'colcon_meta'
[0.854s] [34mcolcon.colcon_core.package_identification[0m [1;30mLevel 1[0m _identify(src/wifibot_control) by extensions ['ros']
[0.854s] [34mcolcon.colcon_core.package_identification[0m [1;30mLevel 1[0m _identify(src/wifibot_control) by extension 'ros'
[0.855s] [34mcolcon.colcon_core.package_identification[0m [1;30mDEBUG[0m [32mPackage 'src/wifibot_control' with type 'ros.ament_python' and name 'wifibot_control'[0m
[0.856s] [34mcolcon.colcon_core.package_identification[0m [1;30mLevel 1[0m _identify(src/wifibot_description) by extensions ['ignore', 'ignore_ament_install']
[0.856s] [34mcolcon.colcon_core.package_identification[0m [1;30mLevel 1[0m _identify(src/wifibot_description) by extension 'ignore'
[0.856s] [34mcolcon.colcon_core.package_identification[0m [1;30mLevel 1[0m _identify(src/wifibot_description) by extension 'ignore_ament_install'
[0.856s] [34mcolcon.colcon_core.package_identification[0m [1;30mLevel 1[0m _identify(src/wifibot_description) by extensions ['colcon_pkg']
[0.856s] [34mcolcon.colcon_core.package_identification[0m [1;30mLevel 1[0m _identify(src/wifibot_description) by extension 'colcon_pkg'
[0.856s] [34mcolcon.colcon_core.package_identification[0m [1;30mLevel 1[0m _identify(src/wifibot_description) by extensions ['colcon_meta']
[0.856s] [34mcolcon.colcon_core.package_identification[0m [1;30mLevel 1[0m _identify(src/wifibot_description) by extension 'colcon_meta'
[0.857s] [34mcolcon.colcon_core.package_identification[0m [1;30mLevel 1[0m _identify(src/wifibot_description) by extensions ['ros']
[0.857s] [34mcolcon.colcon_core.package_identification[0m [1;30mLevel 1[0m _identify(src/wifibot_description) by extension 'ros'
[0.858s] [34mcolcon.colcon_core.package_identification[0m [1;30mDEBUG[0m [32mPackage 'src/wifibot_description' with type 'ros.ament_python' and name 'wifibot_description'[0m
[0.858s] [34mcolcon.colcon_core.package_identification[0m [1;30mLevel 1[0m _identify(src/wifibot_gazebo) by extensions ['ignore', 'ignore_ament_install']
[0.858s] [34mcolcon.colcon_core.package_identification[0m [1;30mLevel 1[0m _identify(src/wifibot_gazebo) by extension 'ignore'
[0.859s] [34mcolcon.colcon_core.package_identification[0m [1;30mLevel 1[0m _identify(src/wifibot_gazebo) by extension 'ignore_ament_install'
[0.859s] [34mcolcon.colcon_core.package_identification[0m [1;30mLevel 1[0m _identify(src/wifibot_gazebo) by extensions ['colcon_pkg']
[0.859s] [34mcolcon.colcon_core.package_identification[0m [1;30mLevel 1[0m _identify(src/wifibot_gazebo) by extension 'colcon_pkg'
[0.859s] [34mcolcon.colcon_core.package_identification[0m [1;30mLevel 1[0m _identify(src/wifibot_gazebo) by extensions ['colcon_meta']
[0.859s] [34mcolcon.colcon_core.package_identification[0m [1;30mLevel 1[0m _identify(src/wifibot_gazebo) by extension 'colcon_meta'
[0.859s] [34mcolcon.colcon_core.package_identification[0m [1;30mLevel 1[0m _identify(src/wifibot_gazebo) by extensions ['ros']
[0.859s] [34mcolcon.colcon_core.package_identification[0m [1;30mLevel 1[0m _identify(src/wifibot_gazebo) by extension 'ros'
[0.860s] [34mcolcon.colcon_core.package_identification[0m [1;30mDEBUG[0m [32mPackage 'src/wifibot_gazebo' with type 'ros.ament_python' and name 'wifibot_gazebo'[0m
[0.861s] [34mcolcon.colcon_core.package_identification[0m [1;30mLevel 1[0m _identify(src/wifibot_navigation) by extensions ['ignore', 'ignore_ament_install']
[0.861s] [34mcolcon.colcon_core.package_identification[0m [1;30mLevel 1[0m _identify(src/wifibot_navigation) by extension 'ignore'
[0.861s] [34mcolcon.colcon_core.package_identification[0m [1;30mLevel 1[0m _identify(src/wifibot_navigation) by extension 'ignore_ament_install'
[0.861s] [34mcolcon.colcon_core.package_identification[0m [1;30mLevel 1[0m _identify(src/wifibot_navigation) by extensions ['colcon_pkg']
[0.861s] [34mcolcon.colcon_core.package_identification[0m [1;30mLevel 1[0m _identify(src/wifibot_navigation) by extension 'colcon_pkg'
[0.861s] [34mcolcon.colcon_core.package_identification[0m [1;30mLevel 1[0m _identify(src/wifibot_navigation) by extensions ['colcon_meta']
[0.861s] [34mcolcon.colcon_core.package_identification[0m [1;30mLevel 1[0m _identify(src/wifibot_navigation) by extension 'colcon_meta'
[0.862s] [34mcolcon.colcon_core.package_identification[0m [1;30mLevel 1[0m _identify(src/wifibot_navigation) by extensions ['ros']
[0.862s] [34mcolcon.colcon_core.package_identification[0m [1;30mLevel 1[0m _identify(src/wifibot_navigation) by extension 'ros'
[0.863s] [34mcolcon.colcon_core.package_identification[0m [1;30mDEBUG[0m [32mPackage 'src/wifibot_navigation' with type 'ros.ament_python' and name 'wifibot_navigation'[0m
[0.863s] [34mcolcon.colcon_core.package_identification[0m [1;30mLevel 1[0m _identify(src/wifibot_patrol) by extensions ['ignore', 'ignore_ament_install']
[0.863s] [34mcolcon.colcon_core.package_identification[0m [1;30mLevel 1[0m _identify(src/wifibot_patrol) by extension 'ignore'
[0.863s] [34mcolcon.colcon_core.package_identification[0m [1;30mLevel 1[0m _identify(src/wifibot_patrol) by extension 'ignore_ament_install'
[0.863s] [34mcolcon.colcon_core.package_identification[0m [1;30mLevel 1[0m _identify(src/wifibot_patrol) by extensions ['colcon_pkg']
[0.864s] [34mcolcon.colcon_core.package_identification[0m [1;30mLevel 1[0m _identify(src/wifibot_patrol) by extension 'colcon_pkg'
[0.864s] [34mcolcon.colcon_core.package_identification[0m [1;30mLevel 1[0m _identify(src/wifibot_patrol) by extensions ['colcon_meta']
[0.864s] [34mcolcon.colcon_core.package_identification[0m [1;30mLevel 1[0m _identify(src/wifibot_patrol) by extension 'colcon_meta'
[0.864s] [34mcolcon.colcon_core.package_identification[0m [1;30mLevel 1[0m _identify(src/wifibot_patrol) by extensions ['ros']
[0.864s] [34mcolcon.colcon_core.package_identification[0m [1;30mLevel 1[0m _identify(src/wifibot_patrol) by extension 'ros'
[0.866s] [34mcolcon.colcon_core.package_identification[0m [1;30mDEBUG[0m [32mPackage 'src/wifibot_patrol' with type 'ros.ament_python' and name 'wifibot_patrol'[0m
[0.866s] [34mcolcon.colcon_core.package_identification[0m [1;30mLevel 1[0m _identify(src/wifibot_slam) by extensions ['ignore', 'ignore_ament_install']
[0.866s] [34mcolcon.colcon_core.package_identification[0m [1;30mLevel 1[0m _identify(src/wifibot_slam) by extension 'ignore'
[0.866s] [34mcolcon.colcon_core.package_identification[0m [1;30mLevel 1[0m _identify(src/wifibot_slam) by extension 'ignore_ament_install'
[0.866s] [34mcolcon.colcon_core.package_identification[0m [1;30mLevel 1[0m _identify(src/wifibot_slam) by extensions ['colcon_pkg']
[0.867s] [34mcolcon.colcon_core.package_identification[0m [1;30mLevel 1[0m _identify(src/wifibot_slam) by extension 'colcon_pkg'
[0.867s] [34mcolcon.colcon_core.package_identification[0m [1;30mLevel 1[0m _identify(src/wifibot_slam) by extensions ['colcon_meta']
[0.867s] [34mcolcon.colcon_core.package_identification[0m [1;30mLevel 1[0m _identify(src/wifibot_slam) by extension 'colcon_meta'
[0.867s] [34mcolcon.colcon_core.package_identification[0m [1;30mLevel 1[0m _identify(src/wifibot_slam) by extensions ['ros']
[0.867s] [34mcolcon.colcon_core.package_identification[0m [1;30mLevel 1[0m _identify(src/wifibot_slam) by extension 'ros'
[0.870s] [34mcolcon.colcon_core.package_identification[0m [1;30mDEBUG[0m [32mPackage 'src/wifibot_slam' with type 'ros.ament_python' and name 'wifibot_slam'[0m
[0.870s] [34mcolcon.colcon_core.package_identification[0m [1;30mLevel 1[0m _identify(src/wifibot_tasks) by extensions ['ignore', 'ignore_ament_install']
[0.871s] [34mcolcon.colcon_core.package_identification[0m [1;30mLevel 1[0m _identify(src/wifibot_tasks) by extension 'ignore'
[0.871s] [34mcolcon.colcon_core.package_identification[0m [1;30mLevel 1[0m _identify(src/wifibot_tasks) by extension 'ignore_ament_install'
[0.871s] [34mcolcon.colcon_core.package_identification[0m [1;30mLevel 1[0m _identify(src/wifibot_tasks) by extensions ['colcon_pkg']
[0.871s] [34mcolcon.colcon_core.package_identification[0m [1;30mLevel 1[0m _identify(src/wifibot_tasks) by extension 'colcon_pkg'
[0.871s] [34mcolcon.colcon_core.package_identification[0m [1;30mLevel 1[0m _identify(src/wifibot_tasks) by extensions ['colcon_meta']
[0.871s] [34mcolcon.colcon_core.package_identification[0m [1;30mLevel 1[0m _identify(src/wifibot_tasks) by extension 'colcon_meta'
[0.871s] [34mcolcon.colcon_core.package_identification[0m [1;30mLevel 1[0m _identify(src/wifibot_tasks) by extensions ['ros']
[0.871s] [34mcolcon.colcon_core.package_identification[0m [1;30mLevel 1[0m _identify(src/wifibot_tasks) by extension 'ros'
[0.872s] [34mcolcon.colcon_core.package_identification[0m [1;30mDEBUG[0m [32mPackage 'src/wifibot_tasks' with type 'ros.ament_python' and name 'wifibot_tasks'[0m
[0.873s] [34mcolcon.colcon_core.package_discovery[0m [1;30mLevel 1[0m discover_packages(recursive) using defaults
[0.873s] [34mcolcon.colcon_core.package_discovery[0m [1;30mLevel 1[0m discover_packages(ignore) discover
[0.873s] [34mcolcon.colcon_core.package_discovery[0m [1;30mLevel 1[0m discover_packages(ignore) using defaults
[0.873s] [34mcolcon.colcon_core.package_discovery[0m [1;30mLevel 1[0m discover_packages(path) discover
[0.873s] [34mcolcon.colcon_core.package_discovery[0m [1;30mLevel 1[0m discover_packages(path) using defaults
[0.911s] [34mcolcon.colcon_core.package_discovery[0m [1;30mLevel 1[0m discover_packages(prefix_path) check parameters
[0.911s] [34mcolcon.colcon_core.package_discovery[0m [1;30mLevel 1[0m discover_packages(prefix_path) discover
[0.913s] [34mcolcon.colcon_ros.prefix_path.ament[0m [1;30mWARNING[0m [33mThe path '/home/user/wifibot_ws/install/wifibot_tasks' in the environment variable AMENT_PREFIX_PATH doesn't exist[0m
[0.914s] [34mcolcon.colcon_ros.prefix_path.ament[0m [1;30mWARNING[0m [33mThe path '/home/user/wifibot_ws/install/wifibot_slam' in the environment variable AMENT_PREFIX_PATH doesn't exist[0m
[0.914s] [34mcolcon.colcon_ros.prefix_path.ament[0m [1;30mWARNING[0m [33mThe path '/home/user/wifibot_ws/install/wifibot_patrol' in the environment variable AMENT_PREFIX_PATH doesn't exist[0m
[0.914s] [34mcolcon.colcon_ros.prefix_path.ament[0m [1;30mWARNING[0m [33mThe path '/home/user/wifibot_ws/install/wifibot_navigation' in the environment variable AMENT_PREFIX_PATH doesn't exist[0m
[0.914s] [34mcolcon.colcon_ros.prefix_path.ament[0m [1;30mWARNING[0m [33mThe path '/home/user/wifibot_ws/install/wifibot_gazebo' in the environment variable AMENT_PREFIX_PATH doesn't exist[0m
[0.914s] [34mcolcon.colcon_ros.prefix_path.ament[0m [1;30mWARNING[0m [33mThe path '/home/user/wifibot_ws/install/wifibot_description' in the environment variable AMENT_PREFIX_PATH doesn't exist[0m
[0.914s] [34mcolcon.colcon_ros.prefix_path.ament[0m [1;30mWARNING[0m [33mThe path '/home/user/wifibot_ws/install/wifibot_control' in the environment variable AMENT_PREFIX_PATH doesn't exist[0m
[0.914s] [34mcolcon.colcon_ros.prefix_path.ament[0m [1;30mWARNING[0m [33mThe path '/home/user/wifibot_ws/install/wifibot_bringup' in the environment variable AMENT_PREFIX_PATH doesn't exist[0m
[0.917s] [34mcolcon.colcon_installed_package_information.package_discovery[0m [1;30mDEBUG[0m [32mFound 0 installed packages in /home/user/wifibot_ws/install[0m
[0.918s] [34mcolcon.colcon_installed_package_information.package_discovery[0m [1;30mDEBUG[0m [32mFound 4 installed packages in /home/user/ros2_ws/install[0m
[0.921s] [34mcolcon.colcon_installed_package_information.package_discovery[0m [1;30mDEBUG[0m [32mFound 379 installed packages in /opt/ros/humble[0m
[0.925s] [34mcolcon.colcon_core.package_discovery[0m [1;30mLevel 1[0m discover_packages(prefix_path) using defaults
[1.031s] [34mcolcon.colcon_core.verb[0m [1;30mLevel 5[0m set package 'wifibot_bringup' build argument 'cmake_args' from command line to 'None'
[1.031s] [34mcolcon.colcon_core.verb[0m [1;30mLevel 5[0m set package 'wifibot_bringup' build argument 'cmake_target' from command line to 'None'
[1.031s] [34mcolcon.colcon_core.verb[0m [1;30mLevel 5[0m set package 'wifibot_bringup' build argument 'cmake_target_skip_unavailable' from command line to 'False'
[1.031s] [34mcolcon.colcon_core.verb[0m [1;30mLevel 5[0m set package 'wifibot_bringup' build argument 'cmake_clean_cache' from command line to 'False'
[1.032s] [34mcolcon.colcon_core.verb[0m [1;30mLevel 5[0m set package 'wifibot_bringup' build argument 'cmake_clean_first' from command line to 'False'
[1.032s] [34mcolcon.colcon_core.verb[0m [1;30mLevel 5[0m set package 'wifibot_bringup' build argument 'cmake_force_configure' from command line to 'False'
[1.032s] [34mcolcon.colcon_core.verb[0m [1;30mLevel 5[0m set package 'wifibot_bringup' build argument 'ament_cmake_args' from command line to 'None'
[1.032s] [34mcolcon.colcon_core.verb[0m [1;30mLevel 5[0m set package 'wifibot_bringup' build argument 'catkin_cmake_args' from command line to 'None'
[1.032s] [34mcolcon.colcon_core.verb[0m [1;30mLevel 5[0m set package 'wifibot_bringup' build argument 'catkin_skip_building_tests' from command line to 'False'
[1.032s] [34mcolcon.colcon_core.verb[0m [1;30mDEBUG[0m [32mBuilding package 'wifibot_bringup' with the following arguments: {'ament_cmake_args': None, 'build_base': '/home/user/wifibot_ws/build/wifibot_bringup', 'catkin_cmake_args': None, 'catkin_skip_building_tests': False, 'cmake_args': None, 'cmake_clean_cache': False, 'cmake_clean_first': False, 'cmake_force_configure': False, 'cmake_target': None, 'cmake_target_skip_unavailable': False, 'install_base': '/home/user/wifibot_ws/install/wifibot_bringup', 'merge_install': False, 'path': '/home/user/wifibot_ws/src/wifibot_bringup', 'symlink_install': True, 'test_result_base': None}[0m
[1.033s] [34mcolcon.colcon_core.verb[0m [1;30mLevel 5[0m set package 'wifibot_control' build argument 'cmake_args' from command line to 'None'
[1.033s] [34mcolcon.colcon_core.verb[0m [1;30mLevel 5[0m set package 'wifibot_control' build argument 'cmake_target' from command line to 'None'
[1.033s] [34mcolcon.colcon_core.verb[0m [1;30mLevel 5[0m set package 'wifibot_control' build argument 'cmake_target_skip_unavailable' from command line to 'False'
[1.033s] [34mcolcon.colcon_core.verb[0m [1;30mLevel 5[0m set package 'wifibot_control' build argument 'cmake_clean_cache' from command line to 'False'
[1.033s] [34mcolcon.colcon_core.verb[0m [1;30mLevel 5[0m set package 'wifibot_control' build argument 'cmake_clean_first' from command line to 'False'
[1.033s] [34mcolcon.colcon_core.verb[0m [1;30mLevel 5[0m set package 'wifibot_control' build argument 'cmake_force_configure' from command line to 'False'
[1.033s] [34mcolcon.colcon_core.verb[0m [1;30mLevel 5[0m set package 'wifibot_control' build argument 'ament_cmake_args' from command line to 'None'
[1.033s] [34mcolcon.colcon_core.verb[0m [1;30mLevel 5[0m set package 'wifibot_control' build argument 'catkin_cmake_args' from command line to 'None'
[1.033s] [34mcolcon.colcon_core.verb[0m [1;30mLevel 5[0m set package 'wifibot_control' build argument 'catkin_skip_building_tests' from command line to 'False'
[1.033s] [34mcolcon.colcon_core.verb[0m [1;30mDEBUG[0m [32mBuilding package 'wifibot_control' with the following arguments: {'ament_cmake_args': None, 'build_base': '/home/user/wifibot_ws/build/wifibot_control', 'catkin_cmake_args': None, 'catkin_skip_building_tests': False, 'cmake_args': None, 'cmake_clean_cache': False, 'cmake_clean_first': False, 'cmake_force_configure': False, 'cmake_target': None, 'cmake_target_skip_unavailable': False, 'install_base': '/home/user/wifibot_ws/install/wifibot_control', 'merge_install': False, 'path': '/home/user/wifibot_ws/src/wifibot_control', 'symlink_install': True, 'test_result_base': None}[0m
[1.034s] [34mcolcon.colcon_core.verb[0m [1;30mLevel 5[0m set package 'wifibot_description' build argument 'cmake_args' from command line to 'None'
[1.034s] [34mcolcon.colcon_core.verb[0m [1;30mLevel 5[0m set package 'wifibot_description' build argument 'cmake_target' from command line to 'None'
[1.034s] [34mcolcon.colcon_core.verb[0m [1;30mLevel 5[0m set package 'wifibot_description' build argument 'cmake_target_skip_unavailable' from command line to 'False'
[1.034s] [34mcolcon.colcon_core.verb[0m [1;30mLevel 5[0m set package 'wifibot_description' build argument 'cmake_clean_cache' from command line to 'False'
[1.034s] [34mcolcon.colcon_core.verb[0m [1;30mLevel 5[0m set package 'wifibot_description' build argument 'cmake_clean_first' from command line to 'False'
[1.034s] [34mcolcon.colcon_core.verb[0m [1;30mLevel 5[0m set package 'wifibot_description' build argument 'cmake_force_configure' from command line to 'False'
[1.034s] [34mcolcon.colcon_core.verb[0m [1;30mLevel 5[0m set package 'wifibot_description' build argument 'ament_cmake_args' from command line to 'None'
[1.034s] [34mcolcon.colcon_core.verb[0m [1;30mLevel 5[0m set package 'wifibot_description' build argument 'catkin_cmake_args' from command line to 'None'
[1.034s] [34mcolcon.colcon_core.verb[0m [1;30mLevel 5[0m set package 'wifibot_description' build argument 'catkin_skip_building_tests' from command line to 'False'
[1.034s] [34mcolcon.colcon_core.verb[0m [1;30mDEBUG[0m [32mBuilding package 'wifibot_description' with the following arguments: {'ament_cmake_args': None, 'build_base': '/home/user/wifibot_ws/build/wifibot_description', 'catkin_cmake_args': None, 'catkin_skip_building_tests': False, 'cmake_args': None, 'cmake_clean_cache': False, 'cmake_clean_first': False, 'cmake_force_configure': False, 'cmake_target': None, 'cmake_target_skip_unavailable': False, 'install_base': '/home/user/wifibot_ws/install/wifibot_description', 'merge_install': False, 'path': '/home/user/wifibot_ws/src/wifibot_description', 'symlink_install': True, 'test_result_base': None}[0m
[1.035s] [34mcolcon.colcon_core.verb[0m [1;30mLevel 5[0m set package 'wifibot_gazebo' build argument 'cmake_args' from command line to 'None'
[1.035s] [34mcolcon.colcon_core.verb[0m [1;30mLevel 5[0m set package 'wifibot_gazebo' build argument 'cmake_target' from command line to 'None'
[1.035s] [34mcolcon.colcon_core.verb[0m [1;30mLevel 5[0m set package 'wifibot_gazebo' build argument 'cmake_target_skip_unavailable' from command line to 'False'
[1.035s] [34mcolcon.colcon_core.verb[0m [1;30mLevel 5[0m set package 'wifibot_gazebo' build argument 'cmake_clean_cache' from command line to 'False'
[1.035s] [34mcolcon.colcon_core.verb[0m [1;30mLevel 5[0m set package 'wifibot_gazebo' build argument 'cmake_clean_first' from command line to 'False'
[1.035s] [34mcolcon.colcon_core.verb[0m [1;30mLevel 5[0m set package 'wifibot_gazebo' build argument 'cmake_force_configure' from command line to 'False'
[1.035s] [34mcolcon.colcon_core.verb[0m [1;30mLevel 5[0m set package 'wifibot_gazebo' build argument 'ament_cmake_args' from command line to 'None'
[1.035s] [34mcolcon.colcon_core.verb[0m [1;30mLevel 5[0m set package 'wifibot_gazebo' build argument 'catkin_cmake_args' from command line to 'None'
[1.035s] [34mcolcon.colcon_core.verb[0m [1;30mLevel 5[0m set package 'wifibot_gazebo' build argument 'catkin_skip_building_tests' from command line to 'False'
[1.035s] [34mcolcon.colcon_core.verb[0m [1;30mDEBUG[0m [32mBuilding package 'wifibot_gazebo' with the following arguments: {'ament_cmake_args': None, 'build_base': '/home/user/wifibot_ws/build/wifibot_gazebo', 'catkin_cmake_args': None, 'catkin_skip_building_tests': False, 'cmake_args': None, 'cmake_clean_cache': False, 'cmake_clean_first': False, 'cmake_force_configure': False, 'cmake_target': None, 'cmake_target_skip_unavailable': False, 'install_base': '/home/user/wifibot_ws/install/wifibot_gazebo', 'merge_install': False, 'path': '/home/user/wifibot_ws/src/wifibot_gazebo', 'symlink_install': True, 'test_result_base': None}[0m
[1.036s] [34mcolcon.colcon_core.verb[0m [1;30mLevel 5[0m set package 'wifibot_navigation' build argument 'cmake_args' from command line to 'None'
[1.036s] [34mcolcon.colcon_core.verb[0m [1;30mLevel 5[0m set package 'wifibot_navigation' build argument 'cmake_target' from command line to 'None'
[1.036s] [34mcolcon.colcon_core.verb[0m [1;30mLevel 5[0m set package 'wifibot_navigation' build argument 'cmake_target_skip_unavailable' from command line to 'False'
[1.036s] [34mcolcon.colcon_core.verb[0m [1;30mLevel 5[0m set package 'wifibot_navigation' build argument 'cmake_clean_cache' from command line to 'False'
[1.036s] [34mcolcon.colcon_core.verb[0m [1;30mLevel 5[0m set package 'wifibot_navigation' build argument 'cmake_clean_first' from command line to 'False'
[1.036s] [34mcolcon.colcon_core.verb[0m [1;30mLevel 5[0m set package 'wifibot_navigation' build argument 'cmake_force_configure' from command line to 'False'
[1.036s] [34mcolcon.colcon_core.verb[0m [1;30mLevel 5[0m set package 'wifibot_navigation' build argument 'ament_cmake_args' from command line to 'None'
[1.036s] [34mcolcon.colcon_core.verb[0m [1;30mLevel 5[0m set package 'wifibot_navigation' build argument 'catkin_cmake_args' from command line to 'None'
[1.036s] [34mcolcon.colcon_core.verb[0m [1;30mLevel 5[0m set package 'wifibot_navigation' build argument 'catkin_skip_building_tests' from command line to 'False'
[1.037s] [34mcolcon.colcon_core.verb[0m [1;30mDEBUG[0m [32mBuilding package 'wifibot_navigation' with the following arguments: {'ament_cmake_args': None, 'build_base': '/home/user/wifibot_ws/build/wifibot_navigation', 'catkin_cmake_args': None, 'catkin_skip_building_tests': False, 'cmake_args': None, 'cmake_clean_cache': False, 'cmake_clean_first': False, 'cmake_force_configure': False, 'cmake_target': None, 'cmake_target_skip_unavailable': False, 'install_base': '/home/user/wifibot_ws/install/wifibot_navigation', 'merge_install': False, 'path': '/home/user/wifibot_ws/src/wifibot_navigation', 'symlink_install': True, 'test_result_base': None}[0m
[1.037s] [34mcolcon.colcon_core.verb[0m [1;30mLevel 5[0m set package 'wifibot_patrol' build argument 'cmake_args' from command line to 'None'
[1.037s] [34mcolcon.colcon_core.verb[0m [1;30mLevel 5[0m set package 'wifibot_patrol' build argument 'cmake_target' from command line to 'None'
[1.037s] [34mcolcon.colcon_core.verb[0m [1;30mLevel 5[0m set package 'wifibot_patrol' build argument 'cmake_target_skip_unavailable' from command line to 'False'
[1.037s] [34mcolcon.colcon_core.verb[0m [1;30mLevel 5[0m set package 'wifibot_patrol' build argument 'cmake_clean_cache' from command line to 'False'
[1.037s] [34mcolcon.colcon_core.verb[0m [1;30mLevel 5[0m set package 'wifibot_patrol' build argument 'cmake_clean_first' from command line to 'False'
[1.037s] [34mcolcon.colcon_core.verb[0m [1;30mLevel 5[0m set package 'wifibot_patrol' build argument 'cmake_force_configure' from command line to 'False'
[1.037s] [34mcolcon.colcon_core.verb[0m [1;30mLevel 5[0m set package 'wifibot_patrol' build argument 'ament_cmake_args' from command line to 'None'
[1.037s] [34mcolcon.colcon_core.verb[0m [1;30mLevel 5[0m set package 'wifibot_patrol' build argument 'catkin_cmake_args' from command line to 'None'
[1.038s] [34mcolcon.colcon_core.verb[0m [1;30mLevel 5[0m set package 'wifibot_patrol' build argument 'catkin_skip_building_tests' from command line to 'False'
[1.038s] [34mcolcon.colcon_core.verb[0m [1;30mDEBUG[0m [32mBuilding package 'wifibot_patrol' with the following arguments: {'ament_cmake_args': None, 'build_base': '/home/user/wifibot_ws/build/wifibot_patrol', 'catkin_cmake_args': None, 'catkin_skip_building_tests': False, 'cmake_args': None, 'cmake_clean_cache': False, 'cmake_clean_first': False, 'cmake_force_configure': False, 'cmake_target': None, 'cmake_target_skip_unavailable': False, 'install_base': '/home/user/wifibot_ws/install/wifibot_patrol', 'merge_install': False, 'path': '/home/user/wifibot_ws/src/wifibot_patrol', 'symlink_install': True, 'test_result_base': None}[0m
[1.038s] [34mcolcon.colcon_core.verb[0m [1;30mLevel 5[0m set package 'wifibot_slam' build argument 'cmake_args' from command line to 'None'
[1.038s] [34mcolcon.colcon_core.verb[0m [1;30mLevel 5[0m set package 'wifibot_slam' build argument 'cmake_target' from command line to 'None'
[1.038s] [34mcolcon.colcon_core.verb[0m [1;30mLevel 5[0m set package 'wifibot_slam' build argument 'cmake_target_skip_unavailable' from command line to 'False'
[1.038s] [34mcolcon.colcon_core.verb[0m [1;30mLevel 5[0m set package 'wifibot_slam' build argument 'cmake_clean_cache' from command line to 'False'
[1.038s] [34mcolcon.colcon_core.verb[0m [1;30mLevel 5[0m set package 'wifibot_slam' build argument 'cmake_clean_first' from command line to 'False'
[1.038s] [34mcolcon.colcon_core.verb[0m [1;30mLevel 5[0m set package 'wifibot_slam' build argument 'cmake_force_configure' from command line to 'False'
[1.039s] [34mcolcon.colcon_core.verb[0m [1;30mLevel 5[0m set package 'wifibot_slam' build argument 'ament_cmake_args' from command line to 'None'
[1.039s] [34mcolcon.colcon_core.verb[0m [1;30mLevel 5[0m set package 'wifibot_slam' build argument 'catkin_cmake_args' from command line to 'None'
[1.039s] [34mcolcon.colcon_core.verb[0m [1;30mLevel 5[0m set package 'wifibot_slam' build argument 'catkin_skip_building_tests' from command line to 'False'
[1.039s] [34mcolcon.colcon_core.verb[0m [1;30mDEBUG[0m [32mBuilding package 'wifibot_slam' with the following arguments: {'ament_cmake_args': None, 'build_base': '/home/user/wifibot_ws/build/wifibot_slam', 'catkin_cmake_args': None, 'catkin_skip_building_tests': False, 'cmake_args': None, 'cmake_clean_cache': False, 'cmake_clean_first': False, 'cmake_force_configure': False, 'cmake_target': None, 'cmake_target_skip_unavailable': False, 'install_base': '/home/user/wifibot_ws/install/wifibot_slam', 'merge_install': False, 'path': '/home/user/wifibot_ws/src/wifibot_slam', 'symlink_install': True, 'test_result_base': None}[0m
[1.039s] [34mcolcon.colcon_core.verb[0m [1;30mLevel 5[0m set package 'wifibot_tasks' build argument 'cmake_args' from command line to 'None'
[1.039s] [34mcolcon.colcon_core.verb[0m [1;30mLevel 5[0m set package 'wifibot_tasks' build argument 'cmake_target' from command line to 'None'
[1.039s] [34mcolcon.colcon_core.verb[0m [1;30mLevel 5[0m set package 'wifibot_tasks' build argument 'cmake_target_skip_unavailable' from command line to 'False'
[1.039s] [34mcolcon.colcon_core.verb[0m [1;30mLevel 5[0m set package 'wifibot_tasks' build argument 'cmake_clean_cache' from command line to 'False'
[1.039s] [34mcolcon.colcon_core.verb[0m [1;30mLevel 5[0m set package 'wifibot_tasks' build argument 'cmake_clean_first' from command line to 'False'
[1.040s] [34mcolcon.colcon_core.verb[0m [1;30mLevel 5[0m set package 'wifibot_tasks' build argument 'cmake_force_configure' from command line to 'False'
[1.040s] [34mcolcon.colcon_core.verb[0m [1;30mLevel 5[0m set package 'wifibot_tasks' build argument 'ament_cmake_args' from command line to 'None'
[1.040s] [34mcolcon.colcon_core.verb[0m [1;30mLevel 5[0m set package 'wifibot_tasks' build argument 'catkin_cmake_args' from command line to 'None'
[1.040s] [34mcolcon.colcon_core.verb[0m [1;30mLevel 5[0m set package 'wifibot_tasks' build argument 'catkin_skip_building_tests' from command line to 'False'
[1.040s] [34mcolcon.colcon_core.verb[0m [1;30mDEBUG[0m [32mBuilding package 'wifibot_tasks' with the following arguments: {'ament_cmake_args': None, 'build_base': '/home/user/wifibot_ws/build/wifibot_tasks', 'catkin_cmake_args': None, 'catkin_skip_building_tests': False, 'cmake_args': None, 'cmake_clean_cache': False, 'cmake_clean_first': False, 'cmake_force_configure': False, 'cmake_target': None, 'cmake_target_skip_unavailable': False, 'install_base': '/home/user/wifibot_ws/install/wifibot_tasks', 'merge_install': False, 'path': '/home/user/wifibot_ws/src/wifibot_tasks', 'symlink_install': True, 'test_result_base': None}[0m
[1.040s] [34mcolcon.colcon_core.executor[0m [1;30mINFO[0m Executing jobs using 'parallel' executor
[1.044s] [34mcolcon.colcon_parallel_executor.executor.parallel[0m [1;30mDEBUG[0m [32mrun_until_complete[0m
[1.045s] [34mcolcon.colcon_ros.task.ament_python.build[0m [1;30mINFO[0m Building ROS package in '/home/user/wifibot_ws/src/wifibot_bringup' with build type 'ament_python'
[1.045s] [34mcolcon.colcon_core.shell[0m [1;30mLevel 1[0m create_environment_hook('wifibot_bringup', 'ament_prefix_path')
[1.057s] [34mcolcon.colcon_core.plugin_system[0m [1;30mINFO[0m Skipping extension 'colcon_core.shell.bat': Not used on non-Windows systems
[1.058s] [34mcolcon.colcon_core.shell[0m [1;30mINFO[0m Creating environment hook '/home/user/wifibot_ws/install/wifibot_bringup/share/wifibot_bringup/hook/ament_prefix_path.ps1'
[1.060s] [34mcolcon.colcon_core.shell[0m [1;30mINFO[0m Creating environment descriptor '/home/user/wifibot_ws/install/wifibot_bringup/share/wifibot_bringup/hook/ament_prefix_path.dsv'
[1.062s] [34mcolcon.colcon_core.shell[0m [1;30mINFO[0m Creating environment hook '/home/user/wifibot_ws/install/wifibot_bringup/share/wifibot_bringup/hook/ament_prefix_path.sh'
[1.063s] [34mcolcon.colcon_core.shell[0m [1;30mINFO[0m Skip shell extension 'powershell' for command environment: Not usable outside of PowerShell
[1.063s] [34mcolcon.colcon_core.shell[0m [1;30mDEBUG[0m [32mSkip shell extension 'dsv' for command environment[0m
[1.092s] [34mcolcon.colcon_ros.task.ament_python.build[0m [1;30mINFO[0m Building ROS package in '/home/user/wifibot_ws/src/wifibot_control' with build type 'ament_python'
[1.092s] [34mcolcon.colcon_core.shell[0m [1;30mLevel 1[0m create_environment_hook('wifibot_control', 'ament_prefix_path')
[1.094s] [34mcolcon.colcon_core.shell[0m [1;30mINFO[0m Creating environment hook '/home/user/wifibot_ws/install/wifibot_control/share/wifibot_control/hook/ament_prefix_path.ps1'
[1.096s] [34mcolcon.colcon_core.shell[0m [1;30mINFO[0m Creating environment descriptor '/home/user/wifibot_ws/install/wifibot_control/share/wifibot_control/hook/ament_prefix_path.dsv'
[1.097s] [34mcolcon.colcon_core.shell[0m [1;30mINFO[0m Creating environment hook '/home/user/wifibot_ws/install/wifibot_control/share/wifibot_control/hook/ament_prefix_path.sh'
[1.099s] [34mcolcon.colcon_core.shell[0m [1;30mINFO[0m Skip shell extension 'powershell' for command environment: Not usable outside of PowerShell
[1.099s] [34mcolcon.colcon_core.shell[0m [1;30mDEBUG[0m [32mSkip shell extension 'dsv' for command environment[0m
[1.111s] [34mcolcon.colcon_ros.task.ament_python.build[0m [1;30mINFO[0m Building ROS package in '/home/user/wifibot_ws/src/wifibot_description' with build type 'ament_python'
[1.111s] [34mcolcon.colcon_core.shell[0m [1;30mLevel 1[0m create_environment_hook('wifibot_description', 'ament_prefix_path')
[1.112s] [34mcolcon.colcon_core.shell[0m [1;30mINFO[0m Creating environment hook '/home/user/wifibot_ws/install/wifibot_description/share/wifibot_description/hook/ament_prefix_path.ps1'
[1.114s] [34mcolcon.colcon_core.shell[0m [1;30mINFO[0m Creating environment descriptor '/home/user/wifibot_ws/install/wifibot_description/share/wifibot_description/hook/ament_prefix_path.dsv'
[1.115s] [34mcolcon.colcon_core.shell[0m [1;30mINFO[0m Creating environment hook '/home/user/wifibot_ws/install/wifibot_description/share/wifibot_description/hook/ament_prefix_path.sh'
[1.117s] [34mcolcon.colcon_core.shell[0m [1;30mINFO[0m Skip shell extension 'powershell' for command environment: Not usable outside of PowerShell
[1.117s] [34mcolcon.colcon_core.shell[0m [1;30mDEBUG[0m [32mSkip shell extension 'dsv' for command environment[0m
[1.132s] [34mcolcon.colcon_ros.task.ament_python.build[0m [1;30mINFO[0m Building ROS package in '/home/user/wifibot_ws/src/wifibot_gazebo' with build type 'ament_python'
[1.133s] [34mcolcon.colcon_core.shell[0m [1;30mLevel 1[0m create_environment_hook('wifibot_gazebo', 'ament_prefix_path')
[1.134s] [34mcolcon.colcon_core.shell[0m [1;30mINFO[0m Creating environment hook '/home/user/wifibot_ws/install/wifibot_gazebo/share/wifibot_gazebo/hook/ament_prefix_path.ps1'
[1.141s] [34mcolcon.colcon_core.shell[0m [1;30mINFO[0m Creating environment descriptor '/home/user/wifibot_ws/install/wifibot_gazebo/share/wifibot_gazebo/hook/ament_prefix_path.dsv'
[1.142s] [34mcolcon.colcon_core.shell[0m [1;30mINFO[0m Creating environment hook '/home/user/wifibot_ws/install/wifibot_gazebo/share/wifibot_gazebo/hook/ament_prefix_path.sh'
[1.144s] [34mcolcon.colcon_core.shell[0m [1;30mINFO[0m Skip shell extension 'powershell' for command environment: Not usable outside of PowerShell
[1.144s] [34mcolcon.colcon_core.shell[0m [1;30mDEBUG[0m [32mSkip shell extension 'dsv' for command environment[0m
[1.867s] [34mcolcon.colcon_core.task.python.build[0m [1;30mINFO[0m Building Python package in '/home/user/wifibot_ws/src/wifibot_bringup'
[1.868s] [34mcolcon.colcon_core.shell[0m [1;30mINFO[0m Skip shell extension 'powershell' for command environment: Not usable outside of PowerShell
[1.868s] [34mcolcon.colcon_core.shell[0m [1;30mDEBUG[0m [32mSkip shell extension 'dsv' for command environment[0m
[2.556s] [34mcolcon.colcon_core.task.python.build[0m [1;30mINFO[0m Building Python package in '/home/user/wifibot_ws/src/wifibot_control'
[2.557s] [34mcolcon.colcon_core.shell[0m [1;30mINFO[0m Skip shell extension 'powershell' for command environment: Not usable outside of PowerShell
[2.557s] [34mcolcon.colcon_core.shell[0m [1;30mDEBUG[0m [32mSkip shell extension 'dsv' for command environment[0m
[3.227s] [34mcolcon.colcon_core.task.python.build[0m [1;30mINFO[0m Building Python package in '/home/user/wifibot_ws/src/wifibot_description'
[3.228s] [34mcolcon.colcon_core.shell[0m [1;30mINFO[0m Skip shell extension 'powershell' for command environment: Not usable outside of PowerShell
[3.228s] [34mcolcon.colcon_core.shell[0m [1;30mDEBUG[0m [32mSkip shell extension 'dsv' for command environment[0m
[3.966s] [34mcolcon.colcon_core.task.python.build[0m [1;30mINFO[0m Building Python package in '/home/user/wifibot_ws/src/wifibot_gazebo'
[3.967s] [34mcolcon.colcon_core.shell[0m [1;30mINFO[0m Skip shell extension 'powershell' for command environment: Not usable outside of PowerShell
[3.967s] [34mcolcon.colcon_core.shell[0m [1;30mDEBUG[0m [32mSkip shell extension 'dsv' for command environment[0m
[5.279s] [34mcolcon.colcon_core.event_handler.log_command[0m [1;30mDEBUG[0m [32mInvoking command in '/home/user/wifibot_ws/build/wifibot_description': PYTHONPATH=/home/user/wifibot_ws/build/wifibot_description/prefix_override:/usr/lib/python3/dist-packages/colcon_core/task/python/colcon_distutils_commands:/home/user/wifibot_ws/install/wifibot_description/lib/python3.10/site-packages:${PYTHONPATH} /usr/bin/python3 -W ignore:setup.py install is deprecated -W ignore:easy_install command is deprecated setup.py develop --editable --build-directory /home/user/wifibot_ws/build/wifibot_description/build --no-deps symlink_data[0m
[5.391s] [34mcolcon.colcon_core.event_handler.log_command[0m [1;30mDEBUG[0m [32mInvoking command in '/home/user/wifibot_ws/build/wifibot_control': PYTHONPATH=/home/user/wifibot_ws/build/wifibot_control/prefix_override:/usr/lib/python3/dist-packages/colcon_core/task/python/colcon_distutils_commands:/home/user/wifibot_ws/install/wifibot_control/lib/python3.10/site-packages:${PYTHONPATH} /usr/bin/python3 -W ignore:setup.py install is deprecated -W ignore:easy_install command is deprecated setup.py develop --editable --build-directory /home/user/wifibot_ws/build/wifibot_control/build --no-deps symlink_data[0m
[5.434s] [34mcolcon.colcon_core.event_handler.log_command[0m [1;30mDEBUG[0m [32mInvoking command in '/home/user/wifibot_ws/build/wifibot_bringup': PYTHONPATH=/home/user/wifibot_ws/build/wifibot_bringup/prefix_override:/usr/lib/python3/dist-packages/colcon_core/task/python/colcon_distutils_commands:/home/user/wifibot_ws/install/wifibot_bringup/lib/python3.10/site-packages:${PYTHONPATH} /usr/bin/python3 -W ignore:setup.py install is deprecated -W ignore:easy_install command is deprecated setup.py develop --editable --build-directory /home/user/wifibot_ws/build/wifibot_bringup/build --no-deps symlink_data[0m
[5.890s] [34mcolcon.colcon_core.event_handler.log_command[0m [1;30mDEBUG[0m [32mInvoking command in '/home/user/wifibot_ws/build/wifibot_gazebo': PYTHONPATH=/home/user/wifibot_ws/build/wifibot_gazebo/prefix_override:/usr/lib/python3/dist-packages/colcon_core/task/python/colcon_distutils_commands:/home/user/wifibot_ws/install/wifibot_gazebo/lib/python3.10/site-packages:${PYTHONPATH} /usr/bin/python3 -W ignore:setup.py install is deprecated -W ignore:easy_install command is deprecated setup.py develop --editable --build-directory /home/user/wifibot_ws/build/wifibot_gazebo/build --no-deps symlink_data[0m
[7.773s] [34mcolcon.colcon_core.shell[0m [1;30mLevel 1[0m create_environment_hook('wifibot_description', 'pythonpath_develop')
[7.774s] [34mcolcon.colcon_core.shell[0m [1;30mINFO[0m Creating environment hook '/home/user/wifibot_ws/build/wifibot_description/share/wifibot_description/hook/pythonpath_develop.ps1'
[7.775s] [34mcolcon.colcon_core.shell[0m [1;30mINFO[0m Creating environment descriptor '/home/user/wifibot_ws/build/wifibot_description/share/wifibot_description/hook/pythonpath_develop.dsv'
[7.776s] [34mcolcon.colcon_core.shell[0m [1;30mINFO[0m Creating environment hook '/home/user/wifibot_ws/build/wifibot_description/share/wifibot_description/hook/pythonpath_develop.sh'
[7.780s] [34mcolcon.colcon_core.event_handler.log_command[0m [1;30mDEBUG[0m [32mInvoked command in '/home/user/wifibot_ws/build/wifibot_description' returned '0': PYTHONPATH=/home/user/wifibot_ws/build/wifibot_description/prefix_override:/usr/lib/python3/dist-packages/colcon_core/task/python/colcon_distutils_commands:/home/user/wifibot_ws/install/wifibot_description/lib/python3.10/site-packages:${PYTHONPATH} /usr/bin/python3 -W ignore:setup.py install is deprecated -W ignore:easy_install command is deprecated setup.py develop --editable --build-directory /home/user/wifibot_ws/build/wifibot_description/build --no-deps symlink_data[0m
[7.784s] [34mcolcon.colcon_core.environment[0m [1;30mLevel 1[0m checking '/home/user/wifibot_ws/install/wifibot_description' for CMake module files
[7.788s] [34mcolcon.colcon_core.environment[0m [1;30mLevel 1[0m checking '/home/user/wifibot_ws/install/wifibot_description' for CMake config files
[7.794s] [34mcolcon.colcon_core.environment[0m [1;30mLevel 1[0m checking '/home/user/wifibot_ws/install/wifibot_description/lib'
[7.799s] [34mcolcon.colcon_core.environment[0m [1;30mLevel 1[0m checking '/home/user/wifibot_ws/install/wifibot_description/bin'
[7.799s] [34mcolcon.colcon_core.environment[0m [1;30mLevel 1[0m checking '/home/user/wifibot_ws/install/wifibot_description/lib/pkgconfig/wifibot_description.pc'
[7.802s] [34mcolcon.colcon_core.environment[0m [1;30mLevel 1[0m checking '/home/user/wifibot_ws/install/wifibot_description/lib/python3.10/site-packages'
[7.802s] [34mcolcon.colcon_core.shell[0m [1;30mLevel 1[0m create_environment_hook('wifibot_description', 'pythonpath')
[7.807s] [34mcolcon.colcon_core.shell[0m [1;30mINFO[0m Creating environment hook '/home/user/wifibot_ws/install/wifibot_description/share/wifibot_description/hook/pythonpath.ps1'
[7.812s] [34mcolcon.colcon_core.shell[0m [1;30mINFO[0m Creating environment descriptor '/home/user/wifibot_ws/install/wifibot_description/share/wifibot_description/hook/pythonpath.dsv'
[7.817s] [34mcolcon.colcon_core.shell[0m [1;30mINFO[0m Creating environment hook '/home/user/wifibot_ws/install/wifibot_description/share/wifibot_description/hook/pythonpath.sh'
[7.823s] [34mcolcon.colcon_core.environment[0m [1;30mLevel 1[0m checking '/home/user/wifibot_ws/install/wifibot_description/bin'
[7.826s] [34mcolcon.colcon_core.environment[0m [1;30mLevel 1[0m create_environment_scripts_only(wifibot_description)
[7.827s] [34mcolcon.colcon_core.shell[0m [1;30mINFO[0m Creating package script '/home/user/wifibot_ws/install/wifibot_description/share/wifibot_description/package.ps1'
[7.841s] [34mcolcon.colcon_core.shell[0m [1;30mINFO[0m Creating package descriptor '/home/user/wifibot_ws/install/wifibot_description/share/wifibot_description/package.dsv'
[7.848s] [34mcolcon.colcon_core.shell[0m [1;30mINFO[0m Creating package script '/home/user/wifibot_ws/install/wifibot_description/share/wifibot_description/package.sh'
[7.859s] [34mcolcon.colcon_core.shell[0m [1;30mINFO[0m Creating package script '/home/user/wifibot_ws/install/wifibot_description/share/wifibot_description/package.bash'
[7.863s] [34mcolcon.colcon_core.shell[0m [1;30mINFO[0m Creating package script '/home/user/wifibot_ws/install/wifibot_description/share/wifibot_description/package.zsh'
[7.873s] [34mcolcon.colcon_core.environment[0m [1;30mLevel 1[0m create_file_with_runtime_dependencies(/home/user/wifibot_ws/install/wifibot_description/share/colcon-core/packages/wifibot_description)
[7.880s] [34mcolcon.colcon_ros.task.ament_python.build[0m [1;30mINFO[0m Building ROS package in '/home/user/wifibot_ws/src/wifibot_navigation' with build type 'ament_python'
[7.884s] [34mcolcon.colcon_core.shell[0m [1;30mLevel 1[0m create_environment_hook('wifibot_navigation', 'ament_prefix_path')
[7.884s] [34mcolcon.colcon_core.shell[0m [1;30mINFO[0m Creating environment hook '/home/user/wifibot_ws/install/wifibot_navigation/share/wifibot_navigation/hook/ament_prefix_path.ps1'
[7.886s] [34mcolcon.colcon_core.shell[0m [1;30mINFO[0m Creating environment descriptor '/home/user/wifibot_ws/install/wifibot_navigation/share/wifibot_navigation/hook/ament_prefix_path.dsv'
[7.887s] [34mcolcon.colcon_core.shell[0m [1;30mINFO[0m Creating environment hook '/home/user/wifibot_ws/install/wifibot_navigation/share/wifibot_navigation/hook/ament_prefix_path.sh'
[7.897s] [34mcolcon.colcon_core.shell[0m [1;30mINFO[0m Skip shell extension 'powershell' for command environment: Not usable outside of PowerShell
[7.897s] [34mcolcon.colcon_core.shell[0m [1;30mDEBUG[0m [32mSkip shell extension 'dsv' for command environment[0m
[8.705s] [34mcolcon.colcon_core.task.python.build[0m [1;30mINFO[0m Building Python package in '/home/user/wifibot_ws/src/wifibot_navigation'
[8.706s] [34mcolcon.colcon_core.shell[0m [1;30mINFO[0m Skip shell extension 'powershell' for command environment: Not usable outside of PowerShell
[8.706s] [34mcolcon.colcon_core.shell[0m [1;30mDEBUG[0m [32mSkip shell extension 'dsv' for command environment[0m
[8.724s] [34mcolcon.colcon_core.shell[0m [1;30mLevel 1[0m create_environment_hook('wifibot_bringup', 'pythonpath_develop')
[8.725s] [34mcolcon.colcon_core.shell[0m [1;30mINFO[0m Creating environment hook '/home/user/wifibot_ws/build/wifibot_bringup/share/wifibot_bringup/hook/pythonpath_develop.ps1'
[8.727s] [34mcolcon.colcon_core.event_handler.log_command[0m [1;30mDEBUG[0m [32mInvoked command in '/home/user/wifibot_ws/build/wifibot_bringup' returned '0': PYTHONPATH=/home/user/wifibot_ws/build/wifibot_bringup/prefix_override:/usr/lib/python3/dist-packages/colcon_core/task/python/colcon_distutils_commands:/home/user/wifibot_ws/install/wifibot_bringup/lib/python3.10/site-packages:${PYTHONPATH} /usr/bin/python3 -W ignore:setup.py install is deprecated -W ignore:easy_install command is deprecated setup.py develop --editable --build-directory /home/user/wifibot_ws/build/wifibot_bringup/build --no-deps symlink_data[0m
[8.729s] [34mcolcon.colcon_core.shell[0m [1;30mINFO[0m Creating environment descriptor '/home/user/wifibot_ws/build/wifibot_bringup/share/wifibot_bringup/hook/pythonpath_develop.dsv'
[8.730s] [34mcolcon.colcon_core.shell[0m [1;30mINFO[0m Creating environment hook '/home/user/wifibot_ws/build/wifibot_bringup/share/wifibot_bringup/hook/pythonpath_develop.sh'
[8.732s] [34mcolcon.colcon_core.environment[0m [1;30mLevel 1[0m checking '/home/user/wifibot_ws/install/wifibot_bringup' for CMake module files
[8.733s] [34mcolcon.colcon_core.environment[0m [1;30mLevel 1[0m checking '/home/user/wifibot_ws/install/wifibot_bringup' for CMake config files
[8.735s] [34mcolcon.colcon_core.environment[0m [1;30mLevel 1[0m checking '/home/user/wifibot_ws/install/wifibot_bringup/lib'
[8.736s] [34mcolcon.colcon_core.environment[0m [1;30mLevel 1[0m checking '/home/user/wifibot_ws/install/wifibot_bringup/bin'
[8.736s] [34mcolcon.colcon_core.environment[0m [1;30mLevel 1[0m checking '/home/user/wifibot_ws/install/wifibot_bringup/lib/pkgconfig/wifibot_bringup.pc'
[8.737s] [34mcolcon.colcon_core.environment[0m [1;30mLevel 1[0m checking '/home/user/wifibot_ws/install/wifibot_bringup/lib/python3.10/site-packages'
[8.737s] [34mcolcon.colcon_core.shell[0m [1;30mLevel 1[0m create_environment_hook('wifibot_bringup', 'pythonpath')
[8.738s] [34mcolcon.colcon_core.shell[0m [1;30mINFO[0m Creating environment hook '/home/user/wifibot_ws/install/wifibot_bringup/share/wifibot_bringup/hook/pythonpath.ps1'
[8.739s] [34mcolcon.colcon_core.shell[0m [1;30mINFO[0m Creating environment descriptor '/home/user/wifibot_ws/install/wifibot_bringup/share/wifibot_bringup/hook/pythonpath.dsv'
[8.740s] [34mcolcon.colcon_core.shell[0m [1;30mINFO[0m Creating environment hook '/home/user/wifibot_ws/install/wifibot_bringup/share/wifibot_bringup/hook/pythonpath.sh'
[8.742s] [34mcolcon.colcon_core.environment[0m [1;30mLevel 1[0m checking '/home/user/wifibot_ws/install/wifibot_bringup/bin'
[8.743s] [34mcolcon.colcon_core.environment[0m [1;30mLevel 1[0m create_environment_scripts_only(wifibot_bringup)
[8.743s] [34mcolcon.colcon_core.shell[0m [1;30mINFO[0m Creating package script '/home/user/wifibot_ws/install/wifibot_bringup/share/wifibot_bringup/package.ps1'
[8.745s] [34mcolcon.colcon_core.shell[0m [1;30mINFO[0m Creating package descriptor '/home/user/wifibot_ws/install/wifibot_bringup/share/wifibot_bringup/package.dsv'
[8.747s] [34mcolcon.colcon_core.shell[0m [1;30mINFO[0m Creating package script '/home/user/wifibot_ws/install/wifibot_bringup/share/wifibot_bringup/package.sh'
[8.748s] [34mcolcon.colcon_core.shell[0m [1;30mINFO[0m Creating package script '/home/user/wifibot_ws/install/wifibot_bringup/share/wifibot_bringup/package.bash'
[8.750s] [34mcolcon.colcon_core.shell[0m [1;30mINFO[0m Creating package script '/home/user/wifibot_ws/install/wifibot_bringup/share/wifibot_bringup/package.zsh'
[8.751s] [34mcolcon.colcon_core.environment[0m [1;30mLevel 1[0m create_file_with_runtime_dependencies(/home/user/wifibot_ws/install/wifibot_bringup/share/colcon-core/packages/wifibot_bringup)
[8.752s] [34mcolcon.colcon_core.shell[0m [1;30mLevel 1[0m create_environment_hook('wifibot_gazebo', 'pythonpath_develop')
[8.754s] [34mcolcon.colcon_core.event_handler.log_command[0m [1;30mDEBUG[0m [32mInvoked command in '/home/user/wifibot_ws/build/wifibot_gazebo' returned '0': PYTHONPATH=/home/user/wifibot_ws/build/wifibot_gazebo/prefix_override:/usr/lib/python3/dist-packages/colcon_core/task/python/colcon_distutils_commands:/home/user/wifibot_ws/install/wifibot_gazebo/lib/python3.10/site-packages:${PYTHONPATH} /usr/bin/python3 -W ignore:setup.py install is deprecated -W ignore:easy_install command is deprecated setup.py develop --editable --build-directory /home/user/wifibot_ws/build/wifibot_gazebo/build --no-deps symlink_data[0m
[8.755s] [34mcolcon.colcon_core.shell[0m [1;30mINFO[0m Creating environment hook '/home/user/wifibot_ws/build/wifibot_gazebo/share/wifibot_gazebo/hook/pythonpath_develop.ps1'
[8.757s] [34mcolcon.colcon_core.shell[0m [1;30mINFO[0m Creating environment descriptor '/home/user/wifibot_ws/build/wifibot_gazebo/share/wifibot_gazebo/hook/pythonpath_develop.dsv'
[8.758s] [34mcolcon.colcon_core.shell[0m [1;30mINFO[0m Creating environment hook '/home/user/wifibot_ws/build/wifibot_gazebo/share/wifibot_gazebo/hook/pythonpath_develop.sh'
[8.760s] [34mcolcon.colcon_core.environment[0m [1;30mLevel 1[0m checking '/home/user/wifibot_ws/install/wifibot_gazebo' for CMake module files
[8.761s] [34mcolcon.colcon_core.environment[0m [1;30mLevel 1[0m checking '/home/user/wifibot_ws/install/wifibot_gazebo' for CMake config files
[8.762s] [34mcolcon.colcon_core.environment[0m [1;30mLevel 1[0m checking '/home/user/wifibot_ws/install/wifibot_gazebo/lib'
[8.763s] [34mcolcon.colcon_core.environment[0m [1;30mLevel 1[0m checking '/home/user/wifibot_ws/install/wifibot_gazebo/bin'
[8.763s] [34mcolcon.colcon_core.environment[0m [1;30mLevel 1[0m checking '/home/user/wifibot_ws/install/wifibot_gazebo/lib/pkgconfig/wifibot_gazebo.pc'
[8.763s] [34mcolcon.colcon_core.environment[0m [1;30mLevel 1[0m checking '/home/user/wifibot_ws/install/wifibot_gazebo/lib/python3.10/site-packages'
[8.764s] [34mcolcon.colcon_core.shell[0m [1;30mLevel 1[0m create_environment_hook('wifibot_gazebo', 'pythonpath')
[8.764s] [34mcolcon.colcon_core.shell[0m [1;30mINFO[0m Creating environment hook '/home/user/wifibot_ws/install/wifibot_gazebo/share/wifibot_gazebo/hook/pythonpath.ps1'
[8.765s] [34mcolcon.colcon_core.shell[0m [1;30mINFO[0m Creating environment descriptor '/home/user/wifibot_ws/install/wifibot_gazebo/share/wifibot_gazebo/hook/pythonpath.dsv'
[8.766s] [34mcolcon.colcon_core.shell[0m [1;30mINFO[0m Creating environment hook '/home/user/wifibot_ws/install/wifibot_gazebo/share/wifibot_gazebo/hook/pythonpath.sh'
[8.768s] [34mcolcon.colcon_core.environment[0m [1;30mLevel 1[0m checking '/home/user/wifibot_ws/install/wifibot_gazebo/bin'
[8.768s] [34mcolcon.colcon_core.environment[0m [1;30mLevel 1[0m create_environment_scripts_only(wifibot_gazebo)
[8.769s] [34mcolcon.colcon_core.shell[0m [1;30mINFO[0m Creating package script '/home/user/wifibot_ws/install/wifibot_gazebo/share/wifibot_gazebo/package.ps1'
[8.771s] [34mcolcon.colcon_core.shell[0m [1;30mINFO[0m Creating package descriptor '/home/user/wifibot_ws/install/wifibot_gazebo/share/wifibot_gazebo/package.dsv'
[8.772s] [34mcolcon.colcon_core.shell[0m [1;30mINFO[0m Creating package script '/home/user/wifibot_ws/install/wifibot_gazebo/share/wifibot_gazebo/package.sh'
[8.773s] [34mcolcon.colcon_core.shell[0m [1;30mINFO[0m Creating package script '/home/user/wifibot_ws/install/wifibot_gazebo/share/wifibot_gazebo/package.bash'
[8.773s] [34mcolcon.colcon_core.shell[0m [1;30mINFO[0m Creating package script '/home/user/wifibot_ws/install/wifibot_gazebo/share/wifibot_gazebo/package.zsh'
[8.774s] [34mcolcon.colcon_core.environment[0m [1;30mLevel 1[0m create_file_with_runtime_dependencies(/home/user/wifibot_ws/install/wifibot_gazebo/share/colcon-core/packages/wifibot_gazebo)
[8.775s] [34mcolcon.colcon_core.shell[0m [1;30mLevel 1[0m create_environment_hook('wifibot_control', 'pythonpath_develop')
[8.776s] [34mcolcon.colcon_core.shell[0m [1;30mINFO[0m Creating environment hook '/home/user/wifibot_ws/build/wifibot_control/share/wifibot_control/hook/pythonpath_develop.ps1'
[8.778s] [34mcolcon.colcon_core.event_handler.log_command[0m [1;30mDEBUG[0m [32mInvoked command in '/home/user/wifibot_ws/build/wifibot_control' returned '0': PYTHONPATH=/home/user/wifibot_ws/build/wifibot_control/prefix_override:/usr/lib/python3/dist-packages/colcon_core/task/python/colcon_distutils_commands:/home/user/wifibot_ws/install/wifibot_control/lib/python3.10/site-packages:${PYTHONPATH} /usr/bin/python3 -W ignore:setup.py install is deprecated -W ignore:easy_install command is deprecated setup.py develop --editable --build-directory /home/user/wifibot_ws/build/wifibot_control/build --no-deps symlink_data[0m
[8.778s] [34mcolcon.colcon_core.shell[0m [1;30mINFO[0m Creating environment descriptor '/home/user/wifibot_ws/build/wifibot_control/share/wifibot_control/hook/pythonpath_develop.dsv'
[8.779s] [34mcolcon.colcon_core.shell[0m [1;30mINFO[0m Creating environment hook '/home/user/wifibot_ws/build/wifibot_control/share/wifibot_control/hook/pythonpath_develop.sh'
[8.781s] [34mcolcon.colcon_core.environment[0m [1;30mLevel 1[0m checking '/home/user/wifibot_ws/install/wifibot_control' for CMake module files
[8.782s] [34mcolcon.colcon_core.environment[0m [1;30mLevel 1[0m checking '/home/user/wifibot_ws/install/wifibot_control' for CMake config files
[8.783s] [34mcolcon.colcon_core.environment[0m [1;30mLevel 1[0m checking '/home/user/wifibot_ws/install/wifibot_control/lib'
[8.783s] [34mcolcon.colcon_core.environment[0m [1;30mLevel 1[0m checking '/home/user/wifibot_ws/install/wifibot_control/bin'
[8.784s] [34mcolcon.colcon_core.environment[0m [1;30mLevel 1[0m checking '/home/user/wifibot_ws/install/wifibot_control/lib/pkgconfig/wifibot_control.pc'
[8.784s] [34mcolcon.colcon_core.environment[0m [1;30mLevel 1[0m checking '/home/user/wifibot_ws/install/wifibot_control/lib/python3.10/site-packages'
[8.784s] [34mcolcon.colcon_core.shell[0m [1;30mLevel 1[0m create_environment_hook('wifibot_control', 'pythonpath')
[8.785s] [34mcolcon.colcon_core.shell[0m [1;30mINFO[0m Creating environment hook '/home/user/wifibot_ws/install/wifibot_control/share/wifibot_control/hook/pythonpath.ps1'
[8.786s] [34mcolcon.colcon_core.shell[0m [1;30mINFO[0m Creating environment descriptor '/home/user/wifibot_ws/install/wifibot_control/share/wifibot_control/hook/pythonpath.dsv'
[8.787s] [34mcolcon.colcon_core.shell[0m [1;30mINFO[0m Creating environment hook '/home/user/wifibot_ws/install/wifibot_control/share/wifibot_control/hook/pythonpath.sh'
[8.788s] [34mcolcon.colcon_core.environment[0m [1;30mLevel 1[0m checking '/home/user/wifibot_ws/install/wifibot_control/bin'
[8.789s] [34mcolcon.colcon_core.environment[0m [1;30mLevel 1[0m create_environment_scripts_only(wifibot_control)
[8.789s] [34mcolcon.colcon_core.shell[0m [1;30mINFO[0m Creating package script '/home/user/wifibot_ws/install/wifibot_control/share/wifibot_control/package.ps1'
[8.791s] [34mcolcon.colcon_core.shell[0m [1;30mINFO[0m Creating package descriptor '/home/user/wifibot_ws/install/wifibot_control/share/wifibot_control/package.dsv'
[8.792s] [34mcolcon.colcon_core.shell[0m [1;30mINFO[0m Creating package script '/home/user/wifibot_ws/install/wifibot_control/share/wifibot_control/package.sh'
[8.793s] [34mcolcon.colcon_core.shell[0m [1;30mINFO[0m Creating package script '/home/user/wifibot_ws/install/wifibot_control/share/wifibot_control/package.bash'
[8.794s] [34mcolcon.colcon_core.shell[0m [1;30mINFO[0m Creating package script '/home/user/wifibot_ws/install/wifibot_control/share/wifibot_control/package.zsh'
[8.795s] [34mcolcon.colcon_core.environment[0m [1;30mLevel 1[0m create_file_with_runtime_dependencies(/home/user/wifibot_ws/install/wifibot_control/share/colcon-core/packages/wifibot_control)
[8.797s] [34mcolcon.colcon_ros.task.ament_python.build[0m [1;30mINFO[0m Building ROS package in '/home/user/wifibot_ws/src/wifibot_patrol' with build type 'ament_python'
[8.798s] [34mcolcon.colcon_core.shell[0m [1;30mLevel 1[0m create_environment_hook('wifibot_patrol', 'ament_prefix_path')
[8.798s] [34mcolcon.colcon_core.shell[0m [1;30mINFO[0m Creating environment hook '/home/user/wifibot_ws/install/wifibot_patrol/share/wifibot_patrol/hook/ament_prefix_path.ps1'
[8.800s] [34mcolcon.colcon_core.shell[0m [1;30mINFO[0m Creating environment descriptor '/home/user/wifibot_ws/install/wifibot_patrol/share/wifibot_patrol/hook/ament_prefix_path.dsv'
[8.801s] [34mcolcon.colcon_core.shell[0m [1;30mINFO[0m Creating environment hook '/home/user/wifibot_ws/install/wifibot_patrol/share/wifibot_patrol/hook/ament_prefix_path.sh'
[8.802s] [34mcolcon.colcon_core.shell[0m [1;30mINFO[0m Skip shell extension 'powershell' for command environment: Not usable outside of PowerShell
[8.802s] [34mcolcon.colcon_core.shell[0m [1;30mDEBUG[0m [32mSkip shell extension 'dsv' for command environment[0m
[8.813s] [34mcolcon.colcon_ros.task.ament_python.build[0m [1;30mINFO[0m Building ROS package in '/home/user/wifibot_ws/src/wifibot_slam' with build type 'ament_python'
[8.813s] [34mcolcon.colcon_core.shell[0m [1;30mLevel 1[0m create_environment_hook('wifibot_slam', 'ament_prefix_path')
[8.814s] [34mcolcon.colcon_core.shell[0m [1;30mINFO[0m Creating environment hook '/home/user/wifibot_ws/install/wifibot_slam/share/wifibot_slam/hook/ament_prefix_path.ps1'
[8.816s] [34mcolcon.colcon_core.shell[0m [1;30mINFO[0m Creating environment descriptor '/home/user/wifibot_ws/install/wifibot_slam/share/wifibot_slam/hook/ament_prefix_path.dsv'
[8.817s] [34mcolcon.colcon_core.shell[0m [1;30mINFO[0m Creating environment hook '/home/user/wifibot_ws/install/wifibot_slam/share/wifibot_slam/hook/ament_prefix_path.sh'
[8.818s] [34mcolcon.colcon_core.shell[0m [1;30mINFO[0m Skip shell extension 'powershell' for command environment: Not usable outside of PowerShell
[8.818s] [34mcolcon.colcon_core.shell[0m [1;30mDEBUG[0m [32mSkip shell extension 'dsv' for command environment[0m
[8.828s] [34mcolcon.colcon_ros.task.ament_python.build[0m [1;30mINFO[0m Building ROS package in '/home/user/wifibot_ws/src/wifibot_tasks' with build type 'ament_python'
[8.828s] [34mcolcon.colcon_core.shell[0m [1;30mLevel 1[0m create_environment_hook('wifibot_tasks', 'ament_prefix_path')
[8.829s] [34mcolcon.colcon_core.shell[0m [1;30mINFO[0m Creating environment hook '/home/user/wifibot_ws/install/wifibot_tasks/share/wifibot_tasks/hook/ament_prefix_path.ps1'
[8.831s] [34mcolcon.colcon_core.shell[0m [1;30mINFO[0m Creating environment descriptor '/home/user/wifibot_ws/install/wifibot_tasks/share/wifibot_tasks/hook/ament_prefix_path.dsv'
[8.832s] [34mcolcon.colcon_core.shell[0m [1;30mINFO[0m Creating environment hook '/home/user/wifibot_ws/install/wifibot_tasks/share/wifibot_tasks/hook/ament_prefix_path.sh'
[8.833s] [34mcolcon.colcon_core.shell[0m [1;30mINFO[0m Skip shell extension 'powershell' for command environment: Not usable outside of PowerShell
[8.833s] [34mcolcon.colcon_core.shell[0m [1;30mDEBUG[0m [32mSkip shell extension 'dsv' for command environment[0m
[9.660s] [34mcolcon.colcon_core.task.python.build[0m [1;30mINFO[0m Building Python package in '/home/user/wifibot_ws/src/wifibot_patrol'
[9.661s] [34mcolcon.colcon_core.shell[0m [1;30mINFO[0m Skip shell extension 'powershell' for command environment: Not usable outside of PowerShell
[9.661s] [34mcolcon.colcon_core.shell[0m [1;30mDEBUG[0m [32mSkip shell extension 'dsv' for command environment[0m
[10.436s] [34mcolcon.colcon_core.task.python.build[0m [1;30mINFO[0m Building Python package in '/home/user/wifibot_ws/src/wifibot_slam'
[10.437s] [34mcolcon.colcon_core.shell[0m [1;30mINFO[0m Skip shell extension 'powershell' for command environment: Not usable outside of PowerShell
[10.437s] [34mcolcon.colcon_core.shell[0m [1;30mDEBUG[0m [32mSkip shell extension 'dsv' for command environment[0m
[11.123s] [34mcolcon.colcon_core.task.python.build[0m [1;30mINFO[0m Building Python package in '/home/user/wifibot_ws/src/wifibot_tasks'
[11.124s] [34mcolcon.colcon_core.shell[0m [1;30mINFO[0m Skip shell extension 'powershell' for command environment: Not usable outside of PowerShell
[11.124s] [34mcolcon.colcon_core.shell[0m [1;30mDEBUG[0m [32mSkip shell extension 'dsv' for command environment[0m
[11.150s] [34mcolcon.colcon_core.event_handler.log_command[0m [1;30mDEBUG[0m [32mInvoking command in '/home/user/wifibot_ws/build/wifibot_navigation': PYTHONPATH=/home/user/wifibot_ws/build/wifibot_navigation/prefix_override:/usr/lib/python3/dist-packages/colcon_core/task/python/colcon_distutils_commands:/home/user/wifibot_ws/install/wifibot_navigation/lib/python3.10/site-packages:${PYTHONPATH} /usr/bin/python3 -W ignore:setup.py install is deprecated -W ignore:easy_install command is deprecated setup.py develop --editable --build-directory /home/user/wifibot_ws/build/wifibot_navigation/build --no-deps symlink_data[0m
[12.653s] [34mcolcon.colcon_core.event_handler.log_command[0m [1;30mDEBUG[0m [32mInvoking command in '/home/user/wifibot_ws/build/wifibot_tasks': PYTHONPATH=/home/user/wifibot_ws/build/wifibot_tasks/prefix_override:/usr/lib/python3/dist-packages/colcon_core/task/python/colcon_distutils_commands:/home/user/wifibot_ws/install/wifibot_tasks/lib/python3.10/site-packages:${PYTHONPATH} /usr/bin/python3 -W ignore:setup.py install is deprecated -W ignore:easy_install command is deprecated setup.py develop --editable --build-directory /home/user/wifibot_ws/build/wifibot_tasks/build --no-deps symlink_data[0m
[12.816s] [34mcolcon.colcon_core.event_handler.log_command[0m [1;30mDEBUG[0m [32mInvoking command in '/home/user/wifibot_ws/build/wifibot_patrol': PYTHONPATH=/home/user/wifibot_ws/build/wifibot_patrol/prefix_override:/usr/lib/python3/dist-packages/colcon_core/task/python/colcon_distutils_commands:/home/user/wifibot_ws/install/wifibot_patrol/lib/python3.10/site-packages:${PYTHONPATH} /usr/bin/python3 -W ignore:setup.py install is deprecated -W ignore:easy_install command is deprecated setup.py develop --editable --build-directory /home/user/wifibot_ws/build/wifibot_patrol/build --no-deps symlink_data[0m
[12.982s] [34mcolcon.colcon_core.event_handler.log_command[0m [1;30mDEBUG[0m [32mInvoking command in '/home/user/wifibot_ws/build/wifibot_slam': PYTHONPATH=/home/user/wifibot_ws/build/wifibot_slam/prefix_override:/usr/lib/python3/dist-packages/colcon_core/task/python/colcon_distutils_commands:/home/user/wifibot_ws/install/wifibot_slam/lib/python3.10/site-packages:${PYTHONPATH} /usr/bin/python3 -W ignore:setup.py install is deprecated -W ignore:easy_install command is deprecated setup.py develop --editable --build-directory /home/user/wifibot_ws/build/wifibot_slam/build --no-deps symlink_data[0m
[13.356s] [34mcolcon.colcon_core.shell[0m [1;30mLevel 1[0m create_environment_hook('wifibot_navigation', 'pythonpath_develop')
[13.357s] [34mcolcon.colcon_core.shell[0m [1;30mINFO[0m Creating environment hook '/home/user/wifibot_ws/build/wifibot_navigation/share/wifibot_navigation/hook/pythonpath_develop.ps1'
[13.358s] [34mcolcon.colcon_core.shell[0m [1;30mINFO[0m Creating environment descriptor '/home/user/wifibot_ws/build/wifibot_navigation/share/wifibot_navigation/hook/pythonpath_develop.dsv'
[13.365s] [34mcolcon.colcon_core.event_handler.log_command[0m [1;30mDEBUG[0m [32mInvoked command in '/home/user/wifibot_ws/build/wifibot_navigation' returned '0': PYTHONPATH=/home/user/wifibot_ws/build/wifibot_navigation/prefix_override:/usr/lib/python3/dist-packages/colcon_core/task/python/colcon_distutils_commands:/home/user/wifibot_ws/install/wifibot_navigation/lib/python3.10/site-packages:${PYTHONPATH} /usr/bin/python3 -W ignore:setup.py install is deprecated -W ignore:easy_install command is deprecated setup.py develop --editable --build-directory /home/user/wifibot_ws/build/wifibot_navigation/build --no-deps symlink_data[0m
[13.366s] [34mcolcon.colcon_core.shell[0m [1;30mINFO[0m Creating environment hook '/home/user/wifibot_ws/build/wifibot_navigation/share/wifibot_navigation/hook/pythonpath_develop.sh'
[13.368s] [34mcolcon.colcon_core.environment[0m [1;30mLevel 1[0m checking '/home/user/wifibot_ws/install/wifibot_navigation' for CMake module files
[13.369s] [34mcolcon.colcon_core.environment[0m [1;30mLevel 1[0m checking '/home/user/wifibot_ws/install/wifibot_navigation' for CMake config files
[13.370s] [34mcolcon.colcon_core.environment[0m [1;30mLevel 1[0m checking '/home/user/wifibot_ws/install/wifibot_navigation/lib'
[13.370s] [34mcolcon.colcon_core.environment[0m [1;30mLevel 1[0m checking '/home/user/wifibot_ws/install/wifibot_navigation/bin'
[13.371s] [34mcolcon.colcon_core.environment[0m [1;30mLevel 1[0m checking '/home/user/wifibot_ws/install/wifibot_navigation/lib/pkgconfig/wifibot_navigation.pc'
[13.371s] [34mcolcon.colcon_core.environment[0m [1;30mLevel 1[0m checking '/home/user/wifibot_ws/install/wifibot_navigation/lib/python3.10/site-packages'
[13.371s] [34mcolcon.colcon_core.shell[0m [1;30mLevel 1[0m create_environment_hook('wifibot_navigation', 'pythonpath')
[13.372s] [34mcolcon.colcon_core.shell[0m [1;30mINFO[0m Creating environment hook '/home/user/wifibot_ws/install/wifibot_navigation/share/wifibot_navigation/hook/pythonpath.ps1'
[13.373s] [34mcolcon.colcon_core.shell[0m [1;30mINFO[0m Creating environment descriptor '/home/user/wifibot_ws/install/wifibot_navigation/share/wifibot_navigation/hook/pythonpath.dsv'
[13.373s] [34mcolcon.colcon_core.shell[0m [1;30mINFO[0m Creating environment hook '/home/user/wifibot_ws/install/wifibot_navigation/share/wifibot_navigation/hook/pythonpath.sh'
[13.375s] [34mcolcon.colcon_core.environment[0m [1;30mLevel 1[0m checking '/home/user/wifibot_ws/install/wifibot_navigation/bin'
[13.375s] [34mcolcon.colcon_core.environment[0m [1;30mLevel 1[0m create_environment_scripts_only(wifibot_navigation)
[13.384s] [34mcolcon.colcon_core.shell[0m [1;30mINFO[0m Creating package script '/home/user/wifibot_ws/install/wifibot_navigation/share/wifibot_navigation/package.ps1'
[13.386s] [34mcolcon.colcon_core.shell[0m [1;30mINFO[0m Creating package descriptor '/home/user/wifibot_ws/install/wifibot_navigation/share/wifibot_navigation/package.dsv'
[13.387s] [34mcolcon.colcon_core.shell[0m [1;30mINFO[0m Creating package script '/home/user/wifibot_ws/install/wifibot_navigation/share/wifibot_navigation/package.sh'
[13.391s] [34mcolcon.colcon_core.shell[0m [1;30mINFO[0m Creating package script '/home/user/wifibot_ws/install/wifibot_navigation/share/wifibot_navigation/package.bash'
[13.391s] [34mcolcon.colcon_core.shell[0m [1;30mINFO[0m Creating package script '/home/user/wifibot_ws/install/wifibot_navigation/share/wifibot_navigation/package.zsh'
[13.392s] [34mcolcon.colcon_core.environment[0m [1;30mLevel 1[0m create_file_with_runtime_dependencies(/home/user/wifibot_ws/install/wifibot_navigation/share/colcon-core/packages/wifibot_navigation)
[14.286s] [34mcolcon.colcon_core.shell[0m [1;30mLevel 1[0m create_environment_hook('wifibot_tasks', 'pythonpath_develop')
[14.287s] [34mcolcon.colcon_core.shell[0m [1;30mINFO[0m Creating environment hook '/home/user/wifibot_ws/build/wifibot_tasks/share/wifibot_tasks/hook/pythonpath_develop.ps1'
[14.289s] [34mcolcon.colcon_core.shell[0m [1;30mINFO[0m Creating environment descriptor '/home/user/wifibot_ws/build/wifibot_tasks/share/wifibot_tasks/hook/pythonpath_develop.dsv'
[14.290s] [34mcolcon.colcon_core.shell[0m [1;30mINFO[0m Creating environment hook '/home/user/wifibot_ws/build/wifibot_tasks/share/wifibot_tasks/hook/pythonpath_develop.sh'
[14.291s] [34mcolcon.colcon_core.environment[0m [1;30mLevel 1[0m checking '/home/user/wifibot_ws/install/wifibot_tasks' for CMake module files
[14.292s] [34mcolcon.colcon_core.event_handler.log_command[0m [1;30mDEBUG[0m [32mInvoked command in '/home/user/wifibot_ws/build/wifibot_tasks' returned '0': PYTHONPATH=/home/user/wifibot_ws/build/wifibot_tasks/prefix_override:/usr/lib/python3/dist-packages/colcon_core/task/python/colcon_distutils_commands:/home/user/wifibot_ws/install/wifibot_tasks/lib/python3.10/site-packages:${PYTHONPATH} /usr/bin/python3 -W ignore:setup.py install is deprecated -W ignore:easy_install command is deprecated setup.py develop --editable --build-directory /home/user/wifibot_ws/build/wifibot_tasks/build --no-deps symlink_data[0m
[14.293s] [34mcolcon.colcon_core.environment[0m [1;30mLevel 1[0m checking '/home/user/wifibot_ws/install/wifibot_tasks' for CMake config files
[14.295s] [34mcolcon.colcon_core.environment[0m [1;30mLevel 1[0m checking '/home/user/wifibot_ws/install/wifibot_tasks/lib'
[14.296s] [34mcolcon.colcon_core.environment[0m [1;30mLevel 1[0m checking '/home/user/wifibot_ws/install/wifibot_tasks/bin'
[14.296s] [34mcolcon.colcon_core.environment[0m [1;30mLevel 1[0m checking '/home/user/wifibot_ws/install/wifibot_tasks/lib/pkgconfig/wifibot_tasks.pc'
[14.297s] [34mcolcon.colcon_core.environment[0m [1;30mLevel 1[0m checking '/home/user/wifibot_ws/install/wifibot_tasks/lib/python3.10/site-packages'
[14.297s] [34mcolcon.colcon_core.shell[0m [1;30mLevel 1[0m create_environment_hook('wifibot_tasks', 'pythonpath')
[14.298s] [34mcolcon.colcon_core.shell[0m [1;30mINFO[0m Creating environment hook '/home/user/wifibot_ws/install/wifibot_tasks/share/wifibot_tasks/hook/pythonpath.ps1'
[14.299s] [34mcolcon.colcon_core.shell[0m [1;30mINFO[0m Creating environment descriptor '/home/user/wifibot_ws/install/wifibot_tasks/share/wifibot_tasks/hook/pythonpath.dsv'
[14.301s] [34mcolcon.colcon_core.shell[0m [1;30mINFO[0m Creating environment hook '/home/user/wifibot_ws/install/wifibot_tasks/share/wifibot_tasks/hook/pythonpath.sh'
[14.304s] [34mcolcon.colcon_core.environment[0m [1;30mLevel 1[0m checking '/home/user/wifibot_ws/install/wifibot_tasks/bin'
[14.304s] [34mcolcon.colcon_core.environment[0m [1;30mLevel 1[0m create_environment_scripts_only(wifibot_tasks)
[14.305s] [34mcolcon.colcon_core.shell[0m [1;30mINFO[0m Creating package script '/home/user/wifibot_ws/install/wifibot_tasks/share/wifibot_tasks/package.ps1'
[14.308s] [34mcolcon.colcon_core.shell[0m [1;30mINFO[0m Creating package descriptor '/home/user/wifibot_ws/install/wifibot_tasks/share/wifibot_tasks/package.dsv'
[14.310s] [34mcolcon.colcon_core.shell[0m [1;30mINFO[0m Creating package script '/home/user/wifibot_ws/install/wifibot_tasks/share/wifibot_tasks/package.sh'
[14.311s] [34mcolcon.colcon_core.shell[0m [1;30mINFO[0m Creating package script '/home/user/wifibot_ws/install/wifibot_tasks/share/wifibot_tasks/package.bash'
[14.313s] [34mcolcon.colcon_core.shell[0m [1;30mINFO[0m Creating package script '/home/user/wifibot_ws/install/wifibot_tasks/share/wifibot_tasks/package.zsh'
[14.314s] [34mcolcon.colcon_core.environment[0m [1;30mLevel 1[0m create_file_with_runtime_dependencies(/home/user/wifibot_ws/install/wifibot_tasks/share/colcon-core/packages/wifibot_tasks)
[14.633s] [34mcolcon.colcon_core.shell[0m [1;30mLevel 1[0m create_environment_hook('wifibot_patrol', 'pythonpath_develop')
[14.634s] [34mcolcon.colcon_core.shell[0m [1;30mINFO[0m Creating environment hook '/home/user/wifibot_ws/build/wifibot_patrol/share/wifibot_patrol/hook/pythonpath_develop.ps1'
[14.636s] [34mcolcon.colcon_core.event_handler.log_command[0m [1;30mDEBUG[0m [32mInvoked command in '/home/user/wifibot_ws/build/wifibot_patrol' returned '0': PYTHONPATH=/home/user/wifibot_ws/build/wifibot_patrol/prefix_override:/usr/lib/python3/dist-packages/colcon_core/task/python/colcon_distutils_commands:/home/user/wifibot_ws/install/wifibot_patrol/lib/python3.10/site-packages:${PYTHONPATH} /usr/bin/python3 -W ignore:setup.py install is deprecated -W ignore:easy_install command is deprecated setup.py develop --editable --build-directory /home/user/wifibot_ws/build/wifibot_patrol/build --no-deps symlink_data[0m
[14.638s] [34mcolcon.colcon_core.shell[0m [1;30mINFO[0m Creating environment descriptor '/home/user/wifibot_ws/build/wifibot_patrol/share/wifibot_patrol/hook/pythonpath_develop.dsv'
[14.638s] [34mcolcon.colcon_core.shell[0m [1;30mINFO[0m Creating environment hook '/home/user/wifibot_ws/build/wifibot_patrol/share/wifibot_patrol/hook/pythonpath_develop.sh'
[14.641s] [34mcolcon.colcon_core.environment[0m [1;30mLevel 1[0m checking '/home/user/wifibot_ws/install/wifibot_patrol' for CMake module files
[14.642s] [34mcolcon.colcon_core.environment[0m [1;30mLevel 1[0m checking '/home/user/wifibot_ws/install/wifibot_patrol' for CMake config files
[14.644s] [34mcolcon.colcon_core.environment[0m [1;30mLevel 1[0m checking '/home/user/wifibot_ws/install/wifibot_patrol/lib'
[14.644s] [34mcolcon.colcon_core.environment[0m [1;30mLevel 1[0m checking '/home/user/wifibot_ws/install/wifibot_patrol/bin'
[14.645s] [34mcolcon.colcon_core.environment[0m [1;30mLevel 1[0m checking '/home/user/wifibot_ws/install/wifibot_patrol/lib/pkgconfig/wifibot_patrol.pc'
[14.645s] [34mcolcon.colcon_core.environment[0m [1;30mLevel 1[0m checking '/home/user/wifibot_ws/install/wifibot_patrol/lib/python3.10/site-packages'
[14.646s] [34mcolcon.colcon_core.shell[0m [1;30mLevel 1[0m create_environment_hook('wifibot_patrol', 'pythonpath')
[14.646s] [34mcolcon.colcon_core.shell[0m [1;30mINFO[0m Creating environment hook '/home/user/wifibot_ws/install/wifibot_patrol/share/wifibot_patrol/hook/pythonpath.ps1'
[14.648s] [34mcolcon.colcon_core.shell[0m [1;30mINFO[0m Creating environment descriptor '/home/user/wifibot_ws/install/wifibot_patrol/share/wifibot_patrol/hook/pythonpath.dsv'
[14.650s] [34mcolcon.colcon_core.shell[0m [1;30mINFO[0m Creating environment hook '/home/user/wifibot_ws/install/wifibot_patrol/share/wifibot_patrol/hook/pythonpath.sh'
[14.651s] [34mcolcon.colcon_core.environment[0m [1;30mLevel 1[0m checking '/home/user/wifibot_ws/install/wifibot_patrol/bin'
[14.651s] [34mcolcon.colcon_core.environment[0m [1;30mLevel 1[0m create_environment_scripts_only(wifibot_patrol)
[14.653s] [34mcolcon.colcon_core.shell[0m [1;30mINFO[0m Creating package script '/home/user/wifibot_ws/install/wifibot_patrol/share/wifibot_patrol/package.ps1'
[14.655s] [34mcolcon.colcon_core.shell[0m [1;30mINFO[0m Creating package descriptor '/home/user/wifibot_ws/install/wifibot_patrol/share/wifibot_patrol/package.dsv'
[14.657s] [34mcolcon.colcon_core.shell[0m [1;30mINFO[0m Creating package script '/home/user/wifibot_ws/install/wifibot_patrol/share/wifibot_patrol/package.sh'
[14.658s] [34mcolcon.colcon_core.shell[0m [1;30mINFO[0m Creating package script '/home/user/wifibot_ws/install/wifibot_patrol/share/wifibot_patrol/package.bash'
[14.660s] [34mcolcon.colcon_core.shell[0m [1;30mINFO[0m Creating package script '/home/user/wifibot_ws/install/wifibot_patrol/share/wifibot_patrol/package.zsh'
[14.661s] [34mcolcon.colcon_core.environment[0m [1;30mLevel 1[0m create_file_with_runtime_dependencies(/home/user/wifibot_ws/install/wifibot_patrol/share/colcon-core/packages/wifibot_patrol)
[14.665s] [34mcolcon.colcon_core.shell[0m [1;30mLevel 1[0m create_environment_hook('wifibot_slam', 'pythonpath_develop')
[14.666s] [34mcolcon.colcon_core.shell[0m [1;30mINFO[0m Creating environment hook '/home/user/wifibot_ws/build/wifibot_slam/share/wifibot_slam/hook/pythonpath_develop.ps1'
[14.668s] [34mcolcon.colcon_core.event_handler.log_command[0m [1;30mDEBUG[0m [32mInvoked command in '/home/user/wifibot_ws/build/wifibot_slam' returned '0': PYTHONPATH=/home/user/wifibot_ws/build/wifibot_slam/prefix_override:/usr/lib/python3/dist-packages/colcon_core/task/python/colcon_distutils_commands:/home/user/wifibot_ws/install/wifibot_slam/lib/python3.10/site-packages:${PYTHONPATH} /usr/bin/python3 -W ignore:setup.py install is deprecated -W ignore:easy_install command is deprecated setup.py develop --editable --build-directory /home/user/wifibot_ws/build/wifibot_slam/build --no-deps symlink_data[0m
[14.670s] [34mcolcon.colcon_core.shell[0m [1;30mINFO[0m Creating environment descriptor '/home/user/wifibot_ws/build/wifibot_slam/share/wifibot_slam/hook/pythonpath_develop.dsv'
[14.672s] [34mcolcon.colcon_core.shell[0m [1;30mINFO[0m Creating environment hook '/home/user/wifibot_ws/build/wifibot_slam/share/wifibot_slam/hook/pythonpath_develop.sh'
[14.674s] [34mcolcon.colcon_core.environment[0m [1;30mLevel 1[0m checking '/home/user/wifibot_ws/install/wifibot_slam' for CMake module files
[14.675s] [34mcolcon.colcon_core.environment[0m [1;30mLevel 1[0m checking '/home/user/wifibot_ws/install/wifibot_slam' for CMake config files
[14.676s] [34mcolcon.colcon_core.environment[0m [1;30mLevel 1[0m checking '/home/user/wifibot_ws/install/wifibot_slam/lib'
[14.677s] [34mcolcon.colcon_core.environment[0m [1;30mLevel 1[0m checking '/home/user/wifibot_ws/install/wifibot_slam/bin'
[14.677s] [34mcolcon.colcon_core.environment[0m [1;30mLevel 1[0m checking '/home/user/wifibot_ws/install/wifibot_slam/lib/pkgconfig/wifibot_slam.pc'
[14.678s] [34mcolcon.colcon_core.environment[0m [1;30mLevel 1[0m checking '/home/user/wifibot_ws/install/wifibot_slam/lib/python3.10/site-packages'
[14.678s] [34mcolcon.colcon_core.shell[0m [1;30mLevel 1[0m create_environment_hook('wifibot_slam', 'pythonpath')
[14.679s] [34mcolcon.colcon_core.shell[0m [1;30mINFO[0m Creating environment hook '/home/user/wifibot_ws/install/wifibot_slam/share/wifibot_slam/hook/pythonpath.ps1'
[14.680s] [34mcolcon.colcon_core.shell[0m [1;30mINFO[0m Creating environment descriptor '/home/user/wifibot_ws/install/wifibot_slam/share/wifibot_slam/hook/pythonpath.dsv'
[14.681s] [34mcolcon.colcon_core.shell[0m [1;30mINFO[0m Creating environment hook '/home/user/wifibot_ws/install/wifibot_slam/share/wifibot_slam/hook/pythonpath.sh'
[14.682s] [34mcolcon.colcon_core.environment[0m [1;30mLevel 1[0m checking '/home/user/wifibot_ws/install/wifibot_slam/bin'
[14.683s] [34mcolcon.colcon_core.environment[0m [1;30mLevel 1[0m create_environment_scripts_only(wifibot_slam)
[14.684s] [34mcolcon.colcon_core.shell[0m [1;30mINFO[0m Creating package script '/home/user/wifibot_ws/install/wifibot_slam/share/wifibot_slam/package.ps1'
[14.686s] [34mcolcon.colcon_core.shell[0m [1;30mINFO[0m Creating package descriptor '/home/user/wifibot_ws/install/wifibot_slam/share/wifibot_slam/package.dsv'
[14.687s] [34mcolcon.colcon_core.shell[0m [1;30mINFO[0m Creating package script '/home/user/wifibot_ws/install/wifibot_slam/share/wifibot_slam/package.sh'
[14.688s] [34mcolcon.colcon_core.shell[0m [1;30mINFO[0m Creating package script '/home/user/wifibot_ws/install/wifibot_slam/share/wifibot_slam/package.bash'
[14.689s] [34mcolcon.colcon_core.shell[0m [1;30mINFO[0m Creating package script '/home/user/wifibot_ws/install/wifibot_slam/share/wifibot_slam/package.zsh'
[14.690s] [34mcolcon.colcon_core.environment[0m [1;30mLevel 1[0m create_file_with_runtime_dependencies(/home/user/wifibot_ws/install/wifibot_slam/share/colcon-core/packages/wifibot_slam)
[14.691s] [34mcolcon.colcon_parallel_executor.executor.parallel[0m [1;30mDEBUG[0m [32mclosing loop[0m
[14.692s] [34mcolcon.colcon_parallel_executor.executor.parallel[0m [1;30mDEBUG[0m [32mloop closed[0m
[14.692s] [34mcolcon.colcon_parallel_executor.executor.parallel[0m [1;30mDEBUG[0m [32mrun_until_complete finished with '0'[0m
[14.693s] [34mcolcon.colcon_core.event_reactor[0m [1;30mDEBUG[0m [32mjoining thread[0m
[14.717s] [34mcolcon.colcon_core.plugin_system[0m [1;30mINFO[0m Skipping extension 'colcon_notification.desktop_notification.terminal_notifier': Not used on non-Darwin systems
[14.718s] [34mcolcon.colcon_core.plugin_system[0m [1;30mINFO[0m Skipping extension 'colcon_notification.desktop_notification.win32': Not used on non-Windows systems
[14.718s] [34mcolcon.colcon_notification.desktop_notification[0m [1;30mINFO[0m Sending desktop notification using 'notify2'
[14.765s] [34mcolcon.colcon_core.event_reactor[0m [1;30mDEBUG[0m [32mjoined thread[0m
[14.767s] [34mcolcon.colcon_core.shell[0m [1;30mINFO[0m Creating prefix script '/home/user/wifibot_ws/install/local_setup.ps1'
[14.772s] [34mcolcon.colcon_core.shell[0m [1;30mINFO[0m Creating prefix util module '/home/user/wifibot_ws/install/_local_setup_util_ps1.py'
[14.778s] [34mcolcon.colcon_core.shell[0m [1;30mINFO[0m Creating prefix chain script '/home/user/wifibot_ws/install/setup.ps1'
[14.782s] [34mcolcon.colcon_core.shell[0m [1;30mINFO[0m Creating prefix script '/home/user/wifibot_ws/install/local_setup.sh'
[14.783s] [34mcolcon.colcon_core.shell[0m [1;30mINFO[0m Creating prefix util module '/home/user/wifibot_ws/install/_local_setup_util_sh.py'
[14.785s] [34mcolcon.colcon_core.shell[0m [1;30mINFO[0m Creating prefix chain script '/home/user/wifibot_ws/install/setup.sh'
[14.791s] [34mcolcon.colcon_core.shell[0m [1;30mINFO[0m Creating prefix script '/home/user/wifibot_ws/install/local_setup.bash'
[14.793s] [34mcolcon.colcon_core.shell[0m [1;30mINFO[0m Creating prefix chain script '/home/user/wifibot_ws/install/setup.bash'
[14.798s] [34mcolcon.colcon_core.shell[0m [1;30mINFO[0m Creating prefix script '/home/user/wifibot_ws/install/local_setup.zsh'
[14.801s] [34mcolcon.colcon_core.shell[0m [1;30mINFO[0m Creating prefix chain script '/home/user/wifibot_ws/install/setup.zsh'
