running develop
running egg_info
creating wifibot_control.egg-info
writing wifibot_control.egg-info/PKG-INFO
writing dependency_links to wifibot_control.egg-info/dependency_links.txt
writing entry points to wifibot_control.egg-info/entry_points.txt
writing requirements to wifibot_control.egg-info/requires.txt
writing top-level names to wifibot_control.egg-info/top_level.txt
writing manifest file 'wifibot_control.egg-info/SOURCES.txt'
reading manifest file 'wifibot_control.egg-info/SOURCES.txt'
writing manifest file 'wifibot_control.egg-info/SOURCES.txt'
running build_ext
Creating /home/user/wifibot_ws/install/wifibot_control/lib/python3.10/site-packages/wifibot-control.egg-link (link to .)
Installing cmd_vel_adapter script to /home/user/wifibot_ws/install/wifibot_control/lib/wifibot_control

Installed /home/user/wifibot_ws/build/wifibot_control
running symlink_data
creating /home/user/wifibot_ws/install/wifibot_control/share/ament_index
creating /home/user/wifibot_ws/install/wifibot_control/share/ament_index/resource_index
creating /home/user/wifibot_ws/install/wifibot_control/share/ament_index/resource_index/packages
symbolically linking /home/user/wifibot_ws/build/wifibot_control/resource/wifibot_control -> /home/user/wifibot_ws/install/wifibot_control/share/ament_index/resource_index/packages
symbolically linking /home/user/wifibot_ws/build/wifibot_control/package.xml -> /home/user/wifibot_ws/install/wifibot_control/share/wifibot_control
creating /home/user/wifibot_ws/install/wifibot_control/share/wifibot_control/launch
symbolically linking /home/user/wifibot_ws/build/wifibot_control/launch/control.launch.py -> /home/user/wifibot_ws/install/wifibot_control/share/wifibot_control/launch
creating /home/user/wifibot_ws/install/wifibot_control/share/wifibot_control/config
symbolically linking /home/user/wifibot_ws/build/wifibot_control/config/controllers.yaml -> /home/user/wifibot_ws/install/wifibot_control/share/wifibot_control/config
symbolically linking /home/user/wifibot_ws/build/wifibot_control/config/velocity_limits.yaml -> /home/user/wifibot_ws/install/wifibot_control/share/wifibot_control/config
