running develop
running egg_info
creating wifibot_slam.egg-info
writing wifibot_slam.egg-info/PKG-INFO
writing dependency_links to wifibot_slam.egg-info/dependency_links.txt
writing entry points to wifibot_slam.egg-info/entry_points.txt
writing requirements to wifibot_slam.egg-info/requires.txt
writing top-level names to wifibot_slam.egg-info/top_level.txt
writing manifest file 'wifibot_slam.egg-info/SOURCES.txt'
reading manifest file 'wifibot_slam.egg-info/SOURCES.txt'
writing manifest file 'wifibot_slam.egg-info/SOURCES.txt'
running build_ext
Creating /home/user/wifibot_ws/install/wifibot_slam/lib/python3.10/site-packages/wifibot-slam.egg-link (link to .)

Installed /home/user/wifibot_ws/build/wifibot_slam
running symlink_data
creating /home/user/wifibot_ws/install/wifibot_slam/share/ament_index
creating /home/user/wifibot_ws/install/wifibot_slam/share/ament_index/resource_index
creating /home/user/wifibot_ws/install/wifibot_slam/share/ament_index/resource_index/packages
symbolically linking /home/user/wifibot_ws/build/wifibot_slam/resource/wifibot_slam -> /home/user/wifibot_ws/install/wifibot_slam/share/ament_index/resource_index/packages
symbolically linking /home/user/wifibot_ws/build/wifibot_slam/package.xml -> /home/user/wifibot_ws/install/wifibot_slam/share/wifibot_slam
creating /home/user/wifibot_ws/install/wifibot_slam/share/wifibot_slam/launch
symbolically linking /home/user/wifibot_ws/build/wifibot_slam/launch/mapping.launch.py -> /home/user/wifibot_ws/install/wifibot_slam/share/wifibot_slam/launch
symbolically linking /home/user/wifibot_ws/build/wifibot_slam/launch/localization.launch.py -> /home/user/wifibot_ws/install/wifibot_slam/share/wifibot_slam/launch
creating /home/user/wifibot_ws/install/wifibot_slam/share/wifibot_slam/config
symbolically linking /home/user/wifibot_ws/build/wifibot_slam/config/rtabmap_localization.yaml -> /home/user/wifibot_ws/install/wifibot_slam/share/wifibot_slam/config
symbolically linking /home/user/wifibot_ws/build/wifibot_slam/config/rgbd_odometry.yaml -> /home/user/wifibot_ws/install/wifibot_slam/share/wifibot_slam/config
symbolically linking /home/user/wifibot_ws/build/wifibot_slam/config/rtabmap_mapping.yaml -> /home/user/wifibot_ws/install/wifibot_slam/share/wifibot_slam/config
