[0.865s] [34mcolcon[0m [1;30mDEBUG[0m [32mCommand line arguments: ['/usr/bin/colcon', 'build', '--symlink-install', '--packages-select', 'wifibot_description', 'wifibot_gazebo'][0m
[0.866s] [34mcolcon[0m [1;30mDEBUG[0m [32mParsed command line arguments: Namespace(log_base=None, log_level=None, verb_name='build', build_base='build', install_base='install', merge_install=False, symlink_install=True, test_result_base=None, continue_on_error=False, executor='parallel', parallel_workers=4, event_handlers=None, ignore_user_meta=False, metas=['./colcon.meta'], base_paths=['.'], packages_ignore=None, packages_ignore_regex=None, paths=None, packages_up_to=None, packages_up_to_regex=None, packages_above=None, packages_above_and_dependencies=None, packages_above_depth=None, packages_select_by_dep=None, packages_skip_by_dep=None, packages_skip_up_to=None, packages_select_build_failed=False, packages_skip_build_finished=False, packages_select_test_failures=False, packages_skip_test_passed=False, packages_select=['wifibot_description', 'wifibot_gazebo'], packages_skip=None, packages_select_regex=None, packages_skip_regex=None, packages_start=None, packages_end=None, allow_overriding=[], cmake_args=None, cmake_target=None, cmake_target_skip_unavailable=False, cmake_clean_cache=False, cmake_clean_first=False, cmake_force_configure=False, ament_cmake_args=None, catkin_cmake_args=None, catkin_skip_building_tests=False, verb_parser=<colcon_defaults.argument_parser.defaults.DefaultArgumentsDecorator object at 0xffffacfdb730>, verb_extension=<colcon_core.verb.build.BuildVerb object at 0xffffacf94d90>, main=<bound method BuildVerb.main of <colcon_core.verb.build.BuildVerb object at 0xffffacf94d90>>)[0m
[2.796s] [34mcolcon.colcon_core.package_discovery[0m [1;30mLevel 1[0m discover_packages(colcon_meta) check parameters
[2.797s] [34mcolcon.colcon_core.package_discovery[0m [1;30mLevel 1[0m discover_packages(recursive) check parameters
[2.797s] [34mcolcon.colcon_core.package_discovery[0m [1;30mLevel 1[0m discover_packages(ignore) check parameters
[2.797s] [34mcolcon.colcon_core.package_discovery[0m [1;30mLevel 1[0m discover_packages(path) check parameters
[2.797s] [34mcolcon.colcon_core.package_discovery[0m [1;30mLevel 1[0m discover_packages(colcon_meta) discover
[2.798s] [34mcolcon.colcon_core.package_discovery[0m [1;30mLevel 1[0m discover_packages(recursive) discover
[2.798s] [34mcolcon.colcon_core.package_discovery[0m [1;30mINFO[0m Crawling recursively for packages in '/home/user/wifibot_ws'
[2.798s] [34mcolcon.colcon_core.package_identification[0m [1;30mLevel 1[0m _identify(.) by extensions ['ignore', 'ignore_ament_install']
[2.798s] [34mcolcon.colcon_core.package_identification[0m [1;30mLevel 1[0m _identify(.) by extension 'ignore'
[2.798s] [34mcolcon.colcon_core.package_identification[0m [1;30mLevel 1[0m _identify(.) by extension 'ignore_ament_install'
[2.799s] [34mcolcon.colcon_core.package_identification[0m [1;30mLevel 1[0m _identify(.) by extensions ['colcon_pkg']
[2.799s] [34mcolcon.colcon_core.package_identification[0m [1;30mLevel 1[0m _identify(.) by extension 'colcon_pkg'
[2.799s] [34mcolcon.colcon_core.package_identification[0m [1;30mLevel 1[0m _identify(.) by extensions ['colcon_meta']
[2.799s] [34mcolcon.colcon_core.package_identification[0m [1;30mLevel 1[0m _identify(.) by extension 'colcon_meta'
[2.799s] [34mcolcon.colcon_core.package_identification[0m [1;30mLevel 1[0m _identify(.) by extensions ['ros']
[2.799s] [34mcolcon.colcon_core.package_identification[0m [1;30mLevel 1[0m _identify(.) by extension 'ros'
[3.037s] [34mcolcon.colcon_core.package_identification[0m [1;30mLevel 1[0m _identify(.) by extensions ['cmake', 'python']
[3.037s] [34mcolcon.colcon_core.package_identification[0m [1;30mLevel 1[0m _identify(.) by extension 'cmake'
[3.038s] [34mcolcon.colcon_core.package_identification[0m [1;30mLevel 1[0m _identify(.) by extension 'python'
[3.038s] [34mcolcon.colcon_core.package_identification[0m [1;30mLevel 1[0m _identify(.) by extensions ['python_setup_py']
[3.038s] [34mcolcon.colcon_core.package_identification[0m [1;30mLevel 1[0m _identify(.) by extension 'python_setup_py'
[3.038s] [34mcolcon.colcon_core.package_identification[0m [1;30mLevel 1[0m _identify(build) by extensions ['ignore', 'ignore_ament_install']
[3.039s] [34mcolcon.colcon_core.package_identification[0m [1;30mLevel 1[0m _identify(build) by extension 'ignore'
[3.039s] [34mcolcon.colcon_core.package_identification[0m [1;30mLevel 1[0m _identify(build) ignored
[3.040s] [34mcolcon.colcon_core.package_identification[0m [1;30mLevel 1[0m _identify(install) by extensions ['ignore', 'ignore_ament_install']
[3.040s] [34mcolcon.colcon_core.package_identification[0m [1;30mLevel 1[0m _identify(install) by extension 'ignore'
[3.040s] [34mcolcon.colcon_core.package_identification[0m [1;30mLevel 1[0m _identify(install) ignored
[3.041s] [34mcolcon.colcon_core.package_identification[0m [1;30mLevel 1[0m _identify(log) by extensions ['ignore', 'ignore_ament_install']
[3.041s] [34mcolcon.colcon_core.package_identification[0m [1;30mLevel 1[0m _identify(log) by extension 'ignore'
[3.041s] [34mcolcon.colcon_core.package_identification[0m [1;30mLevel 1[0m _identify(log) ignored
[3.041s] [34mcolcon.colcon_core.package_identification[0m [1;30mLevel 1[0m _identify(src) by extensions ['ignore', 'ignore_ament_install']
[3.042s] [34mcolcon.colcon_core.package_identification[0m [1;30mLevel 1[0m _identify(src) by extension 'ignore'
[3.042s] [34mcolcon.colcon_core.package_identification[0m [1;30mLevel 1[0m _identify(src) by extension 'ignore_ament_install'
[3.042s] [34mcolcon.colcon_core.package_identification[0m [1;30mLevel 1[0m _identify(src) by extensions ['colcon_pkg']
[3.042s] [34mcolcon.colcon_core.package_identification[0m [1;30mLevel 1[0m _identify(src) by extension 'colcon_pkg'
[3.043s] [34mcolcon.colcon_core.package_identification[0m [1;30mLevel 1[0m _identify(src) by extensions ['colcon_meta']
[3.043s] [34mcolcon.colcon_core.package_identification[0m [1;30mLevel 1[0m _identify(src) by extension 'colcon_meta'
[3.043s] [34mcolcon.colcon_core.package_identification[0m [1;30mLevel 1[0m _identify(src) by extensions ['ros']
[3.043s] [34mcolcon.colcon_core.package_identification[0m [1;30mLevel 1[0m _identify(src) by extension 'ros'
[3.043s] [34mcolcon.colcon_core.package_identification[0m [1;30mLevel 1[0m _identify(src) by extensions ['cmake', 'python']
[3.044s] [34mcolcon.colcon_core.package_identification[0m [1;30mLevel 1[0m _identify(src) by extension 'cmake'
[3.044s] [34mcolcon.colcon_core.package_identification[0m [1;30mLevel 1[0m _identify(src) by extension 'python'
[3.044s] [34mcolcon.colcon_core.package_identification[0m [1;30mLevel 1[0m _identify(src) by extensions ['python_setup_py']
[3.044s] [34mcolcon.colcon_core.package_identification[0m [1;30mLevel 1[0m _identify(src) by extension 'python_setup_py'
[3.045s] [34mcolcon.colcon_core.package_identification[0m [1;30mLevel 1[0m _identify(src/wifibot_bringup) by extensions ['ignore', 'ignore_ament_install']
[3.047s] [34mcolcon.colcon_core.package_identification[0m [1;30mLevel 1[0m _identify(src/wifibot_bringup) by extension 'ignore'
[3.048s] [34mcolcon.colcon_core.package_identification[0m [1;30mLevel 1[0m _identify(src/wifibot_bringup) by extension 'ignore_ament_install'
[3.048s] [34mcolcon.colcon_core.package_identification[0m [1;30mLevel 1[0m _identify(src/wifibot_bringup) by extensions ['colcon_pkg']
[3.048s] [34mcolcon.colcon_core.package_identification[0m [1;30mLevel 1[0m _identify(src/wifibot_bringup) by extension 'colcon_pkg'
[3.048s] [34mcolcon.colcon_core.package_identification[0m [1;30mLevel 1[0m _identify(src/wifibot_bringup) by extensions ['colcon_meta']
[3.048s] [34mcolcon.colcon_core.package_identification[0m [1;30mLevel 1[0m _identify(src/wifibot_bringup) by extension 'colcon_meta'
[3.049s] [34mcolcon.colcon_core.package_identification[0m [1;30mLevel 1[0m _identify(src/wifibot_bringup) by extensions ['ros']
[3.049s] [34mcolcon.colcon_core.package_identification[0m [1;30mLevel 1[0m _identify(src/wifibot_bringup) by extension 'ros'
[3.057s] [34mcolcon.colcon_core.package_identification[0m [1;30mDEBUG[0m [32mPackage 'src/wifibot_bringup' with type 'ros.ament_python' and name 'wifibot_bringup'[0m
[3.058s] [34mcolcon.colcon_core.package_identification[0m [1;30mLevel 1[0m _identify(src/wifibot_control) by extensions ['ignore', 'ignore_ament_install']
[3.058s] [34mcolcon.colcon_core.package_identification[0m [1;30mLevel 1[0m _identify(src/wifibot_control) by extension 'ignore'
[3.058s] [34mcolcon.colcon_core.package_identification[0m [1;30mLevel 1[0m _identify(src/wifibot_control) by extension 'ignore_ament_install'
[3.059s] [34mcolcon.colcon_core.package_identification[0m [1;30mLevel 1[0m _identify(src/wifibot_control) by extensions ['colcon_pkg']
[3.059s] [34mcolcon.colcon_core.package_identification[0m [1;30mLevel 1[0m _identify(src/wifibot_control) by extension 'colcon_pkg'
[3.059s] [34mcolcon.colcon_core.package_identification[0m [1;30mLevel 1[0m _identify(src/wifibot_control) by extensions ['colcon_meta']
[3.059s] [34mcolcon.colcon_core.package_identification[0m [1;30mLevel 1[0m _identify(src/wifibot_control) by extension 'colcon_meta'
[3.059s] [34mcolcon.colcon_core.package_identification[0m [1;30mLevel 1[0m _identify(src/wifibot_control) by extensions ['ros']
[3.060s] [34mcolcon.colcon_core.package_identification[0m [1;30mLevel 1[0m _identify(src/wifibot_control) by extension 'ros'
[3.065s] [34mcolcon.colcon_core.package_identification[0m [1;30mDEBUG[0m [32mPackage 'src/wifibot_control' with type 'ros.ament_python' and name 'wifibot_control'[0m
[3.066s] [34mcolcon.colcon_core.package_identification[0m [1;30mLevel 1[0m _identify(src/wifibot_description) by extensions ['ignore', 'ignore_ament_install']
[3.067s] [34mcolcon.colcon_core.package_identification[0m [1;30mLevel 1[0m _identify(src/wifibot_description) by extension 'ignore'
[3.067s] [34mcolcon.colcon_core.package_identification[0m [1;30mLevel 1[0m _identify(src/wifibot_description) by extension 'ignore_ament_install'
[3.067s] [34mcolcon.colcon_core.package_identification[0m [1;30mLevel 1[0m _identify(src/wifibot_description) by extensions ['colcon_pkg']
[3.067s] [34mcolcon.colcon_core.package_identification[0m [1;30mLevel 1[0m _identify(src/wifibot_description) by extension 'colcon_pkg'
[3.068s] [34mcolcon.colcon_core.package_identification[0m [1;30mLevel 1[0m _identify(src/wifibot_description) by extensions ['colcon_meta']
[3.068s] [34mcolcon.colcon_core.package_identification[0m [1;30mLevel 1[0m _identify(src/wifibot_description) by extension 'colcon_meta'
[3.068s] [34mcolcon.colcon_core.package_identification[0m [1;30mLevel 1[0m _identify(src/wifibot_description) by extensions ['ros']
[3.068s] [34mcolcon.colcon_core.package_identification[0m [1;30mLevel 1[0m _identify(src/wifibot_description) by extension 'ros'
[3.087s] [34mcolcon.colcon_core.package_identification[0m [1;30mDEBUG[0m [32mPackage 'src/wifibot_description' with type 'ros.ament_python' and name 'wifibot_description'[0m
[3.090s] [34mcolcon.colcon_core.package_identification[0m [1;30mLevel 1[0m _identify(src/wifibot_gazebo) by extensions ['ignore', 'ignore_ament_install']
[3.090s] [34mcolcon.colcon_core.package_identification[0m [1;30mLevel 1[0m _identify(src/wifibot_gazebo) by extension 'ignore'
[3.091s] [34mcolcon.colcon_core.package_identification[0m [1;30mLevel 1[0m _identify(src/wifibot_gazebo) by extension 'ignore_ament_install'
[3.091s] [34mcolcon.colcon_core.package_identification[0m [1;30mLevel 1[0m _identify(src/wifibot_gazebo) by extensions ['colcon_pkg']
[3.091s] [34mcolcon.colcon_core.package_identification[0m [1;30mLevel 1[0m _identify(src/wifibot_gazebo) by extension 'colcon_pkg'
[3.091s] [34mcolcon.colcon_core.package_identification[0m [1;30mLevel 1[0m _identify(src/wifibot_gazebo) by extensions ['colcon_meta']
[3.091s] [34mcolcon.colcon_core.package_identification[0m [1;30mLevel 1[0m _identify(src/wifibot_gazebo) by extension 'colcon_meta'
[3.091s] [34mcolcon.colcon_core.package_identification[0m [1;30mLevel 1[0m _identify(src/wifibot_gazebo) by extensions ['ros']
[3.092s] [34mcolcon.colcon_core.package_identification[0m [1;30mLevel 1[0m _identify(src/wifibot_gazebo) by extension 'ros'
[3.094s] [34mcolcon.colcon_core.package_identification[0m [1;30mDEBUG[0m [32mPackage 'src/wifibot_gazebo' with type 'ros.ament_python' and name 'wifibot_gazebo'[0m
[3.095s] [34mcolcon.colcon_core.package_identification[0m [1;30mLevel 1[0m _identify(src/wifibot_navigation) by extensions ['ignore', 'ignore_ament_install']
[3.095s] [34mcolcon.colcon_core.package_identification[0m [1;30mLevel 1[0m _identify(src/wifibot_navigation) by extension 'ignore'
[3.096s] [34mcolcon.colcon_core.package_identification[0m [1;30mLevel 1[0m _identify(src/wifibot_navigation) by extension 'ignore_ament_install'
[3.099s] [34mcolcon.colcon_core.package_identification[0m [1;30mLevel 1[0m _identify(src/wifibot_navigation) by extensions ['colcon_pkg']
[3.099s] [34mcolcon.colcon_core.package_identification[0m [1;30mLevel 1[0m _identify(src/wifibot_navigation) by extension 'colcon_pkg'
[3.099s] [34mcolcon.colcon_core.package_identification[0m [1;30mLevel 1[0m _identify(src/wifibot_navigation) by extensions ['colcon_meta']
[3.099s] [34mcolcon.colcon_core.package_identification[0m [1;30mLevel 1[0m _identify(src/wifibot_navigation) by extension 'colcon_meta'
[3.100s] [34mcolcon.colcon_core.package_identification[0m [1;30mLevel 1[0m _identify(src/wifibot_navigation) by extensions ['ros']
[3.100s] [34mcolcon.colcon_core.package_identification[0m [1;30mLevel 1[0m _identify(src/wifibot_navigation) by extension 'ros'
[3.105s] [34mcolcon.colcon_core.package_identification[0m [1;30mDEBUG[0m [32mPackage 'src/wifibot_navigation' with type 'ros.ament_python' and name 'wifibot_navigation'[0m
[3.106s] [34mcolcon.colcon_core.package_identification[0m [1;30mLevel 1[0m _identify(src/wifibot_patrol) by extensions ['ignore', 'ignore_ament_install']
[3.106s] [34mcolcon.colcon_core.package_identification[0m [1;30mLevel 1[0m _identify(src/wifibot_patrol) by extension 'ignore'
[3.106s] [34mcolcon.colcon_core.package_identification[0m [1;30mLevel 1[0m _identify(src/wifibot_patrol) by extension 'ignore_ament_install'
[3.107s] [34mcolcon.colcon_core.package_identification[0m [1;30mLevel 1[0m _identify(src/wifibot_patrol) by extensions ['colcon_pkg']
[3.107s] [34mcolcon.colcon_core.package_identification[0m [1;30mLevel 1[0m _identify(src/wifibot_patrol) by extension 'colcon_pkg'
[3.107s] [34mcolcon.colcon_core.package_identification[0m [1;30mLevel 1[0m _identify(src/wifibot_patrol) by extensions ['colcon_meta']
[3.107s] [34mcolcon.colcon_core.package_identification[0m [1;30mLevel 1[0m _identify(src/wifibot_patrol) by extension 'colcon_meta'
[3.107s] [34mcolcon.colcon_core.package_identification[0m [1;30mLevel 1[0m _identify(src/wifibot_patrol) by extensions ['ros']
[3.107s] [34mcolcon.colcon_core.package_identification[0m [1;30mLevel 1[0m _identify(src/wifibot_patrol) by extension 'ros'
[3.112s] [34mcolcon.colcon_core.package_identification[0m [1;30mDEBUG[0m [32mPackage 'src/wifibot_patrol' with type 'ros.ament_python' and name 'wifibot_patrol'[0m
[3.113s] [34mcolcon.colcon_core.package_identification[0m [1;30mLevel 1[0m _identify(src/wifibot_slam) by extensions ['ignore', 'ignore_ament_install']
[3.113s] [34mcolcon.colcon_core.package_identification[0m [1;30mLevel 1[0m _identify(src/wifibot_slam) by extension 'ignore'
[3.113s] [34mcolcon.colcon_core.package_identification[0m [1;30mLevel 1[0m _identify(src/wifibot_slam) by extension 'ignore_ament_install'
[3.114s] [34mcolcon.colcon_core.package_identification[0m [1;30mLevel 1[0m _identify(src/wifibot_slam) by extensions ['colcon_pkg']
[3.114s] [34mcolcon.colcon_core.package_identification[0m [1;30mLevel 1[0m _identify(src/wifibot_slam) by extension 'colcon_pkg'
[3.117s] [34mcolcon.colcon_core.package_identification[0m [1;30mLevel 1[0m _identify(src/wifibot_slam) by extensions ['colcon_meta']
[3.117s] [34mcolcon.colcon_core.package_identification[0m [1;30mLevel 1[0m _identify(src/wifibot_slam) by extension 'colcon_meta'
[3.117s] [34mcolcon.colcon_core.package_identification[0m [1;30mLevel 1[0m _identify(src/wifibot_slam) by extensions ['ros']
[3.117s] [34mcolcon.colcon_core.package_identification[0m [1;30mLevel 1[0m _identify(src/wifibot_slam) by extension 'ros'
[3.121s] [34mcolcon.colcon_core.package_identification[0m [1;30mDEBUG[0m [32mPackage 'src/wifibot_slam' with type 'ros.ament_python' and name 'wifibot_slam'[0m
[3.122s] [34mcolcon.colcon_core.package_identification[0m [1;30mLevel 1[0m _identify(src/wifibot_tasks) by extensions ['ignore', 'ignore_ament_install']
[3.122s] [34mcolcon.colcon_core.package_identification[0m [1;30mLevel 1[0m _identify(src/wifibot_tasks) by extension 'ignore'
[3.123s] [34mcolcon.colcon_core.package_identification[0m [1;30mLevel 1[0m _identify(src/wifibot_tasks) by extension 'ignore_ament_install'
[3.123s] [34mcolcon.colcon_core.package_identification[0m [1;30mLevel 1[0m _identify(src/wifibot_tasks) by extensions ['colcon_pkg']
[3.123s] [34mcolcon.colcon_core.package_identification[0m [1;30mLevel 1[0m _identify(src/wifibot_tasks) by extension 'colcon_pkg'
[3.123s] [34mcolcon.colcon_core.package_identification[0m [1;30mLevel 1[0m _identify(src/wifibot_tasks) by extensions ['colcon_meta']
[3.123s] [34mcolcon.colcon_core.package_identification[0m [1;30mLevel 1[0m _identify(src/wifibot_tasks) by extension 'colcon_meta'
[3.123s] [34mcolcon.colcon_core.package_identification[0m [1;30mLevel 1[0m _identify(src/wifibot_tasks) by extensions ['ros']
[3.123s] [34mcolcon.colcon_core.package_identification[0m [1;30mLevel 1[0m _identify(src/wifibot_tasks) by extension 'ros'
[3.125s] [34mcolcon.colcon_core.package_identification[0m [1;30mDEBUG[0m [32mPackage 'src/wifibot_tasks' with type 'ros.ament_python' and name 'wifibot_tasks'[0m
[3.126s] [34mcolcon.colcon_core.package_discovery[0m [1;30mLevel 1[0m discover_packages(recursive) using defaults
[3.126s] [34mcolcon.colcon_core.package_discovery[0m [1;30mLevel 1[0m discover_packages(ignore) discover
[3.126s] [34mcolcon.colcon_core.package_discovery[0m [1;30mLevel 1[0m discover_packages(ignore) using defaults
[3.126s] [34mcolcon.colcon_core.package_discovery[0m [1;30mLevel 1[0m discover_packages(path) discover
[3.126s] [34mcolcon.colcon_core.package_discovery[0m [1;30mLevel 1[0m discover_packages(path) using defaults
[3.222s] [34mcolcon.colcon_core.package_selection[0m [1;30mINFO[0m Skipping not selected package 'wifibot_bringup' in 'src/wifibot_bringup'
[3.223s] [34mcolcon.colcon_core.package_selection[0m [1;30mINFO[0m Skipping not selected package 'wifibot_control' in 'src/wifibot_control'
[3.223s] [34mcolcon.colcon_core.package_selection[0m [1;30mINFO[0m Skipping not selected package 'wifibot_navigation' in 'src/wifibot_navigation'
[3.223s] [34mcolcon.colcon_core.package_selection[0m [1;30mINFO[0m Skipping not selected package 'wifibot_patrol' in 'src/wifibot_patrol'
[3.223s] [34mcolcon.colcon_core.package_selection[0m [1;30mINFO[0m Skipping not selected package 'wifibot_slam' in 'src/wifibot_slam'
[3.223s] [34mcolcon.colcon_core.package_selection[0m [1;30mINFO[0m Skipping not selected package 'wifibot_tasks' in 'src/wifibot_tasks'
[3.226s] [34mcolcon.colcon_core.package_discovery[0m [1;30mLevel 1[0m discover_packages(prefix_path) check parameters
[3.229s] [34mcolcon.colcon_core.package_discovery[0m [1;30mLevel 1[0m discover_packages(prefix_path) discover
[3.249s] [34mcolcon.colcon_installed_package_information.package_discovery[0m [1;30mDEBUG[0m [32mFound 4 installed packages in /home/user/ros2_ws/install[0m
[3.255s] [34mcolcon.colcon_installed_package_information.package_discovery[0m [1;30mDEBUG[0m [32mFound 379 installed packages in /opt/ros/humble[0m
[3.263s] [34mcolcon.colcon_core.package_discovery[0m [1;30mLevel 1[0m discover_packages(prefix_path) using defaults
[3.487s] [34mcolcon.colcon_core.verb[0m [1;30mLevel 5[0m set package 'wifibot_description' build argument 'cmake_args' from command line to 'None'
[3.488s] [34mcolcon.colcon_core.verb[0m [1;30mLevel 5[0m set package 'wifibot_description' build argument 'cmake_target' from command line to 'None'
[3.488s] [34mcolcon.colcon_core.verb[0m [1;30mLevel 5[0m set package 'wifibot_description' build argument 'cmake_target_skip_unavailable' from command line to 'False'
[3.488s] [34mcolcon.colcon_core.verb[0m [1;30mLevel 5[0m set package 'wifibot_description' build argument 'cmake_clean_cache' from command line to 'False'
[3.488s] [34mcolcon.colcon_core.verb[0m [1;30mLevel 5[0m set package 'wifibot_description' build argument 'cmake_clean_first' from command line to 'False'
[3.488s] [34mcolcon.colcon_core.verb[0m [1;30mLevel 5[0m set package 'wifibot_description' build argument 'cmake_force_configure' from command line to 'False'
[3.488s] [34mcolcon.colcon_core.verb[0m [1;30mLevel 5[0m set package 'wifibot_description' build argument 'ament_cmake_args' from command line to 'None'
[3.488s] [34mcolcon.colcon_core.verb[0m [1;30mLevel 5[0m set package 'wifibot_description' build argument 'catkin_cmake_args' from command line to 'None'
[3.488s] [34mcolcon.colcon_core.verb[0m [1;30mLevel 5[0m set package 'wifibot_description' build argument 'catkin_skip_building_tests' from command line to 'False'
[3.489s] [34mcolcon.colcon_core.verb[0m [1;30mDEBUG[0m [32mBuilding package 'wifibot_description' with the following arguments: {'ament_cmake_args': None, 'build_base': '/home/user/wifibot_ws/build/wifibot_description', 'catkin_cmake_args': None, 'catkin_skip_building_tests': False, 'cmake_args': None, 'cmake_clean_cache': False, 'cmake_clean_first': False, 'cmake_force_configure': False, 'cmake_target': None, 'cmake_target_skip_unavailable': False, 'install_base': '/home/user/wifibot_ws/install/wifibot_description', 'merge_install': False, 'path': '/home/user/wifibot_ws/src/wifibot_description', 'symlink_install': True, 'test_result_base': None}[0m
[3.490s] [34mcolcon.colcon_core.verb[0m [1;30mLevel 5[0m set package 'wifibot_gazebo' build argument 'cmake_args' from command line to 'None'
[3.490s] [34mcolcon.colcon_core.verb[0m [1;30mLevel 5[0m set package 'wifibot_gazebo' build argument 'cmake_target' from command line to 'None'
[3.490s] [34mcolcon.colcon_core.verb[0m [1;30mLevel 5[0m set package 'wifibot_gazebo' build argument 'cmake_target_skip_unavailable' from command line to 'False'
[3.490s] [34mcolcon.colcon_core.verb[0m [1;30mLevel 5[0m set package 'wifibot_gazebo' build argument 'cmake_clean_cache' from command line to 'False'
[3.490s] [34mcolcon.colcon_core.verb[0m [1;30mLevel 5[0m set package 'wifibot_gazebo' build argument 'cmake_clean_first' from command line to 'False'
[3.490s] [34mcolcon.colcon_core.verb[0m [1;30mLevel 5[0m set package 'wifibot_gazebo' build argument 'cmake_force_configure' from command line to 'False'
[3.490s] [34mcolcon.colcon_core.verb[0m [1;30mLevel 5[0m set package 'wifibot_gazebo' build argument 'ament_cmake_args' from command line to 'None'
[3.490s] [34mcolcon.colcon_core.verb[0m [1;30mLevel 5[0m set package 'wifibot_gazebo' build argument 'catkin_cmake_args' from command line to 'None'
[3.490s] [34mcolcon.colcon_core.verb[0m [1;30mLevel 5[0m set package 'wifibot_gazebo' build argument 'catkin_skip_building_tests' from command line to 'False'
[3.490s] [34mcolcon.colcon_core.verb[0m [1;30mDEBUG[0m [32mBuilding package 'wifibot_gazebo' with the following arguments: {'ament_cmake_args': None, 'build_base': '/home/user/wifibot_ws/build/wifibot_gazebo', 'catkin_cmake_args': None, 'catkin_skip_building_tests': False, 'cmake_args': None, 'cmake_clean_cache': False, 'cmake_clean_first': False, 'cmake_force_configure': False, 'cmake_target': None, 'cmake_target_skip_unavailable': False, 'install_base': '/home/user/wifibot_ws/install/wifibot_gazebo', 'merge_install': False, 'path': '/home/user/wifibot_ws/src/wifibot_gazebo', 'symlink_install': True, 'test_result_base': None}[0m
[3.491s] [34mcolcon.colcon_core.executor[0m [1;30mINFO[0m Executing jobs using 'parallel' executor
[3.497s] [34mcolcon.colcon_parallel_executor.executor.parallel[0m [1;30mDEBUG[0m [32mrun_until_complete[0m
[3.498s] [34mcolcon.colcon_ros.task.ament_python.build[0m [1;30mINFO[0m Building ROS package in '/home/user/wifibot_ws/src/wifibot_description' with build type 'ament_python'
[3.498s] [34mcolcon.colcon_core.shell[0m [1;30mLevel 1[0m create_environment_hook('wifibot_description', 'ament_prefix_path')
[3.549s] [34mcolcon.colcon_core.plugin_system[0m [1;30mINFO[0m Skipping extension 'colcon_core.shell.bat': Not used on non-Windows systems
[3.551s] [34mcolcon.colcon_core.shell[0m [1;30mINFO[0m Creating environment hook '/home/user/wifibot_ws/install/wifibot_description/share/wifibot_description/hook/ament_prefix_path.ps1'
[3.556s] [34mcolcon.colcon_core.shell[0m [1;30mINFO[0m Creating environment descriptor '/home/user/wifibot_ws/install/wifibot_description/share/wifibot_description/hook/ament_prefix_path.dsv'
[3.562s] [34mcolcon.colcon_core.shell[0m [1;30mINFO[0m Creating environment hook '/home/user/wifibot_ws/install/wifibot_description/share/wifibot_description/hook/ament_prefix_path.sh'
[3.568s] [34mcolcon.colcon_core.shell[0m [1;30mINFO[0m Skip shell extension 'powershell' for command environment: Not usable outside of PowerShell
[3.568s] [34mcolcon.colcon_core.shell[0m [1;30mDEBUG[0m [32mSkip shell extension 'dsv' for command environment[0m
[3.590s] [34mcolcon.colcon_ros.task.ament_python.build[0m [1;30mINFO[0m Building ROS package in '/home/user/wifibot_ws/src/wifibot_gazebo' with build type 'ament_python'
[3.591s] [34mcolcon.colcon_core.shell[0m [1;30mLevel 1[0m create_environment_hook('wifibot_gazebo', 'ament_prefix_path')
[3.595s] [34mcolcon.colcon_core.shell[0m [1;30mINFO[0m Creating environment hook '/home/user/wifibot_ws/install/wifibot_gazebo/share/wifibot_gazebo/hook/ament_prefix_path.ps1'
[3.597s] [34mcolcon.colcon_core.shell[0m [1;30mINFO[0m Creating environment descriptor '/home/user/wifibot_ws/install/wifibot_gazebo/share/wifibot_gazebo/hook/ament_prefix_path.dsv'
[3.598s] [34mcolcon.colcon_core.shell[0m [1;30mINFO[0m Creating environment hook '/home/user/wifibot_ws/install/wifibot_gazebo/share/wifibot_gazebo/hook/ament_prefix_path.sh'
[3.600s] [34mcolcon.colcon_core.shell[0m [1;30mINFO[0m Skip shell extension 'powershell' for command environment: Not usable outside of PowerShell
[3.600s] [34mcolcon.colcon_core.shell[0m [1;30mDEBUG[0m [32mSkip shell extension 'dsv' for command environment[0m
[4.728s] [34mcolcon.colcon_core.task.python.build[0m [1;30mINFO[0m Building Python package in '/home/user/wifibot_ws/src/wifibot_description'
[4.729s] [34mcolcon.colcon_core.shell[0m [1;30mINFO[0m Skip shell extension 'powershell' for command environment: Not usable outside of PowerShell
[4.729s] [34mcolcon.colcon_core.shell[0m [1;30mDEBUG[0m [32mSkip shell extension 'dsv' for command environment[0m
[6.185s] [34mcolcon.colcon_core.task.python.build[0m [1;30mINFO[0m Building Python package in '/home/user/wifibot_ws/src/wifibot_gazebo'
[6.186s] [34mcolcon.colcon_core.shell[0m [1;30mINFO[0m Skip shell extension 'powershell' for command environment: Not usable outside of PowerShell
[6.186s] [34mcolcon.colcon_core.shell[0m [1;30mDEBUG[0m [32mSkip shell extension 'dsv' for command environment[0m
[8.764s] [34mcolcon.colcon_core.event_handler.log_command[0m [1;30mDEBUG[0m [32mInvoking command in '/home/user/wifibot_ws/build/wifibot_description': PYTHONPATH=/home/user/wifibot_ws/build/wifibot_description/prefix_override:/usr/lib/python3/dist-packages/colcon_core/task/python/colcon_distutils_commands:/home/user/wifibot_ws/install/wifibot_description/lib/python3.10/site-packages:${PYTHONPATH} /usr/bin/python3 -W ignore:setup.py install is deprecated -W ignore:easy_install command is deprecated setup.py develop --editable --build-directory /home/user/wifibot_ws/build/wifibot_description/build --no-deps symlink_data[0m
[8.817s] [34mcolcon.colcon_core.event_handler.log_command[0m [1;30mDEBUG[0m [32mInvoking command in '/home/user/wifibot_ws/build/wifibot_gazebo': PYTHONPATH=/home/user/wifibot_ws/build/wifibot_gazebo/prefix_override:/usr/lib/python3/dist-packages/colcon_core/task/python/colcon_distutils_commands:/home/user/wifibot_ws/install/wifibot_gazebo/lib/python3.10/site-packages:${PYTHONPATH} /usr/bin/python3 -W ignore:setup.py install is deprecated -W ignore:easy_install command is deprecated setup.py develop --editable --build-directory /home/user/wifibot_ws/build/wifibot_gazebo/build --no-deps symlink_data[0m
[11.424s] [34mcolcon.colcon_core.shell[0m [1;30mLevel 1[0m create_environment_hook('wifibot_gazebo', 'pythonpath_develop')
[11.432s] [34mcolcon.colcon_core.shell[0m [1;30mINFO[0m Creating environment hook '/home/user/wifibot_ws/build/wifibot_gazebo/share/wifibot_gazebo/hook/pythonpath_develop.ps1'
[11.433s] [34mcolcon.colcon_core.event_handler.log_command[0m [1;30mDEBUG[0m [32mInvoked command in '/home/user/wifibot_ws/build/wifibot_gazebo' returned '0': PYTHONPATH=/home/user/wifibot_ws/build/wifibot_gazebo/prefix_override:/usr/lib/python3/dist-packages/colcon_core/task/python/colcon_distutils_commands:/home/user/wifibot_ws/install/wifibot_gazebo/lib/python3.10/site-packages:${PYTHONPATH} /usr/bin/python3 -W ignore:setup.py install is deprecated -W ignore:easy_install command is deprecated setup.py develop --editable --build-directory /home/user/wifibot_ws/build/wifibot_gazebo/build --no-deps symlink_data[0m
[11.437s] [34mcolcon.colcon_core.shell[0m [1;30mINFO[0m Creating environment descriptor '/home/user/wifibot_ws/build/wifibot_gazebo/share/wifibot_gazebo/hook/pythonpath_develop.dsv'
[11.443s] [34mcolcon.colcon_core.shell[0m [1;30mINFO[0m Creating environment hook '/home/user/wifibot_ws/build/wifibot_gazebo/share/wifibot_gazebo/hook/pythonpath_develop.sh'
[11.503s] [34mcolcon.colcon_core.environment[0m [1;30mLevel 1[0m checking '/home/user/wifibot_ws/install/wifibot_gazebo' for CMake module files
[11.504s] [34mcolcon.colcon_core.environment[0m [1;30mLevel 1[0m checking '/home/user/wifibot_ws/install/wifibot_gazebo' for CMake config files
[11.506s] [34mcolcon.colcon_core.environment[0m [1;30mLevel 1[0m checking '/home/user/wifibot_ws/install/wifibot_gazebo/lib'
[11.507s] [34mcolcon.colcon_core.environment[0m [1;30mLevel 1[0m checking '/home/user/wifibot_ws/install/wifibot_gazebo/bin'
[11.515s] [34mcolcon.colcon_core.environment[0m [1;30mLevel 1[0m checking '/home/user/wifibot_ws/install/wifibot_gazebo/lib/pkgconfig/wifibot_gazebo.pc'
[11.516s] [34mcolcon.colcon_core.environment[0m [1;30mLevel 1[0m checking '/home/user/wifibot_ws/install/wifibot_gazebo/lib/python3.10/site-packages'
[11.516s] [34mcolcon.colcon_core.shell[0m [1;30mLevel 1[0m create_environment_hook('wifibot_gazebo', 'pythonpath')
[11.518s] [34mcolcon.colcon_core.shell[0m [1;30mINFO[0m Creating environment hook '/home/user/wifibot_ws/install/wifibot_gazebo/share/wifibot_gazebo/hook/pythonpath.ps1'
[11.541s] [34mcolcon.colcon_core.shell[0m [1;30mINFO[0m Creating environment descriptor '/home/user/wifibot_ws/install/wifibot_gazebo/share/wifibot_gazebo/hook/pythonpath.dsv'
[11.546s] [34mcolcon.colcon_core.shell[0m [1;30mINFO[0m Creating environment hook '/home/user/wifibot_ws/install/wifibot_gazebo/share/wifibot_gazebo/hook/pythonpath.sh'
[11.553s] [34mcolcon.colcon_core.environment[0m [1;30mLevel 1[0m checking '/home/user/wifibot_ws/install/wifibot_gazebo/bin'
[11.553s] [34mcolcon.colcon_core.environment[0m [1;30mLevel 1[0m create_environment_scripts_only(wifibot_gazebo)
[11.558s] [34mcolcon.colcon_core.shell[0m [1;30mINFO[0m Creating package script '/home/user/wifibot_ws/install/wifibot_gazebo/share/wifibot_gazebo/package.ps1'
[11.583s] [34mcolcon.colcon_core.shell[0m [1;30mINFO[0m Creating package descriptor '/home/user/wifibot_ws/install/wifibot_gazebo/share/wifibot_gazebo/package.dsv'
[11.596s] [34mcolcon.colcon_core.shell[0m [1;30mINFO[0m Creating package script '/home/user/wifibot_ws/install/wifibot_gazebo/share/wifibot_gazebo/package.sh'
[11.603s] [34mcolcon.colcon_core.shell[0m [1;30mINFO[0m Creating package script '/home/user/wifibot_ws/install/wifibot_gazebo/share/wifibot_gazebo/package.bash'
[11.608s] [34mcolcon.colcon_core.shell[0m [1;30mINFO[0m Creating package script '/home/user/wifibot_ws/install/wifibot_gazebo/share/wifibot_gazebo/package.zsh'
[11.620s] [34mcolcon.colcon_core.environment[0m [1;30mLevel 1[0m create_file_with_runtime_dependencies(/home/user/wifibot_ws/install/wifibot_gazebo/share/colcon-core/packages/wifibot_gazebo)
[11.630s] [34mcolcon.colcon_core.shell[0m [1;30mLevel 1[0m create_environment_hook('wifibot_description', 'pythonpath_develop')
[11.633s] [34mcolcon.colcon_core.shell[0m [1;30mINFO[0m Creating environment hook '/home/user/wifibot_ws/build/wifibot_description/share/wifibot_description/hook/pythonpath_develop.ps1'
[11.635s] [34mcolcon.colcon_core.shell[0m [1;30mINFO[0m Creating environment descriptor '/home/user/wifibot_ws/build/wifibot_description/share/wifibot_description/hook/pythonpath_develop.dsv'
[11.635s] [34mcolcon.colcon_core.shell[0m [1;30mINFO[0m Creating environment hook '/home/user/wifibot_ws/build/wifibot_description/share/wifibot_description/hook/pythonpath_develop.sh'
[11.637s] [34mcolcon.colcon_core.event_handler.log_command[0m [1;30mDEBUG[0m [32mInvoked command in '/home/user/wifibot_ws/build/wifibot_description' returned '0': PYTHONPATH=/home/user/wifibot_ws/build/wifibot_description/prefix_override:/usr/lib/python3/dist-packages/colcon_core/task/python/colcon_distutils_commands:/home/user/wifibot_ws/install/wifibot_description/lib/python3.10/site-packages:${PYTHONPATH} /usr/bin/python3 -W ignore:setup.py install is deprecated -W ignore:easy_install command is deprecated setup.py develop --editable --build-directory /home/user/wifibot_ws/build/wifibot_description/build --no-deps symlink_data[0m
[11.639s] [34mcolcon.colcon_core.environment[0m [1;30mLevel 1[0m checking '/home/user/wifibot_ws/install/wifibot_description' for CMake module files
[11.640s] [34mcolcon.colcon_core.environment[0m [1;30mLevel 1[0m checking '/home/user/wifibot_ws/install/wifibot_description' for CMake config files
[11.646s] [34mcolcon.colcon_core.environment[0m [1;30mLevel 1[0m checking '/home/user/wifibot_ws/install/wifibot_description/lib'
[11.647s] [34mcolcon.colcon_core.environment[0m [1;30mLevel 1[0m checking '/home/user/wifibot_ws/install/wifibot_description/bin'
[11.648s] [34mcolcon.colcon_core.environment[0m [1;30mLevel 1[0m checking '/home/user/wifibot_ws/install/wifibot_description/lib/pkgconfig/wifibot_description.pc'
[11.649s] [34mcolcon.colcon_core.environment[0m [1;30mLevel 1[0m checking '/home/user/wifibot_ws/install/wifibot_description/lib/python3.10/site-packages'
[11.650s] [34mcolcon.colcon_core.shell[0m [1;30mLevel 1[0m create_environment_hook('wifibot_description', 'pythonpath')
[11.651s] [34mcolcon.colcon_core.shell[0m [1;30mINFO[0m Creating environment hook '/home/user/wifibot_ws/install/wifibot_description/share/wifibot_description/hook/pythonpath.ps1'
[11.654s] [34mcolcon.colcon_core.shell[0m [1;30mINFO[0m Creating environment descriptor '/home/user/wifibot_ws/install/wifibot_description/share/wifibot_description/hook/pythonpath.dsv'
[11.655s] [34mcolcon.colcon_core.shell[0m [1;30mINFO[0m Creating environment hook '/home/user/wifibot_ws/install/wifibot_description/share/wifibot_description/hook/pythonpath.sh'
[11.657s] [34mcolcon.colcon_core.environment[0m [1;30mLevel 1[0m checking '/home/user/wifibot_ws/install/wifibot_description/bin'
[11.658s] [34mcolcon.colcon_core.environment[0m [1;30mLevel 1[0m create_environment_scripts_only(wifibot_description)
[11.659s] [34mcolcon.colcon_core.shell[0m [1;30mINFO[0m Creating package script '/home/user/wifibot_ws/install/wifibot_description/share/wifibot_description/package.ps1'
[11.663s] [34mcolcon.colcon_core.shell[0m [1;30mINFO[0m Creating package descriptor '/home/user/wifibot_ws/install/wifibot_description/share/wifibot_description/package.dsv'
[11.665s] [34mcolcon.colcon_core.shell[0m [1;30mINFO[0m Creating package script '/home/user/wifibot_ws/install/wifibot_description/share/wifibot_description/package.sh'
[11.668s] [34mcolcon.colcon_core.shell[0m [1;30mINFO[0m Creating package script '/home/user/wifibot_ws/install/wifibot_description/share/wifibot_description/package.bash'
[11.670s] [34mcolcon.colcon_core.shell[0m [1;30mINFO[0m Creating package script '/home/user/wifibot_ws/install/wifibot_description/share/wifibot_description/package.zsh'
[11.671s] [34mcolcon.colcon_core.environment[0m [1;30mLevel 1[0m create_file_with_runtime_dependencies(/home/user/wifibot_ws/install/wifibot_description/share/colcon-core/packages/wifibot_description)
[11.674s] [34mcolcon.colcon_parallel_executor.executor.parallel[0m [1;30mDEBUG[0m [32mclosing loop[0m
[11.675s] [34mcolcon.colcon_parallel_executor.executor.parallel[0m [1;30mDEBUG[0m [32mloop closed[0m
[11.675s] [34mcolcon.colcon_parallel_executor.executor.parallel[0m [1;30mDEBUG[0m [32mrun_until_complete finished with '0'[0m
[11.675s] [34mcolcon.colcon_core.event_reactor[0m [1;30mDEBUG[0m [32mjoining thread[0m
[11.701s] [34mcolcon.colcon_core.plugin_system[0m [1;30mINFO[0m Skipping extension 'colcon_notification.desktop_notification.terminal_notifier': Not used on non-Darwin systems
[11.701s] [34mcolcon.colcon_core.plugin_system[0m [1;30mINFO[0m Skipping extension 'colcon_notification.desktop_notification.win32': Not used on non-Windows systems
[11.701s] [34mcolcon.colcon_notification.desktop_notification[0m [1;30mINFO[0m Sending desktop notification using 'notify2'
[11.767s] [34mcolcon.colcon_core.event_reactor[0m [1;30mDEBUG[0m [32mjoined thread[0m
[11.768s] [34mcolcon.colcon_core.shell[0m [1;30mINFO[0m Creating prefix script '/home/user/wifibot_ws/install/local_setup.ps1'
[11.771s] [34mcolcon.colcon_core.shell[0m [1;30mINFO[0m Creating prefix util module '/home/user/wifibot_ws/install/_local_setup_util_ps1.py'
[11.783s] [34mcolcon.colcon_core.shell[0m [1;30mINFO[0m Creating prefix chain script '/home/user/wifibot_ws/install/setup.ps1'
[11.788s] [34mcolcon.colcon_core.shell[0m [1;30mINFO[0m Creating prefix script '/home/user/wifibot_ws/install/local_setup.sh'
[11.793s] [34mcolcon.colcon_core.shell[0m [1;30mINFO[0m Creating prefix util module '/home/user/wifibot_ws/install/_local_setup_util_sh.py'
[11.803s] [34mcolcon.colcon_core.shell[0m [1;30mINFO[0m Creating prefix chain script '/home/user/wifibot_ws/install/setup.sh'
[11.824s] [34mcolcon.colcon_core.shell[0m [1;30mINFO[0m Creating prefix script '/home/user/wifibot_ws/install/local_setup.bash'
[11.835s] [34mcolcon.colcon_core.shell[0m [1;30mINFO[0m Creating prefix chain script '/home/user/wifibot_ws/install/setup.bash'
[11.848s] [34mcolcon.colcon_core.shell[0m [1;30mINFO[0m Creating prefix script '/home/user/wifibot_ws/install/local_setup.zsh'
[11.863s] [34mcolcon.colcon_core.shell[0m [1;30mINFO[0m Creating prefix chain script '/home/user/wifibot_ws/install/setup.zsh'
