running develop
running egg_info
creating wifibot_patrol.egg-info
writing wifibot_patrol.egg-info/PKG-INFO
writing dependency_links to wifibot_patrol.egg-info/dependency_links.txt
writing entry points to wifibot_patrol.egg-info/entry_points.txt
writing requirements to wifibot_patrol.egg-info/requires.txt
writing top-level names to wifibot_patrol.egg-info/top_level.txt
writing manifest file 'wifibot_patrol.egg-info/SOURCES.txt'
reading manifest file 'wifibot_patrol.egg-info/SOURCES.txt'
writing manifest file 'wifibot_patrol.egg-info/SOURCES.txt'
running build_ext
Creating /home/user/wifibot_ws/install/wifibot_patrol/lib/python3.10/site-packages/wifibot-patrol.egg-link (link to .)
Installing path_follower script to /home/user/wifibot_ws/install/wifibot_patrol/lib/wifibot_patrol
Installing patrol_node script to /home/user/wifibot_ws/install/wifibot_patrol/lib/wifibot_patrol

Installed /home/user/wifibot_ws/build/wifibot_patrol
running symlink_data
creating /home/user/wifibot_ws/install/wifibot_patrol/share/ament_index
creating /home/user/wifibot_ws/install/wifibot_patrol/share/ament_index/resource_index
creating /home/user/wifibot_ws/install/wifibot_patrol/share/ament_index/resource_index/packages
symbolically linking /home/user/wifibot_ws/build/wifibot_patrol/resource/wifibot_patrol -> /home/user/wifibot_ws/install/wifibot_patrol/share/ament_index/resource_index/packages
symbolically linking /home/user/wifibot_ws/build/wifibot_patrol/package.xml -> /home/user/wifibot_ws/install/wifibot_patrol/share/wifibot_patrol
